<?xml version="1.0"?>
<link_info>
   <banner>TI ARM Linker PC v16.9.1.LTS</banner>
   <copyright>Copyright (c) 1996-2015 Texas Instruments Incorporated</copyright>
   <link_time>0x593b6b46</link_time>
   <link_errors>0x0</link_errors>
   <output_file>Lab6.out</output_file>
   <entry_point>
      <name>_c_int00</name>
      <address>0x2000fddd</address>
   </entry_point>
   <input_file_list>
      <input_file id="fl-2">
         <path>.\</path>
         <kind>object</kind>
         <file>Adafruit_GFX.obj</file>
         <name>Adafruit_GFX.obj</name>
      </input_file>
      <input_file id="fl-3">
         <path>.\</path>
         <kind>object</kind>
         <file>Adafruit_OLED.obj</file>
         <name>Adafruit_OLED.obj</name>
      </input_file>
      <input_file id="fl-4">
         <path>.\</path>
         <kind>object</kind>
         <file>gpio_if.obj</file>
         <name>gpio_if.obj</name>
      </input_file>
      <input_file id="fl-5">
         <path>.\</path>
         <kind>object</kind>
         <file>i2c_if.obj</file>
         <name>i2c_if.obj</name>
      </input_file>
      <input_file id="fl-6">
         <path>.\</path>
         <kind>object</kind>
         <file>main.obj</file>
         <name>main.obj</name>
      </input_file>
      <input_file id="fl-7">
         <path>.\</path>
         <kind>object</kind>
         <file>network_common.obj</file>
         <name>network_common.obj</name>
      </input_file>
      <input_file id="fl-8">
         <path>.\</path>
         <kind>object</kind>
         <file>pinmux.obj</file>
         <name>pinmux.obj</name>
      </input_file>
      <input_file id="fl-9">
         <path>.\</path>
         <kind>object</kind>
         <file>startup_ccs.obj</file>
         <name>startup_ccs.obj</name>
      </input_file>
      <input_file id="fl-a">
         <path>.\</path>
         <kind>object</kind>
         <file>timer_if.obj</file>
         <name>timer_if.obj</name>
      </input_file>
      <input_file id="fl-b">
         <path>.\</path>
         <kind>object</kind>
         <file>uart_if.obj</file>
         <name>uart_if.obj</name>
      </input_file>
      <input_file id="fl-c7">
         <path>C:\ti\ccsv7\tools\compiler\ti-cgt-arm_16.9.1.LTS\lib\</path>
         <kind>archive</kind>
         <file>rtsv7M4_T_le_eabi.lib</file>
         <name>boot.obj</name>
      </input_file>
      <input_file id="fl-c8">
         <path>C:\ti\ccsv7\tools\compiler\ti-cgt-arm_16.9.1.LTS\lib\</path>
         <kind>archive</kind>
         <file>rtsv7M4_T_le_eabi.lib</file>
         <name>copy_decompress_lzss.obj</name>
      </input_file>
      <input_file id="fl-c9">
         <path>C:\ti\ccsv7\tools\compiler\ti-cgt-arm_16.9.1.LTS\lib\</path>
         <kind>archive</kind>
         <file>rtsv7M4_T_le_eabi.lib</file>
         <name>copy_decompress_none.obj</name>
      </input_file>
      <input_file id="fl-ca">
         <path>C:\ti\ccsv7\tools\compiler\ti-cgt-arm_16.9.1.LTS\lib\</path>
         <kind>archive</kind>
         <file>rtsv7M4_T_le_eabi.lib</file>
         <name>copy_zero_init.obj</name>
      </input_file>
      <input_file id="fl-cb">
         <path>C:\ti\ccsv7\tools\compiler\ti-cgt-arm_16.9.1.LTS\lib\</path>
         <kind>archive</kind>
         <file>rtsv7M4_T_le_eabi.lib</file>
         <name>exit.obj</name>
      </input_file>
      <input_file id="fl-cc">
         <path>C:\ti\ccsv7\tools\compiler\ti-cgt-arm_16.9.1.LTS\lib\</path>
         <kind>archive</kind>
         <file>rtsv7M4_T_le_eabi.lib</file>
         <name>memcpy_t2.obj</name>
      </input_file>
      <input_file id="fl-cd">
         <path>C:\ti\ccsv7\tools\compiler\ti-cgt-arm_16.9.1.LTS\lib\</path>
         <kind>archive</kind>
         <file>rtsv7M4_T_le_eabi.lib</file>
         <name>memmov.obj</name>
      </input_file>
      <input_file id="fl-ce">
         <path>C:\ti\ccsv7\tools\compiler\ti-cgt-arm_16.9.1.LTS\lib\</path>
         <kind>archive</kind>
         <file>rtsv7M4_T_le_eabi.lib</file>
         <name>memory.obj</name>
      </input_file>
      <input_file id="fl-cf">
         <path>C:\ti\ccsv7\tools\compiler\ti-cgt-arm_16.9.1.LTS\lib\</path>
         <kind>archive</kind>
         <file>rtsv7M4_T_le_eabi.lib</file>
         <name>memset_t2.obj</name>
      </input_file>
      <input_file id="fl-d0">
         <path>C:\ti\ccsv7\tools\compiler\ti-cgt-arm_16.9.1.LTS\lib\</path>
         <kind>archive</kind>
         <file>rtsv7M4_T_le_eabi.lib</file>
         <name>mpu_init.obj</name>
      </input_file>
      <input_file id="fl-d1">
         <path>C:\ti\ccsv7\tools\compiler\ti-cgt-arm_16.9.1.LTS\lib\</path>
         <kind>archive</kind>
         <file>rtsv7M4_T_le_eabi.lib</file>
         <name>pre_init.obj</name>
      </input_file>
      <input_file id="fl-d2">
         <path>C:\ti\ccsv7\tools\compiler\ti-cgt-arm_16.9.1.LTS\lib\</path>
         <kind>archive</kind>
         <file>rtsv7M4_T_le_eabi.lib</file>
         <name>sprintf.obj</name>
      </input_file>
      <input_file id="fl-d3">
         <path>C:\ti\ccsv7\tools\compiler\ti-cgt-arm_16.9.1.LTS\lib\</path>
         <kind>archive</kind>
         <file>rtsv7M4_T_le_eabi.lib</file>
         <name>stkdepth_vars.obj</name>
      </input_file>
      <input_file id="fl-d4">
         <path>C:\ti\ccsv7\tools\compiler\ti-cgt-arm_16.9.1.LTS\lib\</path>
         <kind>archive</kind>
         <file>rtsv7M4_T_le_eabi.lib</file>
         <name>strcpy.obj</name>
      </input_file>
      <input_file id="fl-d5">
         <path>C:\ti\ccsv7\tools\compiler\ti-cgt-arm_16.9.1.LTS\lib\</path>
         <kind>archive</kind>
         <file>rtsv7M4_T_le_eabi.lib</file>
         <name>strlen.obj</name>
      </input_file>
      <input_file id="fl-d6">
         <path>C:\ti\ccsv7\tools\compiler\ti-cgt-arm_16.9.1.LTS\lib\</path>
         <kind>archive</kind>
         <file>rtsv7M4_T_le_eabi.lib</file>
         <name>vsnprintf.obj</name>
      </input_file>
      <input_file id="fl-d7">
         <path>C:\ti\ccsv7\tools\compiler\ti-cgt-arm_16.9.1.LTS\lib\</path>
         <kind>archive</kind>
         <file>rtsv7M4_T_le_eabi.lib</file>
         <name>_lock.obj</name>
      </input_file>
      <input_file id="fl-d8">
         <path>C:\ti\ccsv7\tools\compiler\ti-cgt-arm_16.9.1.LTS\lib\</path>
         <kind>archive</kind>
         <file>rtsv7M4_T_le_eabi.lib</file>
         <name>_printfi.obj</name>
      </input_file>
      <input_file id="fl-d9">
         <path>C:\ti\ccsv7\tools\compiler\ti-cgt-arm_16.9.1.LTS\lib\</path>
         <kind>archive</kind>
         <file>rtsv7M4_T_le_eabi.lib</file>
         <name>args_main.obj</name>
      </input_file>
      <input_file id="fl-da">
         <path>C:\ti\ccsv7\tools\compiler\ti-cgt-arm_16.9.1.LTS\lib\</path>
         <kind>archive</kind>
         <file>rtsv7M4_T_le_eabi.lib</file>
         <name>atoi.obj</name>
      </input_file>
      <input_file id="fl-db">
         <path>C:\ti\ccsv7\tools\compiler\ti-cgt-arm_16.9.1.LTS\lib\</path>
         <kind>archive</kind>
         <file>rtsv7M4_T_le_eabi.lib</file>
         <name>autoinit.obj</name>
      </input_file>
      <input_file id="fl-dc">
         <path>C:\ti\ccsv7\tools\compiler\ti-cgt-arm_16.9.1.LTS\lib\</path>
         <kind>archive</kind>
         <file>rtsv7M4_T_le_eabi.lib</file>
         <name>cpy_tbl.obj</name>
      </input_file>
      <input_file id="fl-dd">
         <path>C:\ti\ccsv7\tools\compiler\ti-cgt-arm_16.9.1.LTS\lib\</path>
         <kind>archive</kind>
         <file>rtsv7M4_T_le_eabi.lib</file>
         <name>ctype.obj</name>
      </input_file>
      <input_file id="fl-de">
         <path>C:\ti\ccsv7\tools\compiler\ti-cgt-arm_16.9.1.LTS\lib\</path>
         <kind>archive</kind>
         <file>rtsv7M4_T_le_eabi.lib</file>
         <name>fd_add_t2.obj</name>
      </input_file>
      <input_file id="fl-df">
         <path>C:\ti\ccsv7\tools\compiler\ti-cgt-arm_16.9.1.LTS\lib\</path>
         <kind>archive</kind>
         <file>rtsv7M4_T_le_eabi.lib</file>
         <name>fd_cmp_t2.obj</name>
      </input_file>
      <input_file id="fl-e0">
         <path>C:\ti\ccsv7\tools\compiler\ti-cgt-arm_16.9.1.LTS\lib\</path>
         <kind>archive</kind>
         <file>rtsv7M4_T_le_eabi.lib</file>
         <name>fd_div_t2.obj</name>
      </input_file>
      <input_file id="fl-e1">
         <path>C:\ti\ccsv7\tools\compiler\ti-cgt-arm_16.9.1.LTS\lib\</path>
         <kind>archive</kind>
         <file>rtsv7M4_T_le_eabi.lib</file>
         <name>fd_mul_t2.obj</name>
      </input_file>
      <input_file id="fl-e2">
         <path>C:\ti\ccsv7\tools\compiler\ti-cgt-arm_16.9.1.LTS\lib\</path>
         <kind>archive</kind>
         <file>rtsv7M4_T_le_eabi.lib</file>
         <name>fd_toi_t2.obj</name>
      </input_file>
      <input_file id="fl-e3">
         <path>C:\ti\ccsv7\tools\compiler\ti-cgt-arm_16.9.1.LTS\lib\</path>
         <kind>archive</kind>
         <file>rtsv7M4_T_le_eabi.lib</file>
         <name>i_tofd_t2.obj</name>
      </input_file>
      <input_file id="fl-e4">
         <path>C:\ti\ccsv7\tools\compiler\ti-cgt-arm_16.9.1.LTS\lib\</path>
         <kind>archive</kind>
         <file>rtsv7M4_T_le_eabi.lib</file>
         <name>ltoa.obj</name>
      </input_file>
      <input_file id="fl-e5">
         <path>C:\ti\ccsv7\tools\compiler\ti-cgt-arm_16.9.1.LTS\lib\</path>
         <kind>archive</kind>
         <file>rtsv7M4_T_le_eabi.lib</file>
         <name>memccpy.obj</name>
      </input_file>
      <input_file id="fl-e6">
         <path>C:\ti\ccsv7\tools\compiler\ti-cgt-arm_16.9.1.LTS\lib\</path>
         <kind>archive</kind>
         <file>rtsv7M4_T_le_eabi.lib</file>
         <name>s_frexp.obj</name>
      </input_file>
      <input_file id="fl-e7">
         <path>C:\ti\ccsv7\tools\compiler\ti-cgt-arm_16.9.1.LTS\lib\</path>
         <kind>archive</kind>
         <file>rtsv7M4_T_le_eabi.lib</file>
         <name>s_scalbn.obj</name>
      </input_file>
      <input_file id="fl-e8">
         <path>C:\ti\ccsv7\tools\compiler\ti-cgt-arm_16.9.1.LTS\lib\</path>
         <kind>archive</kind>
         <file>rtsv7M4_T_le_eabi.lib</file>
         <name>startup.obj</name>
      </input_file>
      <input_file id="fl-e9">
         <path>C:\ti\ccsv7\tools\compiler\ti-cgt-arm_16.9.1.LTS\lib\</path>
         <kind>archive</kind>
         <file>rtsv7M4_T_le_eabi.lib</file>
         <name>strchr.obj</name>
      </input_file>
      <input_file id="fl-ea">
         <path>C:\ti\ccsv7\tools\compiler\ti-cgt-arm_16.9.1.LTS\lib\</path>
         <kind>archive</kind>
         <file>rtsv7M4_T_le_eabi.lib</file>
         <name>ull_div_t2.obj</name>
      </input_file>
      <input_file id="fl-eb">
         <path>C:\ti\ccsv7\tools\compiler\ti-cgt-arm_16.9.1.LTS\lib\</path>
         <kind>archive</kind>
         <file>rtsv7M4_T_le_eabi.lib</file>
         <name>errno.obj</name>
      </input_file>
      <input_file id="fl-ec">
         <path>C:\ti\ccsv7\tools\compiler\ti-cgt-arm_16.9.1.LTS\lib\</path>
         <kind>archive</kind>
         <file>rtsv7M4_T_le_eabi.lib</file>
         <name>s_copysign.obj</name>
      </input_file>
      <input_file id="fl-ed">
         <path>C:\ti\CC3200SDK_1.3.0\cc3200-sdk\driverlib\ccs\Release\</path>
         <kind>archive</kind>
         <file>driverlib.a</file>
         <name>gpio.obj</name>
      </input_file>
      <input_file id="fl-ee">
         <path>C:\ti\CC3200SDK_1.3.0\cc3200-sdk\driverlib\ccs\Release\</path>
         <kind>archive</kind>
         <file>driverlib.a</file>
         <name>i2c.obj</name>
      </input_file>
      <input_file id="fl-ef">
         <path>C:\ti\CC3200SDK_1.3.0\cc3200-sdk\driverlib\ccs\Release\</path>
         <kind>archive</kind>
         <file>driverlib.a</file>
         <name>interrupt.obj</name>
      </input_file>
      <input_file id="fl-f0">
         <path>C:\ti\CC3200SDK_1.3.0\cc3200-sdk\driverlib\ccs\Release\</path>
         <kind>archive</kind>
         <file>driverlib.a</file>
         <name>pin.obj</name>
      </input_file>
      <input_file id="fl-f1">
         <path>C:\ti\CC3200SDK_1.3.0\cc3200-sdk\driverlib\ccs\Release\</path>
         <kind>archive</kind>
         <file>driverlib.a</file>
         <name>prcm.obj</name>
      </input_file>
      <input_file id="fl-f2">
         <path>C:\ti\CC3200SDK_1.3.0\cc3200-sdk\driverlib\ccs\Release\</path>
         <kind>archive</kind>
         <file>driverlib.a</file>
         <name>spi.obj</name>
      </input_file>
      <input_file id="fl-f3">
         <path>C:\ti\CC3200SDK_1.3.0\cc3200-sdk\driverlib\ccs\Release\</path>
         <kind>archive</kind>
         <file>driverlib.a</file>
         <name>timer.obj</name>
      </input_file>
      <input_file id="fl-f4">
         <path>C:\ti\CC3200SDK_1.3.0\cc3200-sdk\driverlib\ccs\Release\</path>
         <kind>archive</kind>
         <file>driverlib.a</file>
         <name>uart.obj</name>
      </input_file>
      <input_file id="fl-f5">
         <path>C:\ti\CC3200SDK_1.3.0\cc3200-sdk\driverlib\ccs\Release\</path>
         <kind>archive</kind>
         <file>driverlib.a</file>
         <name>utils.obj</name>
      </input_file>
      <input_file id="fl-f6">
         <path>C:\ti\CC3200SDK_1.3.0\cc3200-sdk\driverlib\ccs\Release\</path>
         <kind>archive</kind>
         <file>driverlib.a</file>
         <name>cpu.obj</name>
      </input_file>
      <input_file id="fl-f7">
         <path>C:\ti\CC3200SDK_1.3.0\cc3200-sdk\driverlib\ccs\Release\</path>
         <kind>archive</kind>
         <file>driverlib.a</file>
         <name>flash.obj</name>
      </input_file>
      <input_file id="fl-f8">
         <path>C:\ti\CC3200SDK_1.3.0\cc3200-sdk\simplelink\ccs\NON_OS\</path>
         <kind>archive</kind>
         <file>simplelink.a</file>
         <name>device.obj</name>
      </input_file>
      <input_file id="fl-f9">
         <path>C:\ti\CC3200SDK_1.3.0\cc3200-sdk\simplelink\ccs\NON_OS\</path>
         <kind>archive</kind>
         <file>simplelink.a</file>
         <name>driver.obj</name>
      </input_file>
      <input_file id="fl-fa">
         <path>C:\ti\CC3200SDK_1.3.0\cc3200-sdk\simplelink\ccs\NON_OS\</path>
         <kind>archive</kind>
         <file>simplelink.a</file>
         <name>netapp.obj</name>
      </input_file>
      <input_file id="fl-fb">
         <path>C:\ti\CC3200SDK_1.3.0\cc3200-sdk\simplelink\ccs\NON_OS\</path>
         <kind>archive</kind>
         <file>simplelink.a</file>
         <name>netcfg.obj</name>
      </input_file>
      <input_file id="fl-fc">
         <path>C:\ti\CC3200SDK_1.3.0\cc3200-sdk\simplelink\ccs\NON_OS\</path>
         <kind>archive</kind>
         <file>simplelink.a</file>
         <name>nonos.obj</name>
      </input_file>
      <input_file id="fl-fd">
         <path>C:\ti\CC3200SDK_1.3.0\cc3200-sdk\simplelink\ccs\NON_OS\</path>
         <kind>archive</kind>
         <file>simplelink.a</file>
         <name>socket.obj</name>
      </input_file>
      <input_file id="fl-fe">
         <path>C:\ti\CC3200SDK_1.3.0\cc3200-sdk\simplelink\ccs\NON_OS\</path>
         <kind>archive</kind>
         <file>simplelink.a</file>
         <name>wlan.obj</name>
      </input_file>
      <input_file id="fl-ff">
         <path>C:\ti\CC3200SDK_1.3.0\cc3200-sdk\simplelink\ccs\NON_OS\</path>
         <kind>archive</kind>
         <file>simplelink.a</file>
         <name>cc_pal.obj</name>
      </input_file>
      <input_file id="fl-100">
         <path>C:\ti\CC3200SDK_1.3.0\cc3200-sdk\driverlib\ccs\Release\</path>
         <kind>archive</kind>
         <file>driverlib.a</file>
         <name>udma.obj</name>
      </input_file>
   </input_file_list>
   <object_component_list>
      <object_component id="oc-f">
         <name>.intvecs</name>
         <load_address>0x20004000</load_address>
         <run_address>0x20004000</run_address>
         <size>0x400</size>
         <input_file_ref idref="fl-9"/>
      </object_component>
      <object_component id="oc-a8">
         <name>.text</name>
         <load_address>0x20004400</load_address>
         <run_address>0x20004400</run_address>
         <size>0x371c</size>
         <input_file_ref idref="fl-6"/>
      </object_component>
      <object_component id="oc-515">
         <name>.text</name>
         <load_address>0x20007b1c</load_address>
         <run_address>0x20007b1c</run_address>
         <size>0x1122</size>
         <input_file_ref idref="fl-d8"/>
      </object_component>
      <object_component id="oc-737">
         <name>.text:IntDefaultHandler</name>
         <load_address>0x20008c3e</load_address>
         <run_address>0x20008c3e</run_address>
         <size>0x2</size>
         <input_file_ref idref="fl-ef"/>
      </object_component>
      <object_component id="oc-f6">
         <name>.text</name>
         <load_address>0x20008c40</load_address>
         <run_address>0x20008c40</run_address>
         <size>0xa80</size>
         <input_file_ref idref="fl-2"/>
      </object_component>
      <object_component id="oc-782">
         <name>.text:_SlDrvMsgRead</name>
         <load_address>0x200096c0</load_address>
         <run_address>0x200096c0</run_address>
         <size>0x590</size>
         <input_file_ref idref="fl-f9"/>
      </object_component>
      <object_component id="oc-d8">
         <name>.text</name>
         <load_address>0x20009c50</load_address>
         <run_address>0x20009c50</run_address>
         <size>0x4aa</size>
         <input_file_ref idref="fl-3"/>
      </object_component>
      <object_component id="oc-59">
         <name>.text</name>
         <load_address>0x2000a0fa</load_address>
         <run_address>0x2000a0fa</run_address>
         <size>0x2</size>
         <input_file_ref idref="fl-d0"/>
      </object_component>
      <object_component id="oc-341">
         <name>.text</name>
         <load_address>0x2000a0fc</load_address>
         <run_address>0x2000a0fc</run_address>
         <size>0x3d0</size>
         <input_file_ref idref="fl-ce"/>
      </object_component>
      <object_component id="oc-1a1">
         <name>.text</name>
         <load_address>0x2000a4cc</load_address>
         <run_address>0x2000a4cc</run_address>
         <size>0x398</size>
         <input_file_ref idref="fl-4"/>
      </object_component>
      <object_component id="oc-20f">
         <name>.text</name>
         <load_address>0x2000a864</load_address>
         <run_address>0x2000a864</run_address>
         <size>0x284</size>
         <input_file_ref idref="fl-5"/>
      </object_component>
      <object_component id="oc-129">
         <name>.text</name>
         <load_address>0x2000aae8</load_address>
         <run_address>0x2000aae8</run_address>
         <size>0x280</size>
         <input_file_ref idref="fl-b"/>
      </object_component>
      <object_component id="oc-19b">
         <name>.text:sl_WlanConnect</name>
         <load_address>0x2000ad68</load_address>
         <run_address>0x2000ad68</run_address>
         <size>0x27c</size>
         <input_file_ref idref="fl-fe"/>
      </object_component>
      <object_component id="oc-7ef">
         <name>.text:_SlDrvRxHdrRead</name>
         <load_address>0x2000afe4</load_address>
         <run_address>0x2000afe4</run_address>
         <size>0x24c</size>
         <input_file_ref idref="fl-f9"/>
      </object_component>
      <object_component id="oc-6be">
         <name>.text</name>
         <load_address>0x2000b230</load_address>
         <run_address>0x2000b230</run_address>
         <size>0x1f4</size>
         <input_file_ref idref="fl-ea"/>
      </object_component>
      <object_component id="oc-531">
         <name>.text:_SlDrvDataReadOp</name>
         <load_address>0x2000b424</load_address>
         <run_address>0x2000b424</run_address>
         <size>0x1e4</size>
         <input_file_ref idref="fl-f9"/>
      </object_component>
      <object_component id="oc-382">
         <name>.text:_SlDrvReleasePoolObj</name>
         <load_address>0x2000b608</load_address>
         <run_address>0x2000b608</run_address>
         <size>0x1d0</size>
         <input_file_ref idref="fl-f9"/>
      </object_component>
      <object_component id="oc-6e7">
         <name>.text</name>
         <load_address>0x2000b7d8</load_address>
         <run_address>0x2000b7d8</run_address>
         <size>0x1b6</size>
         <input_file_ref idref="fl-de"/>
      </object_component>
      <object_component id="oc-a0">
         <name>.text</name>
         <load_address>0x2000b98e</load_address>
         <run_address>0x2000b98e</run_address>
         <size>0x2</size>
         <input_file_ref idref="fl-e8"/>
      </object_component>
      <object_component id="oc-358">
         <name>.text:_SlDrvDriverCBInit</name>
         <load_address>0x2000b990</load_address>
         <run_address>0x2000b990</run_address>
         <size>0x1b4</size>
         <input_file_ref idref="fl-f9"/>
      </object_component>
      <object_component id="oc-623">
         <name>.text:_SlDrvMsgWrite</name>
         <load_address>0x2000bb44</load_address>
         <run_address>0x2000bb44</run_address>
         <size>0x19c</size>
         <input_file_ref idref="fl-f9"/>
      </object_component>
      <object_component id="oc-10b">
         <name>.text</name>
         <load_address>0x2000bce0</load_address>
         <run_address>0x2000bce0</run_address>
         <size>0x198</size>
         <input_file_ref idref="fl-a"/>
      </object_component>
      <object_component id="oc-45b">
         <name>.text:_SlDrvWaitForPoolObj</name>
         <load_address>0x2000be78</load_address>
         <run_address>0x2000be78</run_address>
         <size>0x190</size>
         <input_file_ref idref="fl-f9"/>
      </object_component>
      <object_component id="oc-1d8">
         <name>.text:sl_Connect</name>
         <load_address>0x2000c008</load_address>
         <run_address>0x2000c008</run_address>
         <size>0x18c</size>
         <input_file_ref idref="fl-fd"/>
      </object_component>
      <object_component id="oc-195">
         <name>.text:PRCMCC3200MCUInit</name>
         <load_address>0x2000c194</load_address>
         <run_address>0x2000c194</run_address>
         <size>0x178</size>
         <input_file_ref idref="fl-f1"/>
      </object_component>
      <object_component id="oc-801">
         <name>.text:_SlFindAndSetActiveObj</name>
         <load_address>0x2000c30c</load_address>
         <run_address>0x2000c30c</run_address>
         <size>0x170</size>
         <input_file_ref idref="fl-f9"/>
      </object_component>
      <object_component id="oc-523">
         <name>.text:_SlDrvDataWriteOp</name>
         <load_address>0x2000c47c</load_address>
         <run_address>0x2000c47c</run_address>
         <size>0x150</size>
         <input_file_ref idref="fl-f9"/>
      </object_component>
      <object_component id="oc-1df">
         <name>.text</name>
         <load_address>0x2000c5cc</load_address>
         <run_address>0x2000c5cc</run_address>
         <size>0x14c</size>
         <input_file_ref idref="fl-8"/>
      </object_component>
      <object_component id="oc-35e">
         <name>.text:spi_Open</name>
         <load_address>0x2000c718</load_address>
         <run_address>0x2000c718</run_address>
         <size>0x148</size>
         <input_file_ref idref="fl-ff"/>
      </object_component>
      <object_component id="oc-629">
         <name>.text:_SlDrvMsgReadCmdCtx</name>
         <load_address>0x2000c860</load_address>
         <run_address>0x2000c860</run_address>
         <size>0x144</size>
         <input_file_ref idref="fl-f9"/>
      </object_component>
      <object_component id="oc-1ba">
         <name>.text:sl_NetAppDnsGetHostByName</name>
         <load_address>0x2000c9a4</load_address>
         <run_address>0x2000c9a4</run_address>
         <size>0x144</size>
         <input_file_ref idref="fl-fa"/>
      </object_component>
      <object_component id="oc-6cd">
         <name>.text</name>
         <load_address>0x2000cae8</load_address>
         <run_address>0x2000cae8</run_address>
         <size>0x136</size>
         <input_file_ref idref="fl-e0"/>
      </object_component>
      <object_component id="oc-23a">
         <name>.text:sl_Send</name>
         <load_address>0x2000cc20</load_address>
         <run_address>0x2000cc20</run_address>
         <size>0x134</size>
         <input_file_ref idref="fl-fd"/>
      </object_component>
      <object_component id="oc-3c7">
         <name>.text:_SlDrvDriverCBDeinit</name>
         <load_address>0x2000cd54</load_address>
         <run_address>0x2000cd54</run_address>
         <size>0x130</size>
         <input_file_ref idref="fl-f9"/>
      </object_component>
      <object_component id="oc-84b">
         <name>.text:_SlDrvNetAppEventHandler</name>
         <load_address>0x2000ce84</load_address>
         <run_address>0x2000ce84</run_address>
         <size>0x104</size>
         <input_file_ref idref="fl-fa"/>
      </object_component>
      <object_component id="oc-6c8">
         <name>.text</name>
         <load_address>0x2000cf88</load_address>
         <run_address>0x2000cf88</run_address>
         <size>0xfc</size>
         <input_file_ref idref="fl-e1"/>
      </object_component>
      <object_component id="oc-146">
         <name>.text:sl_Stop</name>
         <load_address>0x2000d084</load_address>
         <run_address>0x2000d084</run_address>
         <size>0xf0</size>
         <input_file_ref idref="fl-f8"/>
      </object_component>
      <object_component id="oc-7fb">
         <name>.text:spi_Read</name>
         <load_address>0x2000d174</load_address>
         <run_address>0x2000d174</run_address>
         <size>0xf0</size>
         <input_file_ref idref="fl-ff"/>
      </object_component>
      <object_component id="oc-8cf">
         <name>.text:uDMAChannelTransferSet</name>
         <load_address>0x2000d264</load_address>
         <run_address>0x2000d264</run_address>
         <size>0xf0</size>
         <input_file_ref idref="fl-100"/>
      </object_component>
      <object_component id="oc-134">
         <name>.text:sl_Start</name>
         <load_address>0x2000d354</load_address>
         <run_address>0x2000d354</run_address>
         <size>0xec</size>
         <input_file_ref idref="fl-f8"/>
      </object_component>
      <object_component id="oc-788">
         <name>.text:_SlAsyncEventGenericHandler</name>
         <load_address>0x2000d440</load_address>
         <run_address>0x2000d440</run_address>
         <size>0xe8</size>
         <input_file_ref idref="fl-f9"/>
      </object_component>
      <object_component id="oc-60a">
         <name>.text:_SlDrvMsgReadSpawnCtx</name>
         <load_address>0x2000d528</load_address>
         <run_address>0x2000d528</run_address>
         <size>0xe8</size>
         <input_file_ref idref="fl-f9"/>
      </object_component>
      <object_component id="oc-402">
         <name>.text:sl_NetAppMDNSRegisterUnregisterService</name>
         <load_address>0x2000d610</load_address>
         <run_address>0x2000d610</run_address>
         <size>0xe4</size>
         <input_file_ref idref="fl-fa"/>
      </object_component>
      <object_component id="oc-7f5">
         <name>.text:_SlDrvClassifyRxMsg</name>
         <load_address>0x2000d6f4</load_address>
         <run_address>0x2000d6f4</run_address>
         <size>0xdc</size>
         <input_file_ref idref="fl-f9"/>
      </object_component>
      <object_component id="oc-6f2">
         <name>.text</name>
         <load_address>0x2000d7d0</load_address>
         <run_address>0x2000d7d0</run_address>
         <size>0xd0</size>
         <input_file_ref idref="fl-e7"/>
      </object_component>
      <object_component id="oc-88d">
         <name>.text:_sl_HandleAsync_DnsGetHostByService</name>
         <load_address>0x2000d8a0</load_address>
         <run_address>0x2000d8a0</run_address>
         <size>0xcc</size>
         <input_file_ref idref="fl-fa"/>
      </object_component>
      <object_component id="oc-14c">
         <name>.text:sl_DevGet</name>
         <load_address>0x2000d96c</load_address>
         <run_address>0x2000d96c</run_address>
         <size>0xcc</size>
         <input_file_ref idref="fl-f8"/>
      </object_component>
      <object_component id="oc-5ea">
         <name>.text:_SlRemoveFromList</name>
         <load_address>0x2000da38</load_address>
         <run_address>0x2000da38</run_address>
         <size>0xc4</size>
         <input_file_ref idref="fl-f9"/>
      </object_component>
      <object_component id="oc-3ab">
         <name>.text:_SlDrvCmdOp</name>
         <load_address>0x2000dafc</load_address>
         <run_address>0x2000dafc</run_address>
         <size>0xc0</size>
         <input_file_ref idref="fl-f9"/>
      </object_component>
      <object_component id="oc-58b">
         <name>.text:_SlNonOsSemGet</name>
         <load_address>0x2000dbbc</load_address>
         <run_address>0x2000dbbc</run_address>
         <size>0xb0</size>
         <input_file_ref idref="fl-fc"/>
      </object_component>
      <object_component id="oc-55d">
         <name>.text:IntDisable</name>
         <load_address>0x2000dc6c</load_address>
         <run_address>0x2000dc6c</run_address>
         <size>0xa8</size>
         <input_file_ref idref="fl-ef"/>
      </object_component>
      <object_component id="oc-18f">
         <name>.text:IntEnable</name>
         <load_address>0x2000dd14</load_address>
         <run_address>0x2000dd14</run_address>
         <size>0xa8</size>
         <input_file_ref idref="fl-ef"/>
      </object_component>
      <object_component id="oc-5e3">
         <name>.text:_SlDriverHandleError</name>
         <load_address>0x2000ddbc</load_address>
         <run_address>0x2000ddbc</run_address>
         <size>0xa4</size>
         <input_file_ref idref="fl-f9"/>
      </object_component>
      <object_component id="oc-1fd">
         <name>.text:SPIConfigSetExpClk</name>
         <load_address>0x2000de60</load_address>
         <run_address>0x2000de60</run_address>
         <size>0xa0</size>
         <input_file_ref idref="fl-f2"/>
      </object_component>
      <object_component id="oc-246">
         <name>.text:sl_Recv</name>
         <load_address>0x2000df00</load_address>
         <run_address>0x2000df00</run_address>
         <size>0xa0</size>
         <input_file_ref idref="fl-fd"/>
      </object_component>
      <object_component id="oc-41">
         <name>.text</name>
         <load_address>0x2000dfa0</load_address>
         <run_address>0x2000dfa0</run_address>
         <size>0x9c</size>
         <input_file_ref idref="fl-cc"/>
      </object_component>
      <object_component id="oc-87f">
         <name>.text:_SlDrvDeviceEventHandler</name>
         <load_address>0x2000e03c</load_address>
         <run_address>0x2000e03c</run_address>
         <size>0x9a</size>
         <input_file_ref idref="fl-f8"/>
      </object_component>
      <object_component id="oc-1a8">
         <name>.text:sl_DevSet</name>
         <load_address>0x2000e0d8</load_address>
         <run_address>0x2000e0d8</run_address>
         <size>0x98</size>
         <input_file_ref idref="fl-f8"/>
      </object_component>
      <object_component id="oc-164">
         <name>.text:sl_NetCfgSet</name>
         <load_address>0x2000e170</load_address>
         <run_address>0x2000e170</run_address>
         <size>0x98</size>
         <input_file_ref idref="fl-fb"/>
      </object_component>
      <object_component id="oc-1d2">
         <name>.text:sl_SetSockOpt</name>
         <load_address>0x2000e208</load_address>
         <run_address>0x2000e208</run_address>
         <size>0x98</size>
         <input_file_ref idref="fl-fd"/>
      </object_component>
      <object_component id="oc-16a">
         <name>.text:sl_WlanSet</name>
         <load_address>0x2000e2a0</load_address>
         <run_address>0x2000e2a0</run_address>
         <size>0x98</size>
         <input_file_ref idref="fl-fe"/>
      </object_component>
      <object_component id="oc-791">
         <name>.text:spi_Write</name>
         <load_address>0x2000e338</load_address>
         <run_address>0x2000e338</run_address>
         <size>0x98</size>
         <input_file_ref idref="fl-ff"/>
      </object_component>
      <object_component id="oc-1f7">
         <name>.text:PRCMPeripheralClockGet</name>
         <load_address>0x2000e3d0</load_address>
         <run_address>0x2000e3d0</run_address>
         <size>0x94</size>
         <input_file_ref idref="fl-f1"/>
      </object_component>
      <object_component id="oc-887">
         <name>.text:_sl_HandleAsync_DnsGetHostByName</name>
         <load_address>0x2000e464</load_address>
         <run_address>0x2000e464</run_address>
         <size>0x90</size>
         <input_file_ref idref="fl-fa"/>
      </object_component>
      <object_component id="oc-851">
         <name>.text:_sl_HandleAsync_PingResponse</name>
         <load_address>0x2000e4f4</load_address>
         <run_address>0x2000e4f4</run_address>
         <size>0x90</size>
         <input_file_ref idref="fl-fa"/>
      </object_component>
      <object_component id="oc-152">
         <name>.text:sl_WlanPolicySet</name>
         <load_address>0x2000e584</load_address>
         <run_address>0x2000e584</run_address>
         <size>0x90</size>
         <input_file_ref idref="fl-fe"/>
      </object_component>
      <object_component id="oc-858">
         <name>.text:SetupDMAReceive</name>
         <load_address>0x2000e614</load_address>
         <run_address>0x2000e614</run_address>
         <size>0x8c</size>
         <input_file_ref idref="fl-ff"/>
      </object_component>
      <object_component id="oc-80c">
         <name>.text:SetupDMASend</name>
         <load_address>0x2000e6a0</load_address>
         <run_address>0x2000e6a0</run_address>
         <size>0x8c</size>
         <input_file_ref idref="fl-ff"/>
      </object_component>
      <object_component id="oc-74b">
         <name>.text:_SlDrvIsTimeoutExpired</name>
         <load_address>0x2000e72c</load_address>
         <run_address>0x2000e72c</run_address>
         <size>0x8c</size>
         <input_file_ref idref="fl-f9"/>
      </object_component>
      <object_component id="oc-8dc">
         <name>.text:_sl_HandleAsync_InitComplete</name>
         <load_address>0x2000e7b8</load_address>
         <run_address>0x2000e7b8</run_address>
         <size>0x8c</size>
         <input_file_ref idref="fl-f8"/>
      </object_component>
      <object_component id="oc-1cc">
         <name>.text:sl_Socket</name>
         <load_address>0x2000e844</load_address>
         <run_address>0x2000e844</run_address>
         <size>0x8c</size>
         <input_file_ref idref="fl-fd"/>
      </object_component>
      <object_component id="oc-686">
         <name>.text:PinConfigSet</name>
         <load_address>0x2000e8d0</load_address>
         <run_address>0x2000e8d0</run_address>
         <size>0x88</size>
         <input_file_ref idref="fl-f0"/>
      </object_component>
      <object_component id="oc-329">
         <name>.text</name>
         <load_address>0x2000e958</load_address>
         <run_address>0x2000e958</run_address>
         <size>0x88</size>
         <input_file_ref idref="fl-d6"/>
      </object_component>
      <object_component id="oc-6c3">
         <name>.text:__aeabi_cdcmple</name>
         <load_address>0x2000e9e0</load_address>
         <run_address>0x2000e9e0</run_address>
         <size>0x86</size>
         <input_file_ref idref="fl-df"/>
      </object_component>
      <object_component id="oc-6d2">
         <name>.text:__aeabi_cdrcmple</name>
         <load_address>0x2000ea66</load_address>
         <run_address>0x2000ea66</run_address>
         <size>0x86</size>
         <input_file_ref idref="fl-df"/>
      </object_component>
      <object_component id="oc-4f0">
         <name>.text:I2CMasterInitExpClk</name>
         <load_address>0x2000eaec</load_address>
         <run_address>0x2000eaec</run_address>
         <size>0x84</size>
         <input_file_ref idref="fl-ee"/>
      </object_component>
      <object_component id="oc-17c">
         <name>.text:sl_WlanRxFilterSet</name>
         <load_address>0x2000eb70</load_address>
         <run_address>0x2000eb70</run_address>
         <size>0x84</size>
         <input_file_ref idref="fl-fe"/>
      </object_component>
      <object_component id="oc-21b">
         <name>.text:GPIOIntTypeSet</name>
         <load_address>0x2000ebf4</load_address>
         <run_address>0x2000ebf4</run_address>
         <size>0x82</size>
         <input_file_ref idref="fl-ed"/>
      </object_component>
      <object_component id="oc-8af">
         <name>.text:_sl_HandleAsync_Connect</name>
         <load_address>0x2000ec78</load_address>
         <run_address>0x2000ec78</run_address>
         <size>0x80</size>
         <input_file_ref idref="fl-fd"/>
      </object_component>
      <object_component id="oc-85e">
         <name>.text:spi_Read_CPU</name>
         <load_address>0x2000ecf8</load_address>
         <run_address>0x2000ecf8</run_address>
         <size>0x80</size>
         <input_file_ref idref="fl-ff"/>
      </object_component>
      <object_component id="oc-818">
         <name>.text:spi_Write_CPU</name>
         <load_address>0x2000ed78</load_address>
         <run_address>0x2000ed78</run_address>
         <size>0x80</size>
         <input_file_ref idref="fl-ff"/>
      </object_component>
      <object_component id="oc-4d">
         <name>.text</name>
         <load_address>0x2000edf8</load_address>
         <run_address>0x2000edf8</run_address>
         <size>0x7a</size>
         <input_file_ref idref="fl-cf"/>
      </object_component>
      <object_component id="oc-3c1">
         <name>.text:spi_Close</name>
         <load_address>0x2000ee74</load_address>
         <run_address>0x2000ee74</run_address>
         <size>0x78</size>
         <input_file_ref idref="fl-ff"/>
      </object_component>
      <object_component id="oc-227">
         <name>.text:UARTConfigSetExpClk</name>
         <load_address>0x2000eeec</load_address>
         <run_address>0x2000eeec</run_address>
         <size>0x76</size>
         <input_file_ref idref="fl-f4"/>
      </object_component>
      <object_component id="oc-13a">
         <name>.text:_SlNonOsMainLoopTask</name>
         <load_address>0x2000ef64</load_address>
         <run_address>0x2000ef64</run_address>
         <size>0x74</size>
         <input_file_ref idref="fl-fc"/>
      </object_component>
      <object_component id="oc-2e7">
         <name>.text:TimerIntRegister</name>
         <load_address>0x2000efd8</load_address>
         <run_address>0x2000efd8</run_address>
         <size>0x70</size>
         <input_file_ref idref="fl-f3"/>
      </object_component>
      <object_component id="oc-65">
         <name>.text</name>
         <load_address>0x2000f048</load_address>
         <run_address>0x2000f048</run_address>
         <size>0x70</size>
         <input_file_ref idref="fl-db"/>
      </object_component>
      <object_component id="oc-8e6">
         <name>.text:_SlDrvCmdSend</name>
         <load_address>0x2000f0b8</load_address>
         <run_address>0x2000f0b8</run_address>
         <size>0x6c</size>
         <input_file_ref idref="fl-f9"/>
      </object_component>
      <object_component id="oc-899">
         <name>.text:_sl_NetAppSendTokenValue</name>
         <load_address>0x2000f124</load_address>
         <run_address>0x2000f124</run_address>
         <size>0x6c</size>
         <input_file_ref idref="fl-fa"/>
      </object_component>
      <object_component id="oc-317">
         <name>.text:TimerIntUnregister</name>
         <load_address>0x2000f190</load_address>
         <run_address>0x2000f190</run_address>
         <size>0x68</size>
         <input_file_ref idref="fl-f3"/>
      </object_component>
      <object_component id="oc-12">
         <name>.text:decompress:lzss</name>
         <load_address>0x2000f1f8</load_address>
         <run_address>0x2000f1f8</run_address>
         <size>0x68</size>
         <input_file_ref idref="fl-c8"/>
      </object_component>
      <object_component id="oc-604">
         <name>.text:_SlNonOsSpawn</name>
         <load_address>0x2000f260</load_address>
         <run_address>0x2000f260</run_address>
         <size>0x64</size>
         <input_file_ref idref="fl-fc"/>
      </object_component>
      <object_component id="oc-8a9">
         <name>.text:_sl_HandleAsync_Accept</name>
         <load_address>0x2000f2c4</load_address>
         <run_address>0x2000f2c4</run_address>
         <size>0x64</size>
         <input_file_ref idref="fl-fd"/>
      </object_component>
      <object_component id="oc-170">
         <name>.text:sl_NetAppMDNSUnRegisterService</name>
         <load_address>0x2000f328</load_address>
         <run_address>0x2000f328</run_address>
         <size>0x64</size>
         <input_file_ref idref="fl-fa"/>
      </object_component>
      <object_component id="oc-75f">
         <name>.text:uDMAChannelAttributeDisable</name>
         <load_address>0x2000f38c</load_address>
         <run_address>0x2000f38c</run_address>
         <size>0x64</size>
         <input_file_ref idref="fl-100"/>
      </object_component>
      <object_component id="oc-8c9">
         <name>.text:uDMAChannelAttributeEnable</name>
         <load_address>0x2000f3f0</load_address>
         <run_address>0x2000f3f0</run_address>
         <size>0x64</size>
         <input_file_ref idref="fl-100"/>
      </object_component>
      <object_component id="oc-234">
         <name>.text</name>
         <load_address>0x2000f454</load_address>
         <run_address>0x2000f454</run_address>
         <size>0x60</size>
         <input_file_ref idref="fl-d2"/>
      </object_component>
      <object_component id="oc-240">
         <name>.text:sl_Close</name>
         <load_address>0x2000f4b4</load_address>
         <run_address>0x2000f4b4</run_address>
         <size>0x60</size>
         <input_file_ref idref="fl-fd"/>
      </object_component>
      <object_component id="oc-158">
         <name>.text:sl_WlanProfileDel</name>
         <load_address>0x2000f514</load_address>
         <run_address>0x2000f514</run_address>
         <size>0x60</size>
         <input_file_ref idref="fl-fe"/>
      </object_component>
      <object_component id="oc-140">
         <name>.text:sl_WlanSetMode</name>
         <load_address>0x2000f574</load_address>
         <run_address>0x2000f574</run_address>
         <size>0x60</size>
         <input_file_ref idref="fl-fe"/>
      </object_component>
      <object_component id="oc-6ec">
         <name>.text</name>
         <load_address>0x2000f5d4</load_address>
         <run_address>0x2000f5d4</run_address>
         <size>0x5c</size>
         <input_file_ref idref="fl-e6"/>
      </object_component>
      <object_component id="oc-5d5">
         <name>.text:IntPendClear</name>
         <load_address>0x2000f630</load_address>
         <run_address>0x2000f630</run_address>
         <size>0x58</size>
         <input_file_ref idref="fl-ef"/>
      </object_component>
      <object_component id="oc-1eb">
         <name>.text:PRCMPeripheralReset</name>
         <load_address>0x2000f688</load_address>
         <run_address>0x2000f688</run_address>
         <size>0x58</size>
         <input_file_ref idref="fl-f1"/>
      </object_component>
      <object_component id="oc-2e1">
         <name>.text:IntPrioritySet</name>
         <load_address>0x2000f6e0</load_address>
         <run_address>0x2000f6e0</run_address>
         <size>0x54</size>
         <input_file_ref idref="fl-ef"/>
      </object_component>
      <object_component id="oc-394">
         <name>.text:_SlDrvRxIrqHandler</name>
         <load_address>0x2000f734</load_address>
         <run_address>0x2000f734</run_address>
         <size>0x54</size>
         <input_file_ref idref="fl-f9"/>
      </object_component>
      <object_component id="oc-8b5">
         <name>.text:_sl_HandleAsync_Select</name>
         <load_address>0x2000f788</load_address>
         <run_address>0x2000f788</run_address>
         <size>0x54</size>
         <input_file_ref idref="fl-fd"/>
      </object_component>
      <object_component id="oc-71">
         <name>.text</name>
         <load_address>0x2000f7dc</load_address>
         <run_address>0x2000f7dc</run_address>
         <size>0x54</size>
         <input_file_ref idref="fl-cb"/>
      </object_component>
      <object_component id="oc-6dc">
         <name>.text</name>
         <load_address>0x2000f830</load_address>
         <run_address>0x2000f830</run_address>
         <size>0x54</size>
         <input_file_ref idref="fl-e4"/>
      </object_component>
      <object_component id="oc-8bb">
         <name>.text:_sl_HandleAsync_Stop</name>
         <load_address>0x2000f884</load_address>
         <run_address>0x2000f884</run_address>
         <size>0x50</size>
         <input_file_ref idref="fl-f8"/>
      </object_component>
      <object_component id="oc-203">
         <name>.text:SPIIntEnable</name>
         <load_address>0x2000f8d4</load_address>
         <run_address>0x2000f8d4</run_address>
         <size>0x4c</size>
         <input_file_ref idref="fl-f2"/>
      </object_component>
      <object_component id="oc-79c">
         <name>.text:SPIIntNumberGet</name>
         <load_address>0x2000f920</load_address>
         <run_address>0x2000f920</run_address>
         <size>0x4c</size>
         <input_file_ref idref="fl-f2"/>
      </object_component>
      <object_component id="oc-364">
         <name>.text:_SlDrvProtectAsyncRespSetting</name>
         <load_address>0x2000f96c</load_address>
         <run_address>0x2000f96c</run_address>
         <size>0x4c</size>
         <input_file_ref idref="fl-f9"/>
      </object_component>
      <object_component id="oc-48c">
         <name>.text:_sl_BuildAddress</name>
         <load_address>0x2000f9b8</load_address>
         <run_address>0x2000f9b8</run_address>
         <size>0x4c</size>
         <input_file_ref idref="fl-fd"/>
      </object_component>
      <object_component id="oc-6fe">
         <name>.text</name>
         <load_address>0x2000fa04</load_address>
         <run_address>0x2000fa04</run_address>
         <size>0x4c</size>
         <input_file_ref idref="fl-da"/>
      </object_component>
      <object_component id="oc-9a">
         <name>.text</name>
         <load_address>0x2000fa50</load_address>
         <run_address>0x2000fa50</run_address>
         <size>0x4c</size>
         <input_file_ref idref="fl-dc"/>
      </object_component>
      <object_component id="oc-759">
         <name>.text:uDMAChannelAssign</name>
         <load_address>0x2000fa9c</load_address>
         <run_address>0x2000fa9c</run_address>
         <size>0x4c</size>
         <input_file_ref idref="fl-100"/>
      </object_component>
      <object_component id="oc-4fd">
         <name>.text:GPIOGetIntNumber</name>
         <load_address>0x2000fae8</load_address>
         <run_address>0x2000fae8</run_address>
         <size>0x48</size>
         <input_file_ref idref="fl-ed"/>
      </object_component>
      <object_component id="oc-772">
         <name>.text:SPIIntClear</name>
         <load_address>0x2000fb30</load_address>
         <run_address>0x2000fb30</run_address>
         <size>0x48</size>
         <input_file_ref idref="fl-f2"/>
      </object_component>
      <object_component id="oc-3ed">
         <name>.text:_SlDrvBasicCmd</name>
         <load_address>0x2000fb78</load_address>
         <run_address>0x2000fb78</run_address>
         <size>0x48</size>
         <input_file_ref idref="fl-f9"/>
      </object_component>
      <object_component id="oc-6d7">
         <name>.text</name>
         <load_address>0x2000fbc0</load_address>
         <run_address>0x2000fbc0</run_address>
         <size>0x48</size>
         <input_file_ref idref="fl-e2"/>
      </object_component>
      <object_component id="oc-4b8">
         <name>.text:SPIDmaMaskGet</name>
         <load_address>0x2000fc08</load_address>
         <run_address>0x2000fc08</run_address>
         <size>0x44</size>
         <input_file_ref idref="fl-f2"/>
      </object_component>
      <object_component id="oc-2d5">
         <name>.text:TimerConfigure</name>
         <load_address>0x2000fc4c</load_address>
         <run_address>0x2000fc4c</run_address>
         <size>0x44</size>
         <input_file_ref idref="fl-f3"/>
      </object_component>
      <object_component id="oc-37c">
         <name>.text:_SlDrvSyncObjWaitTimeout</name>
         <load_address>0x2000fc90</load_address>
         <run_address>0x2000fc90</run_address>
         <size>0x44</size>
         <input_file_ref idref="fl-f9"/>
      </object_component>
      <object_component id="oc-86b">
         <name>.text:cc_SetupTransfer</name>
         <load_address>0x2000fcd4</load_address>
         <run_address>0x2000fcd4</run_address>
         <size>0x44</size>
         <input_file_ref idref="fl-ff"/>
      </object_component>
      <object_component id="oc-1c6">
         <name>.text:sl_Htonl</name>
         <load_address>0x2000fd18</load_address>
         <run_address>0x2000fd18</run_address>
         <size>0x42</size>
         <input_file_ref idref="fl-fd"/>
      </object_component>
      <object_component id="oc-68c">
         <name>.text:PinModeSet</name>
         <load_address>0x2000fd5c</load_address>
         <run_address>0x2000fd5c</run_address>
         <size>0x40</size>
         <input_file_ref idref="fl-f0"/>
      </object_component>
      <object_component id="oc-51d">
         <name>.text:_sl_TruncatePayloadByProtocol</name>
         <load_address>0x2000fd9c</load_address>
         <run_address>0x2000fd9c</run_address>
         <size>0x40</size>
         <input_file_ref idref="fl-fd"/>
      </object_component>
      <object_component id="oc-24">
         <name>.text</name>
         <load_address>0x2000fddc</load_address>
         <run_address>0x2000fddc</run_address>
         <size>0x40</size>
         <input_file_ref idref="fl-c7"/>
      </object_component>
      <object_component id="oc-370">
         <name>.text:NwpRegisterInterruptHandler</name>
         <load_address>0x2000fe1c</load_address>
         <run_address>0x2000fe1c</run_address>
         <size>0x3e</size>
         <input_file_ref idref="fl-ff"/>
      </object_component>
      <object_component id="oc-8a0">
         <name>.text:CopyPingResultsToReport</name>
         <load_address>0x2000fe5a</load_address>
         <run_address>0x2000fe5a</run_address>
         <size>0x3c</size>
         <input_file_ref idref="fl-fa"/>
      </object_component>
      <object_component id="oc-1e5">
         <name>.text:PRCMPeripheralClkEnable</name>
         <load_address>0x2000fe98</load_address>
         <run_address>0x2000fe98</run_address>
         <size>0x3c</size>
         <input_file_ref idref="fl-f1"/>
      </object_component>
      <object_component id="oc-83a">
         <name>.text:simplelink_timerA2_start</name>
         <load_address>0x2000fed4</load_address>
         <run_address>0x2000fed4</run_address>
         <size>0x3c</size>
         <input_file_ref idref="fl-ff"/>
      </object_component>
      <object_component id="oc-1c0">
         <name>.text:sl_Htons</name>
         <load_address>0x2000ff10</load_address>
         <run_address>0x2000ff10</run_address>
         <size>0x3c</size>
         <input_file_ref idref="fl-fd"/>
      </object_component>
      <object_component id="oc-8c3">
         <name>.text:uDMAChannelControlSet</name>
         <load_address>0x2000ff4c</load_address>
         <run_address>0x2000ff4c</run_address>
         <size>0x3c</size>
         <input_file_ref idref="fl-100"/>
      </object_component>
      <object_component id="oc-36a">
         <name>.text:NwpPowerOff</name>
         <load_address>0x2000ff88</load_address>
         <run_address>0x2000ff88</run_address>
         <size>0x38</size>
         <input_file_ref idref="fl-ff"/>
      </object_component>
      <object_component id="oc-15e">
         <name>.text:sl_WlanDisconnect</name>
         <load_address>0x2000ffc0</load_address>
         <run_address>0x2000ffc0</run_address>
         <size>0x38</size>
         <input_file_ref idref="fl-fe"/>
      </object_component>
      <object_component id="oc-49c">
         <name>.text:GPIODirModeSet</name>
         <load_address>0x2000fff8</load_address>
         <run_address>0x2000fff8</run_address>
         <size>0x36</size>
         <input_file_ref idref="fl-ed"/>
      </object_component>
      <object_component id="oc-59c">
         <name>.text:PRCMPeripheralStatusGet</name>
         <load_address>0x20010030</load_address>
         <run_address>0x20010030</run_address>
         <size>0x34</size>
         <input_file_ref idref="fl-f1"/>
      </object_component>
      <object_component id="oc-5b4">
         <name>.text:SPIFIFOLevelSet</name>
         <load_address>0x20010064</load_address>
         <run_address>0x20010064</run_address>
         <size>0x34</size>
         <input_file_ref idref="fl-f2"/>
      </object_component>
      <object_component id="oc-496">
         <name>.text:PinTypeGPIO</name>
         <load_address>0x20010098</load_address>
         <run_address>0x20010098</run_address>
         <size>0x30</size>
         <input_file_ref idref="fl-f0"/>
      </object_component>
      <object_component id="oc-50d">
         <name>.text:UARTDisable</name>
         <load_address>0x200100c8</load_address>
         <run_address>0x200100c8</run_address>
         <size>0x30</size>
         <input_file_ref idref="fl-f4"/>
      </object_component>
      <object_component id="oc-6e2">
         <name>.text</name>
         <load_address>0x200100f8</load_address>
         <run_address>0x200100f8</run_address>
         <size>0x2e</size>
         <input_file_ref idref="fl-e3"/>
      </object_component>
      <object_component id="oc-4d8">
         <name>.text:I2CMasterErr</name>
         <load_address>0x20010126</load_address>
         <run_address>0x20010126</run_address>
         <size>0x2c</size>
         <input_file_ref idref="fl-ee"/>
      </object_component>
      <object_component id="oc-376">
         <name>.text:NwpPowerOn</name>
         <load_address>0x20010154</load_address>
         <run_address>0x20010154</run_address>
         <size>0x2c</size>
         <input_file_ref idref="fl-ff"/>
      </object_component>
      <object_component id="oc-41e">
         <name>.text:PRCMSysResetCauseGet</name>
         <load_address>0x20010180</load_address>
         <run_address>0x20010180</run_address>
         <size>0x2c</size>
         <input_file_ref idref="fl-f1"/>
      </object_component>
      <object_component id="oc-617">
         <name>.text:_SlDrvObjGlobalLockWaitForever</name>
         <load_address>0x200101ac</load_address>
         <run_address>0x200101ac</run_address>
         <size>0x2c</size>
         <input_file_ref idref="fl-f9"/>
      </object_component>
      <object_component id="oc-461">
         <name>.text:_SlDrvProtectionObjLockWaitForever</name>
         <load_address>0x200101d8</load_address>
         <run_address>0x200101d8</run_address>
         <size>0x2c</size>
         <input_file_ref idref="fl-f9"/>
      </object_component>
      <object_component id="oc-2ff">
         <name>.text:TimerLoadSet</name>
         <load_address>0x20010204</load_address>
         <run_address>0x20010204</run_address>
         <size>0x2a</size>
         <input_file_ref idref="fl-f3"/>
      </object_component>
      <object_component id="oc-2db">
         <name>.text:TimerPrescaleSet</name>
         <load_address>0x2001022e</load_address>
         <run_address>0x2001022e</run_address>
         <size>0x2a</size>
         <input_file_ref idref="fl-f3"/>
      </object_component>
      <object_component id="oc-430">
         <name>.text:PRCMPeripheralClkDisable</name>
         <load_address>0x20010258</load_address>
         <run_address>0x20010258</run_address>
         <size>0x28</size>
         <input_file_ref idref="fl-f1"/>
      </object_component>
      <object_component id="oc-61d">
         <name>.text:_SlDrvGlobalObjUnLock</name>
         <load_address>0x20010280</load_address>
         <run_address>0x20010280</run_address>
         <size>0x28</size>
         <input_file_ref idref="fl-f9"/>
      </object_component>
      <object_component id="oc-467">
         <name>.text:_SlDrvProtectionObjUnLock</name>
         <load_address>0x200102a8</load_address>
         <run_address>0x200102a8</run_address>
         <size>0x28</size>
         <input_file_ref idref="fl-f9"/>
      </object_component>
      <object_component id="oc-46d">
         <name>.text:_SlDrvSyncObjWaitForever</name>
         <load_address>0x200102d0</load_address>
         <run_address>0x200102d0</run_address>
         <size>0x28</size>
         <input_file_ref idref="fl-f9"/>
      </object_component>
      <object_component id="oc-71c">
         <name>.text:_SlDrvObjLockWaitForever</name>
         <load_address>0x200102f8</load_address>
         <run_address>0x200102f8</run_address>
         <size>0x26</size>
         <input_file_ref idref="fl-f9"/>
      </object_component>
      <object_component id="oc-5c0">
         <name>.text:DmaSpiSwIntHandler</name>
         <load_address>0x20010320</load_address>
         <run_address>0x20010320</run_address>
         <size>0x24</size>
         <input_file_ref idref="fl-ff"/>
      </object_component>
      <object_component id="oc-563">
         <name>.text:IntUnregister</name>
         <load_address>0x20010344</load_address>
         <run_address>0x20010344</run_address>
         <size>0x24</size>
         <input_file_ref idref="fl-ef"/>
      </object_component>
      <object_component id="oc-22d">
         <name>.text:UARTEnable</name>
         <load_address>0x20010368</load_address>
         <run_address>0x20010368</run_address>
         <size>0x24</size>
         <input_file_ref idref="fl-f4"/>
      </object_component>
      <object_component id="oc-33b">
         <name>.text</name>
         <load_address>0x2001038c</load_address>
         <run_address>0x2001038c</run_address>
         <size>0x24</size>
         <input_file_ref idref="fl-cd"/>
      </object_component>
      <object_component id="oc-11d">
         <name>.text:GPIOIntStatus</name>
         <load_address>0x200103b0</load_address>
         <run_address>0x200103b0</run_address>
         <size>0x22</size>
         <input_file_ref idref="fl-ed"/>
      </object_component>
      <object_component id="oc-4de">
         <name>.text:I2CMasterSlaveAddrSet</name>
         <load_address>0x200103d2</load_address>
         <run_address>0x200103d2</run_address>
         <size>0x22</size>
         <input_file_ref idref="fl-ee"/>
      </object_component>
      <object_component id="oc-1f1">
         <name>.text:SPIReset</name>
         <load_address>0x200103f4</load_address>
         <run_address>0x200103f4</run_address>
         <size>0x22</size>
         <input_file_ref idref="fl-f2"/>
      </object_component>
      <object_component id="oc-812">
         <name>.text:SPIWordCountSet</name>
         <load_address>0x20010416</load_address>
         <run_address>0x20010416</run_address>
         <size>0x22</size>
         <input_file_ref idref="fl-f2"/>
      </object_component>
      <object_component id="oc-117">
         <name>.text:TimerValueSet</name>
         <load_address>0x20010438</load_address>
         <run_address>0x20010438</run_address>
         <size>0x22</size>
         <input_file_ref idref="fl-f3"/>
      </object_component>
      <object_component id="oc-287">
         <name>.text:GPIOPinWrite</name>
         <load_address>0x2001045a</load_address>
         <run_address>0x2001045a</run_address>
         <size>0x20</size>
         <input_file_ref idref="fl-ed"/>
      </object_component>
      <object_component id="oc-503">
         <name>.text:IntRegister</name>
         <load_address>0x2001047c</load_address>
         <run_address>0x2001047c</run_address>
         <size>0x20</size>
         <input_file_ref idref="fl-ef"/>
      </object_component>
      <object_component id="oc-3bb">
         <name>.text:NwpPrePowerOffTimout0</name>
         <load_address>0x2001049c</load_address>
         <run_address>0x2001049c</run_address>
         <size>0x20</size>
         <input_file_ref idref="fl-ff"/>
      </object_component>
      <object_component id="oc-299">
         <name>.text:SPIDataGet</name>
         <load_address>0x200104bc</load_address>
         <run_address>0x200104bc</run_address>
         <size>0x20</size>
         <input_file_ref idref="fl-f2"/>
      </object_component>
      <object_component id="oc-7e2">
         <name>.text:TimerGetCurrentTimestamp</name>
         <load_address>0x200104dc</load_address>
         <run_address>0x200104dc</run_address>
         <size>0x20</size>
         <input_file_ref idref="fl-ff"/>
      </object_component>
      <object_component id="oc-722">
         <name>.text:_SlDrvObjUnLock</name>
         <load_address>0x200104fc</load_address>
         <run_address>0x200104fc</run_address>
         <size>0x20</size>
         <input_file_ref idref="fl-f9"/>
      </object_component>
      <object_component id="oc-5f0">
         <name>.text:_SlDrvSyncObjSignal</name>
         <load_address>0x2001051c</load_address>
         <run_address>0x2001051c</run_address>
         <size>0x20</size>
         <input_file_ref idref="fl-f9"/>
      </object_component>
      <object_component id="oc-215">
         <name>.text:GPIOIntRegister</name>
         <load_address>0x2001053c</load_address>
         <run_address>0x2001053c</run_address>
         <size>0x1e</size>
         <input_file_ref idref="fl-ed"/>
      </object_component>
      <object_component id="oc-4c0">
         <name>.text:I2CMasterIntStatusEx</name>
         <load_address>0x2001055a</load_address>
         <run_address>0x2001055a</run_address>
         <size>0x1e</size>
         <input_file_ref idref="fl-ee"/>
      </object_component>
      <object_component id="oc-293">
         <name>.text:SPIDataPut</name>
         <load_address>0x20010578</load_address>
         <run_address>0x20010578</run_address>
         <size>0x1e</size>
         <input_file_ref idref="fl-f2"/>
      </object_component>
      <object_component id="oc-30b">
         <name>.text:TimerDisable</name>
         <load_address>0x20010596</load_address>
         <run_address>0x20010596</run_address>
         <size>0x1e</size>
         <input_file_ref idref="fl-f3"/>
      </object_component>
      <object_component id="oc-305">
         <name>.text:TimerEnable</name>
         <load_address>0x200105b4</load_address>
         <run_address>0x200105b4</run_address>
         <size>0x1e</size>
         <input_file_ref idref="fl-f3"/>
      </object_component>
      <object_component id="oc-2f3">
         <name>.text:TimerIntStatus</name>
         <load_address>0x200105d2</load_address>
         <run_address>0x200105d2</run_address>
         <size>0x1e</size>
         <input_file_ref idref="fl-f3"/>
      </object_component>
      <object_component id="oc-323">
         <name>.text:UARTCharPut</name>
         <load_address>0x200105f0</load_address>
         <run_address>0x200105f0</run_address>
         <size>0x1e</size>
         <input_file_ref idref="fl-f4"/>
      </object_component>
      <object_component id="oc-5a2">
         <name>.text:cc_UDMAChannelSelect</name>
         <load_address>0x2001060e</load_address>
         <run_address>0x2001060e</run_address>
         <size>0x1e</size>
         <input_file_ref idref="fl-ff"/>
      </object_component>
      <object_component id="oc-111">
         <name>.text:TimerValueGet</name>
         <load_address>0x2001062c</load_address>
         <run_address>0x2001062c</run_address>
         <size>0x1c</size>
         <input_file_ref idref="fl-f3"/>
      </object_component>
      <object_component id="oc-335">
         <name>.text:UARTCharGetNonBlocking</name>
         <load_address>0x20010648</load_address>
         <run_address>0x20010648</run_address>
         <size>0x1c</size>
         <input_file_ref idref="fl-f4"/>
      </object_component>
      <object_component id="oc-745">
         <name>.text:_SlDrvStartMeasureTimeout</name>
         <load_address>0x20010664</load_address>
         <run_address>0x20010664</run_address>
         <size>0x1c</size>
         <input_file_ref idref="fl-f9"/>
      </object_component>
      <object_component id="oc-704">
         <name>.text</name>
         <load_address>0x20010680</load_address>
         <run_address>0x20010680</run_address>
         <size>0x1c</size>
         <input_file_ref idref="fl-e5"/>
      </object_component>
      <object_component id="oc-8d5">
         <name>.text:uDMAChannelEnable</name>
         <load_address>0x2001069c</load_address>
         <run_address>0x2001069c</run_address>
         <size>0x1c</size>
         <input_file_ref idref="fl-100"/>
      </object_component>
      <object_component id="oc-221">
         <name>.text:GPIOIntEnable</name>
         <load_address>0x200106b8</load_address>
         <run_address>0x200106b8</run_address>
         <size>0x1a</size>
         <input_file_ref idref="fl-ed"/>
      </object_component>
      <object_component id="oc-4a8">
         <name>.text:PinTypeSPI</name>
         <load_address>0x200106d2</load_address>
         <run_address>0x200106d2</run_address>
         <size>0x1a</size>
         <input_file_ref idref="fl-f0"/>
      </object_component>
      <object_component id="oc-4a2">
         <name>.text:PinTypeUART</name>
         <load_address>0x200106ec</load_address>
         <run_address>0x200106ec</run_address>
         <size>0x1a</size>
         <input_file_ref idref="fl-f0"/>
      </object_component>
      <object_component id="oc-641">
         <name>.text:SPIDmaDisable</name>
         <load_address>0x20010706</load_address>
         <run_address>0x20010706</run_address>
         <size>0x1a</size>
         <input_file_ref idref="fl-f2"/>
      </object_component>
      <object_component id="oc-5ae">
         <name>.text:SPIDmaEnable</name>
         <load_address>0x20010720</load_address>
         <run_address>0x20010720</run_address>
         <size>0x1a</size>
         <input_file_ref idref="fl-f2"/>
      </object_component>
      <object_component id="oc-63b">
         <name>.text:SPIFIFODisable</name>
         <load_address>0x2001073a</load_address>
         <run_address>0x2001073a</run_address>
         <size>0x1a</size>
         <input_file_ref idref="fl-f2"/>
      </object_component>
      <object_component id="oc-5a8">
         <name>.text:SPIFIFOEnable</name>
         <load_address>0x20010754</load_address>
         <run_address>0x20010754</run_address>
         <size>0x1a</size>
         <input_file_ref idref="fl-f2"/>
      </object_component>
      <object_component id="oc-635">
         <name>.text:SPIIntUnregister</name>
         <load_address>0x2001076e</load_address>
         <run_address>0x2001076e</run_address>
         <size>0x1a</size>
         <input_file_ref idref="fl-f2"/>
      </object_component>
      <object_component id="oc-447">
         <name>.text:GPIOPinRead</name>
         <load_address>0x20010788</load_address>
         <run_address>0x20010788</run_address>
         <size>0x18</size>
         <input_file_ref idref="fl-ed"/>
      </object_component>
      <object_component id="oc-29f">
         <name>.text:SPICSDisable</name>
         <load_address>0x200107a0</load_address>
         <run_address>0x200107a0</run_address>
         <size>0x18</size>
         <input_file_ref idref="fl-f2"/>
      </object_component>
      <object_component id="oc-28d">
         <name>.text:SPICSEnable</name>
         <load_address>0x200107b8</load_address>
         <run_address>0x200107b8</run_address>
         <size>0x18</size>
         <input_file_ref idref="fl-f2"/>
      </object_component>
      <object_component id="oc-596">
         <name>.text:SPIDisable</name>
         <load_address>0x200107d0</load_address>
         <run_address>0x200107d0</run_address>
         <size>0x18</size>
         <input_file_ref idref="fl-f2"/>
      </object_component>
      <object_component id="oc-209">
         <name>.text:SPIEnable</name>
         <load_address>0x200107e8</load_address>
         <run_address>0x200107e8</run_address>
         <size>0x18</size>
         <input_file_ref idref="fl-f2"/>
      </object_component>
      <object_component id="oc-311">
         <name>.text:TimerIntDisable</name>
         <load_address>0x20010800</load_address>
         <run_address>0x20010800</run_address>
         <size>0x18</size>
         <input_file_ref idref="fl-f3"/>
      </object_component>
      <object_component id="oc-2ed">
         <name>.text:TimerIntEnable</name>
         <load_address>0x20010818</load_address>
         <run_address>0x20010818</run_address>
         <size>0x18</size>
         <input_file_ref idref="fl-f3"/>
      </object_component>
      <object_component id="oc-32f">
         <name>.text:UARTCharsAvail</name>
         <load_address>0x20010830</load_address>
         <run_address>0x20010830</run_address>
         <size>0x18</size>
         <input_file_ref idref="fl-f4"/>
      </object_component>
      <object_component id="oc-585">
         <name>.text:_SlNonOsSemSet</name>
         <load_address>0x20010848</load_address>
         <run_address>0x20010848</run_address>
         <size>0x18</size>
         <input_file_ref idref="fl-fc"/>
      </object_component>
      <object_component id="oc-388">
         <name>.text:_sl_GetStartResponseConvert</name>
         <load_address>0x20010860</load_address>
         <run_address>0x20010860</run_address>
         <size>0x18</size>
         <input_file_ref idref="fl-f8"/>
      </object_component>
      <object_component id="oc-6b">
         <name>.text</name>
         <load_address>0x20010878</load_address>
         <run_address>0x20010878</run_address>
         <size>0x18</size>
         <input_file_ref idref="fl-d9"/>
      </object_component>
      <object_component id="oc-4e4">
         <name>.text:I2CMasterDataPut</name>
         <load_address>0x20010890</load_address>
         <run_address>0x20010890</run_address>
         <size>0x16</size>
         <input_file_ref idref="fl-ee"/>
      </object_component>
      <object_component id="oc-6b0">
         <name>.text:I2CMasterEnable</name>
         <load_address>0x200108a6</load_address>
         <run_address>0x200108a6</run_address>
         <size>0x16</size>
         <input_file_ref idref="fl-ee"/>
      </object_component>
      <object_component id="oc-424">
         <name>.text:PRCMHIBRegRead</name>
         <load_address>0x200108bc</load_address>
         <run_address>0x200108bc</run_address>
         <size>0x16</size>
         <input_file_ref idref="fl-f1"/>
      </object_component>
      <object_component id="oc-42a">
         <name>.text:PRCMHIBRegWrite</name>
         <load_address>0x200108d2</load_address>
         <run_address>0x200108d2</run_address>
         <size>0x16</size>
         <input_file_ref idref="fl-f1"/>
      </object_component>
      <object_component id="oc-437">
         <name>.text:_SlDrvMemZero</name>
         <load_address>0x200108e8</load_address>
         <run_address>0x200108e8</run_address>
         <size>0x16</size>
         <input_file_ref idref="fl-f9"/>
      </object_component>
      <object_component id="oc-6f8">
         <name>.text</name>
         <load_address>0x200108fe</load_address>
         <run_address>0x200108fe</run_address>
         <size>0x16</size>
         <input_file_ref idref="fl-e9"/>
      </object_component>
      <object_component id="oc-413">
         <name>.text:CPUcpsie</name>
         <load_address>0x20010914</load_address>
         <run_address>0x20010914</run_address>
         <size>0x14</size>
         <input_file_ref idref="fl-f6"/>
      </object_component>
      <object_component id="oc-123">
         <name>.text:GPIOIntClear</name>
         <load_address>0x20010928</load_address>
         <run_address>0x20010928</run_address>
         <size>0x14</size>
         <input_file_ref idref="fl-ed"/>
      </object_component>
      <object_component id="oc-183">
         <name>.text:IntVTableBaseSet</name>
         <load_address>0x2001093c</load_address>
         <run_address>0x2001093c</run_address>
         <size>0x14</size>
         <input_file_ref idref="fl-ef"/>
      </object_component>
      <object_component id="oc-26f">
         <name>.text</name>
         <load_address>0x20010950</load_address>
         <run_address>0x20010950</run_address>
         <size>0x14</size>
         <input_file_ref idref="fl-d7"/>
      </object_component>
      <object_component id="oc-fe">
         <name>.text</name>
         <load_address>0x20010964</load_address>
         <run_address>0x20010964</run_address>
         <size>0x14</size>
         <input_file_ref idref="fl-d4"/>
      </object_component>
      <object_component id="oc-1b4">
         <name>.text</name>
         <load_address>0x20010978</load_address>
         <run_address>0x20010978</run_address>
         <size>0x14</size>
         <input_file_ref idref="fl-d5"/>
      </object_component>
      <object_component id="oc-4d2">
         <name>.text:I2CMasterControl</name>
         <load_address>0x2001098c</load_address>
         <run_address>0x2001098c</run_address>
         <size>0x12</size>
         <input_file_ref idref="fl-ee"/>
      </object_component>
      <object_component id="oc-4c6">
         <name>.text:I2CMasterIntClearEx</name>
         <load_address>0x2001099e</load_address>
         <run_address>0x2001099e</run_address>
         <size>0x12</size>
         <input_file_ref idref="fl-ee"/>
      </object_component>
      <object_component id="oc-4cc">
         <name>.text:I2CMasterTimeoutSet</name>
         <load_address>0x200109b0</load_address>
         <run_address>0x200109b0</run_address>
         <size>0x12</size>
         <input_file_ref idref="fl-ee"/>
      </object_component>
      <object_component id="oc-2f9">
         <name>.text:TimerIntClear</name>
         <load_address>0x200109c2</load_address>
         <run_address>0x200109c2</run_address>
         <size>0x12</size>
         <input_file_ref idref="fl-f3"/>
      </object_component>
      <object_component id="oc-893">
         <name>.text:_SlDrvDispatchHttpServerEvents</name>
         <load_address>0x200109d4</load_address>
         <run_address>0x200109d4</run_address>
         <size>0x10</size>
         <input_file_ref idref="fl-f9"/>
      </object_component>
      <object_component id="oc-4ea">
         <name>.text:I2CMasterDataGet</name>
         <load_address>0x200109e4</load_address>
         <run_address>0x200109e4</run_address>
         <size>0xe</size>
         <input_file_ref idref="fl-ee"/>
      </object_component>
      <object_component id="oc-3d6">
         <name>.text:_SlDrvResetCmdExt</name>
         <load_address>0x200109f2</load_address>
         <run_address>0x200109f2</run_address>
         <size>0xe</size>
         <input_file_ref idref="fl-f9"/>
      </object_component>
      <object_component id="oc-18">
         <name>.text:decompress:none</name>
         <load_address>0x20010a00</load_address>
         <run_address>0x20010a00</run_address>
         <size>0xe</size>
         <input_file_ref idref="fl-c9"/>
      </object_component>
      <object_component id="oc-2d">
         <name>.text</name>
         <load_address>0x20010a0e</load_address>
         <run_address>0x20010a0e</run_address>
         <size>0xe</size>
         <input_file_ref idref="fl-9"/>
      </object_component>
      <object_component id="oc-5ce">
         <name>.text:NwpMaskInterrupt</name>
         <load_address>0x20010a1c</load_address>
         <run_address>0x20010a1c</run_address>
         <size>0xc</size>
         <input_file_ref idref="fl-ff"/>
      </object_component>
      <object_component id="oc-5dc">
         <name>.text:NwpUnMaskInterrupt</name>
         <load_address>0x20010a28</load_address>
         <run_address>0x20010a28</run_address>
         <size>0xc</size>
         <input_file_ref idref="fl-ff"/>
      </object_component>
      <object_component id="oc-1e">
         <name>.text:decompress:ZI</name>
         <load_address>0x20010a34</load_address>
         <run_address>0x20010a34</run_address>
         <size>0xc</size>
         <input_file_ref idref="fl-ca"/>
      </object_component>
      <object_component id="oc-189">
         <name>.text:IntMasterEnable</name>
         <load_address>0x20010a40</load_address>
         <run_address>0x20010a40</run_address>
         <size>0xa</size>
         <input_file_ref idref="fl-ef"/>
      </object_component>
      <object_component id="oc-7c2">
         <name>.text</name>
         <load_address>0x20010a4a</load_address>
         <run_address>0x20010a4a</run_address>
         <size>0x8</size>
         <input_file_ref idref="fl-ec"/>
      </object_component>
      <object_component id="oc-1a7">
         <name>.text:UtilsDelay</name>
         <load_address>0x20010a52</load_address>
         <run_address>0x20010a52</run_address>
         <size>0x6</size>
         <input_file_ref idref="fl-f5"/>
      </object_component>
      <object_component id="oc-5f">
         <name>.text</name>
         <load_address>0x20010a58</load_address>
         <run_address>0x20010a58</run_address>
         <size>0x4</size>
         <input_file_ref idref="fl-d1"/>
      </object_component>
      <object_component id="oc-2c7">
         <name>.const:.string:font</name>
         <load_address>0x20010a5c</load_address>
         <run_address>0x20010a5c</run_address>
         <size>0x4fb</size>
         <input_file_ref idref="fl-2"/>
      </object_component>
      <object_component id="oc-7cf">
         <name>.const:.string:_ctypes_</name>
         <load_address>0x20010f57</load_address>
         <run_address>0x20010f57</run_address>
         <size>0x101</size>
         <input_file_ref idref="fl-dd"/>
      </object_component>
      <object_component id="oc-7a9">
         <name>.const:g_ulPinToPadMap</name>
         <load_address>0x20011058</load_address>
         <run_address>0x20011058</run_address>
         <size>0x100</size>
         <input_file_ref idref="fl-f0"/>
      </object_component>
      <object_component id="oc-550">
         <name>.const:g_pulRegs</name>
         <load_address>0x20011158</load_address>
         <run_address>0x20011158</run_address>
         <size>0xd4</size>
         <input_file_ref idref="fl-ef"/>
      </object_component>
      <object_component id="oc-4af">
         <name>.const:PRCM_PeriphRegsList</name>
         <load_address>0x2001122c</load_address>
         <run_address>0x2001122c</run_address>
         <size>0xa8</size>
         <input_file_ref idref="fl-f1"/>
      </object_component>
      <object_component id="oc-41a">
         <name>.const</name>
         <load_address>0x200112d4</load_address>
         <run_address>0x200112d4</run_address>
         <size>0x80</size>
         <input_file_ref idref="fl-ef"/>
      </object_component>
      <object_component id="oc-808">
         <name>.const:OpcodeTranslateTable</name>
         <load_address>0x20011354</load_address>
         <run_address>0x20011354</run_address>
         <size>0x3c</size>
         <input_file_ref idref="fl-f9"/>
      </object_component>
      <object_component id="oc-865">
         <name>.const:_SlActionLookupTable</name>
         <load_address>0x20011390</load_address>
         <run_address>0x20011390</run_address>
         <size>0x38</size>
         <input_file_ref idref="fl-f9"/>
      </object_component>
      <object_component id="oc-176">
         <name>.const:$P$T3$4</name>
         <load_address>0x200113c8</load_address>
         <run_address>0x200113c8</run_address>
         <size>0x2c</size>
         <input_file_ref idref="fl-6"/>
      </object_component>
[...]
         <object_component_ref idref="oc-29f"/>
      </symbol>
      <symbol id="sm-e27">
         <name>TimerLoadSet</name>
         <value>0x20010205</value>
         <object_component_ref idref="oc-2ff"/>
      </symbol>
      <symbol id="sm-e28">
         <name>TimerDisable</name>
         <value>0x20010597</value>
         <object_component_ref idref="oc-30b"/>
      </symbol>
      <symbol id="sm-e29">
         <name>TimerValueSet</name>
         <value>0x20010439</value>
         <object_component_ref idref="oc-117"/>
      </symbol>
      <symbol id="sm-e2a">
         <name>TimerIntRegister</name>
         <value>0x2000efd9</value>
         <object_component_ref idref="oc-2e7"/>
      </symbol>
      <symbol id="sm-e2b">
         <name>TimerEnable</name>
         <value>0x200105b5</value>
         <object_component_ref idref="oc-305"/>
      </symbol>
      <symbol id="sm-e2c">
         <name>TimerIntUnregister</name>
         <value>0x2000f191</value>
         <object_component_ref idref="oc-317"/>
      </symbol>
      <symbol id="sm-e2d">
         <name>TimerIntStatus</name>
         <value>0x200105d3</value>
         <object_component_ref idref="oc-2f3"/>
      </symbol>
      <symbol id="sm-e2e">
         <name>TimerIntDisable</name>
         <value>0x20010801</value>
         <object_component_ref idref="oc-311"/>
      </symbol>
      <symbol id="sm-e2f">
         <name>TimerValueGet</name>
         <value>0x2001062d</value>
         <object_component_ref idref="oc-111"/>
      </symbol>
      <symbol id="sm-e30">
         <name>TimerPrescaleSet</name>
         <value>0x2001022f</value>
         <object_component_ref idref="oc-2db"/>
      </symbol>
      <symbol id="sm-e31">
         <name>TimerIntEnable</name>
         <value>0x20010819</value>
         <object_component_ref idref="oc-2ed"/>
      </symbol>
      <symbol id="sm-e32">
         <name>TimerConfigure</name>
         <value>0x2000fc4d</value>
         <object_component_ref idref="oc-2d5"/>
      </symbol>
      <symbol id="sm-e33">
         <name>TimerIntClear</name>
         <value>0x200109c3</value>
         <object_component_ref idref="oc-2f9"/>
      </symbol>
      <symbol id="sm-e6f">
         <name>UARTConfigSetExpClk</name>
         <value>0x2000eeed</value>
         <object_component_ref idref="oc-227"/>
      </symbol>
      <symbol id="sm-e70">
         <name>UARTDisable</name>
         <value>0x200100c9</value>
         <object_component_ref idref="oc-50d"/>
      </symbol>
      <symbol id="sm-e71">
         <name>UARTCharsAvail</name>
         <value>0x20010831</value>
         <object_component_ref idref="oc-32f"/>
      </symbol>
      <symbol id="sm-e72">
         <name>UARTCharGetNonBlocking</name>
         <value>0x20010649</value>
         <object_component_ref idref="oc-335"/>
      </symbol>
      <symbol id="sm-e73">
         <name>UARTCharPut</name>
         <value>0x200105f1</value>
         <object_component_ref idref="oc-323"/>
      </symbol>
      <symbol id="sm-e74">
         <name>UARTEnable</name>
         <value>0x20010369</value>
         <object_component_ref idref="oc-22d"/>
      </symbol>
      <symbol id="sm-e78">
         <name>UtilsDelay</name>
         <value>0x20010a53</value>
         <object_component_ref idref="oc-1a7"/>
      </symbol>
      <symbol id="sm-e82">
         <name>CPUcpsie</name>
         <value>0x20010915</value>
         <object_component_ref idref="oc-413"/>
      </symbol>
      <symbol id="sm-f39">
         <name>_sl_HandleAsync_InitComplete</name>
         <value>0x2000e7b9</value>
         <object_component_ref idref="oc-8dc"/>
      </symbol>
      <symbol id="sm-f3a">
         <name>_SlDrvDeviceEventHandler</name>
         <value>0x2000e03d</value>
         <object_component_ref idref="oc-87f"/>
      </symbol>
      <symbol id="sm-f3b">
         <name>_sl_HandleAsync_Stop</name>
         <value>0x2000f885</value>
         <object_component_ref idref="oc-8bb"/>
      </symbol>
      <symbol id="sm-f3c">
         <name>sl_DevSet</name>
         <value>0x2000e0d9</value>
         <object_component_ref idref="oc-1a8"/>
      </symbol>
      <symbol id="sm-f3d">
         <name>sl_Stop</name>
         <value>0x2000d085</value>
         <object_component_ref idref="oc-146"/>
      </symbol>
      <symbol id="sm-f3e">
         <name>sl_Start</name>
         <value>0x2000d355</value>
         <object_component_ref idref="oc-134"/>
      </symbol>
      <symbol id="sm-f3f">
         <name>sl_DevGet</name>
         <value>0x2000d96d</value>
         <object_component_ref idref="oc-14c"/>
      </symbol>
      <symbol id="sm-11ee">
         <name>RxIrqCnt</name>
         <value>0x2001f72c</value>
      </symbol>
      <symbol id="sm-11ef">
         <name>g_bDeviceRestartIsRequired</name>
         <value>0x2001f72d</value>
      </symbol>
      <symbol id="sm-11f0">
         <name>_SlDrvProtectionObjUnLock</name>
         <value>0x200102a9</value>
         <object_component_ref idref="oc-467"/>
      </symbol>
      <symbol id="sm-11f1">
         <name>_SlDrvBasicCmd</name>
         <value>0x2000fb79</value>
         <object_component_ref idref="oc-3ed"/>
      </symbol>
      <symbol id="sm-11f2">
         <name>_SlDrvObjUnLock</name>
         <value>0x200104fd</value>
         <object_component_ref idref="oc-722"/>
      </symbol>
      <symbol id="sm-11f3">
         <name>_SlDrvObjLockWaitForever</name>
         <value>0x200102f9</value>
         <object_component_ref idref="oc-71c"/>
      </symbol>
      <symbol id="sm-11f4">
         <name>_SlDrvMsgReadSpawnCtx</name>
         <value>0x2000d529</value>
         <object_component_ref idref="oc-60a"/>
      </symbol>
      <symbol id="sm-11f5">
         <name>_SlDrvDispatchHttpServerEvents</name>
         <value>0x200109d5</value>
         <object_component_ref idref="oc-893"/>
      </symbol>
      <symbol id="sm-11f6">
         <name>_SlDriverHandleError</name>
         <value>0x2000ddbd</value>
         <object_component_ref idref="oc-5e3"/>
      </symbol>
      <symbol id="sm-11f7">
         <name>_SlDrvDriverCBDeinit</name>
         <value>0x2000cd55</value>
         <object_component_ref idref="oc-3c7"/>
      </symbol>
      <symbol id="sm-11f8">
         <name>_SlDrvStartMeasureTimeout</name>
         <value>0x20010665</value>
         <object_component_ref idref="oc-745"/>
      </symbol>
      <symbol id="sm-11f9">
         <name>_SlDrvResetCmdExt</name>
         <value>0x200109f3</value>
         <object_component_ref idref="oc-3d6"/>
      </symbol>
      <symbol id="sm-11fa">
         <name>_SlDrvIsTimeoutExpired</name>
         <value>0x2000e72d</value>
         <object_component_ref idref="oc-74b"/>
      </symbol>
      <symbol id="sm-11fb">
         <name>_SlDrvProtectAsyncRespSetting</name>
         <value>0x2000f96d</value>
         <object_component_ref idref="oc-364"/>
      </symbol>
      <symbol id="sm-11fc">
         <name>_SlDrvReleasePoolObj</name>
         <value>0x2000b609</value>
         <object_component_ref idref="oc-382"/>
      </symbol>
      <symbol id="sm-11fd">
         <name>OpcodeTranslateTable</name>
         <value>0x20011354</value>
         <object_component_ref idref="oc-808"/>
      </symbol>
      <symbol id="sm-11fe">
         <name>pPingCallBackFunc</name>
         <value>0x2001f410</value>
         <object_component_ref idref="oc-391"/>
      </symbol>
      <symbol id="sm-11ff">
         <name>_SlDrvDriverCBInit</name>
         <value>0x2000b991</value>
         <object_component_ref idref="oc-358"/>
      </symbol>
      <symbol id="sm-1200">
         <name>g_pCB</name>
         <value>0x2001f40c</value>
         <object_component_ref idref="oc-391"/>
      </symbol>
      <symbol id="sm-1201">
         <name>_SlDrvProtectionObjLockWaitForever</name>
         <value>0x200101d9</value>
         <object_component_ref idref="oc-461"/>
      </symbol>
      <symbol id="sm-1202">
         <name>_SlDrvCmdOp</name>
         <value>0x2000dafd</value>
         <object_component_ref idref="oc-3ab"/>
      </symbol>
      <symbol id="sm-1203">
         <name>_SlDrvSyncObjWaitTimeout</name>
         <value>0x2000fc91</value>
         <object_component_ref idref="oc-37c"/>
      </symbol>
      <symbol id="sm-1204">
         <name>_SlDrvGlobalObjUnLock</name>
         <value>0x20010281</value>
         <object_component_ref idref="oc-61d"/>
      </symbol>
      <symbol id="sm-1205">
         <name>_SlDrvMemZero</name>
         <value>0x200108e9</value>
         <object_component_ref idref="oc-437"/>
      </symbol>
      <symbol id="sm-1206">
         <name>_SlDrvWaitForPoolObj</name>
         <value>0x2000be79</value>
         <object_component_ref idref="oc-45b"/>
      </symbol>
      <symbol id="sm-1207">
         <name>_SlDrvSyncObjSignal</name>
         <value>0x2001051d</value>
         <object_component_ref idref="oc-5f0"/>
      </symbol>
      <symbol id="sm-1208">
         <name>_SlDrvDataReadOp</name>
         <value>0x2000b425</value>
         <object_component_ref idref="oc-531"/>
      </symbol>
      <symbol id="sm-1209">
         <name>_SlDrvDataWriteOp</name>
         <value>0x2000c47d</value>
         <object_component_ref idref="oc-523"/>
      </symbol>
      <symbol id="sm-120a">
         <name>_SlDrvRxIrqHandler</name>
         <value>0x2000f735</value>
         <object_component_ref idref="oc-394"/>
      </symbol>
      <symbol id="sm-120b">
         <name>_SlDrvSyncObjWaitForever</name>
         <value>0x200102d1</value>
         <object_component_ref idref="oc-46d"/>
      </symbol>
      <symbol id="sm-120c">
         <name>g_SlDeviceStatus</name>
         <value>0x2001f408</value>
         <object_component_ref idref="oc-391"/>
      </symbol>
      <symbol id="sm-120d">
         <name>_SlDrvCmdSend</name>
         <value>0x2000f0b9</value>
         <object_component_ref idref="oc-8e6"/>
      </symbol>
      <symbol id="sm-120e">
         <name>_SlActionLookupTable</name>
         <value>0x20011390</value>
         <object_component_ref idref="oc-865"/>
      </symbol>
      <symbol id="sm-12b6">
         <name>sl_NetAppMDNSUnRegisterService</name>
         <value>0x2000f329</value>
         <object_component_ref idref="oc-170"/>
      </symbol>
      <symbol id="sm-12b7">
         <name>_SlNetAppSendTokenValueCmdCtrl</name>
         <value>0x2001155e</value>
         <object_component_ref idref="oc-8ec"/>
      </symbol>
      <symbol id="sm-12b8">
         <name>sl_NetAppDnsGetHostByName</name>
         <value>0x2000c9a5</value>
         <object_component_ref idref="oc-1ba"/>
      </symbol>
      <symbol id="sm-12b9">
         <name>_sl_HandleAsync_DnsGetHostByName</name>
         <value>0x2000e465</value>
         <object_component_ref idref="oc-887"/>
      </symbol>
      <symbol id="sm-12ba">
         <name>_sl_HandleAsync_PingResponse</name>
         <value>0x2000e4f5</value>
         <object_component_ref idref="oc-851"/>
      </symbol>
      <symbol id="sm-12bb">
         <name>_SlDrvNetAppEventHandler</name>
         <value>0x2000ce85</value>
         <object_component_ref idref="oc-84b"/>
      </symbol>
      <symbol id="sm-12bc">
         <name>_sl_HandleAsync_DnsGetHostByService</name>
         <value>0x2000d8a1</value>
         <object_component_ref idref="oc-88d"/>
      </symbol>
      <symbol id="sm-12bd">
         <name>_sl_NetAppSendTokenValue</name>
         <value>0x2000f125</value>
         <object_component_ref idref="oc-899"/>
      </symbol>
      <symbol id="sm-12be">
         <name>sl_NetAppMDNSRegisterUnregisterService</name>
         <value>0x2000d611</value>
         <object_component_ref idref="oc-402"/>
      </symbol>
      <symbol id="sm-12e0">
         <name>sl_NetCfgSet</name>
         <value>0x2000e171</value>
         <object_component_ref idref="oc-164"/>
      </symbol>
      <symbol id="sm-1328">
         <name>_SlNonOsSemSet</name>
         <value>0x20010849</value>
         <object_component_ref idref="oc-585"/>
      </symbol>
      <symbol id="sm-1329">
         <name>_SlNonOsSpawn</name>
         <value>0x2000f261</value>
         <object_component_ref idref="oc-604"/>
      </symbol>
      <symbol id="sm-132a">
         <name>_SlNonOsSemGet</name>
         <value>0x2000dbbd</value>
         <object_component_ref idref="oc-58b"/>
      </symbol>
      <symbol id="sm-132b">
         <name>_SlNonOsMainLoopTask</name>
         <value>0x2000ef65</value>
         <object_component_ref idref="oc-13a"/>
      </symbol>
      <symbol id="sm-132c">
         <name>g__SlNonOsCB</name>
         <value>0x2001f3a0</value>
         <object_component_ref idref="oc-3a6"/>
      </symbol>
      <symbol id="sm-142d">
         <name>sl_Recv</name>
         <value>0x2000df01</value>
         <object_component_ref idref="oc-246"/>
      </symbol>
      <symbol id="sm-142e">
         <name>sl_Send</name>
         <value>0x2000cc21</value>
         <object_component_ref idref="oc-23a"/>
      </symbol>
      <symbol id="sm-142f">
         <name>_sl_HandleAsync_Connect</name>
         <value>0x2000ec79</value>
         <object_component_ref idref="oc-8af"/>
      </symbol>
      <symbol id="sm-1430">
         <name>sl_Htonl</name>
         <value>0x2000fd19</value>
         <object_component_ref idref="oc-1c6"/>
      </symbol>
      <symbol id="sm-1431">
         <name>sl_Htons</name>
         <value>0x2000ff11</value>
         <object_component_ref idref="oc-1c0"/>
      </symbol>
      <symbol id="sm-1432">
         <name>sl_Connect</name>
         <value>0x2000c009</value>
         <object_component_ref idref="oc-1d8"/>
      </symbol>
      <symbol id="sm-1433">
         <name>sl_Socket</name>
         <value>0x2000e845</value>
         <object_component_ref idref="oc-1cc"/>
      </symbol>
      <symbol id="sm-1434">
         <name>_sl_HandleAsync_Select</name>
         <value>0x2000f789</value>
         <object_component_ref idref="oc-8b5"/>
      </symbol>
      <symbol id="sm-1435">
         <name>sl_Close</name>
         <value>0x2000f4b5</value>
         <object_component_ref idref="oc-240"/>
      </symbol>
      <symbol id="sm-1436">
         <name>_sl_HandleAsync_Accept</name>
         <value>0x2000f2c5</value>
         <object_component_ref idref="oc-8a9"/>
      </symbol>
      <symbol id="sm-1437">
         <name>sl_SetSockOpt</name>
         <value>0x2000e209</value>
         <object_component_ref idref="oc-1d2"/>
      </symbol>
      <symbol id="sm-14f1">
         <name>sl_WlanDisconnect</name>
         <value>0x2000ffc1</value>
         <object_component_ref idref="oc-15e"/>
      </symbol>
      <symbol id="sm-14f2">
         <name>sl_WlanPolicySet</name>
         <value>0x2000e585</value>
         <object_component_ref idref="oc-152"/>
      </symbol>
      <symbol id="sm-14f3">
         <name>sl_WlanProfileDel</name>
         <value>0x2000f515</value>
         <object_component_ref idref="oc-158"/>
      </symbol>
      <symbol id="sm-14f4">
         <name>sl_WlanRxFilterSet</name>
         <value>0x2000eb71</value>
         <object_component_ref idref="oc-17c"/>
      </symbol>
      <symbol id="sm-14f5">
         <name>sl_WlanConnect</name>
         <value>0x2000ad69</value>
         <object_component_ref idref="oc-19b"/>
      </symbol>
      <symbol id="sm-14f6">
         <name>sl_WlanSet</name>
         <value>0x2000e2a1</value>
         <object_component_ref idref="oc-16a"/>
      </symbol>
      <symbol id="sm-14f7">
         <name>sl_WlanSetMode</name>
         <value>0x2000f575</value>
         <object_component_ref idref="oc-140"/>
      </symbol>
      <symbol id="sm-1617">
         <name>g_ucDinDout</name>
         <value>0x2001f5c0</value>
      </symbol>
      <symbol id="sm-1618">
         <name>g_cDummy</name>
         <value>0x2001f72e</value>
      </symbol>
      <symbol id="sm-1619">
         <name>NwpMaskInterrupt</name>
         <value>0x20010a1d</value>
         <object_component_ref idref="oc-5ce"/>
      </symbol>
      <symbol id="sm-161a">
         <name>NwpPrePowerOffTimout0</name>
         <value>0x2001049d</value>
         <object_component_ref idref="oc-3bb"/>
      </symbol>
      <symbol id="sm-161b">
         <name>NwpRegisterInterruptHandler</name>
         <value>0x2000fe1d</value>
         <object_component_ref idref="oc-370"/>
      </symbol>
      <symbol id="sm-161c">
         <name>g_pHostIntHdl</name>
         <value>0x2001f440</value>
         <object_component_ref idref="oc-5ba"/>
      </symbol>
      <symbol id="sm-161d">
         <name>simplelink_timerA2_start</name>
         <value>0x2000fed5</value>
         <object_component_ref idref="oc-83a"/>
      </symbol>
      <symbol id="sm-161e">
         <name>NwpUnMaskInterrupt</name>
         <value>0x20010a29</value>
         <object_component_ref idref="oc-5dc"/>
      </symbol>
      <symbol id="sm-161f">
         <name>NwpPowerOff</name>
         <value>0x2000ff89</value>
         <object_component_ref idref="oc-36a"/>
      </symbol>
      <symbol id="sm-1620">
         <name>TimerGetCurrentTimestamp</name>
         <value>0x200104dd</value>
         <object_component_ref idref="oc-7e2"/>
      </symbol>
      <symbol id="sm-1621">
         <name>spi_Read</name>
         <value>0x2000d175</value>
         <object_component_ref idref="oc-7fb"/>
      </symbol>
      <symbol id="sm-1622">
         <name>DmaSpiSwIntHandler</name>
         <value>0x20010321</value>
         <object_component_ref idref="oc-5c0"/>
      </symbol>
      <symbol id="sm-1623">
         <name>NwpPowerOn</name>
         <value>0x20010155</value>
         <object_component_ref idref="oc-376"/>
      </symbol>
      <symbol id="sm-1624">
         <name>spi_Close</name>
         <value>0x2000ee75</value>
         <object_component_ref idref="oc-3c1"/>
      </symbol>
      <symbol id="sm-1625">
         <name>spi_Write</name>
         <value>0x2000e339</value>
         <object_component_ref idref="oc-791"/>
      </symbol>
      <symbol id="sm-1626">
         <name>spi_Open</name>
         <value>0x2000c719</value>
         <object_component_ref idref="oc-35e"/>
      </symbol>
      <symbol id="sm-1627">
         <name>g_ucDMAEnabled</name>
         <value>0x2001f444</value>
         <object_component_ref idref="oc-5ba"/>
      </symbol>
      <symbol id="sm-1628">
         <name>g_SpiFd</name>
         <value>0x2001f43c</value>
         <object_component_ref idref="oc-5ba"/>
      </symbol>
      <symbol id="sm-167f">
         <name>uDMAChannelControlSet</name>
         <value>0x2000ff4d</value>
         <object_component_ref idref="oc-8c3"/>
      </symbol>
      <symbol id="sm-1680">
         <name>uDMAChannelAttributeEnable</name>
         <value>0x2000f3f1</value>
         <object_component_ref idref="oc-8c9"/>
      </symbol>
      <symbol id="sm-1681">
         <name>uDMAChannelTransferSet</name>
         <value>0x2000d265</value>
         <object_component_ref idref="oc-8cf"/>
      </symbol>
      <symbol id="sm-1682">
         <name>uDMAChannelAssign</name>
         <value>0x2000fa9d</value>
         <object_component_ref idref="oc-759"/>
      </symbol>
      <symbol id="sm-1683">
         <name>uDMAChannelAttributeDisable</name>
         <value>0x2000f38d</value>
         <object_component_ref idref="oc-75f"/>
      </symbol>
      <symbol id="sm-1684">
         <name>uDMAChannelEnable</name>
         <value>0x2001069d</value>
         <object_component_ref idref="oc-8d5"/>
      </symbol>
      <symbol id="sm-1685">
         <name>__TI_static_base__</name>
         <value>0x20011598</value>
      </symbol>
      <symbol id="sm-1688">
         <name>SHT$$INIT_ARRAY$$Limit</name>
         <value>0x0</value>
      </symbol>
      <symbol id="sm-1689">
         <name>SHT$$INIT_ARRAY$$Base</name>
         <value>0x0</value>
      </symbol>
   </symbol_table>
   <title>Link successful</title>
</link_info>
