<?xml version="1.0"?>
<link_info>
   <banner>TI ARM Linker PC v16.9.1.LTS</banner>
   <copyright>Copyright (c) 1996-2015 Texas Instruments Incorporated</copyright>
   <link_time>0x5924fb4d</link_time>
   <link_errors>0x0</link_errors>
   <output_file>SSL_REST_API_AWS.out</output_file>
   <entry_point>
      <name>_c_int00</name>
      <address>0x2000c34d</address>
   </entry_point>
   <input_file_list>
      <input_file id="fl-2">
         <path>.\</path>
         <kind>object</kind>
         <file>gpio_if.obj</file>
         <name>gpio_if.obj</name>
      </input_file>
      <input_file id="fl-3">
         <path>.\</path>
         <kind>object</kind>
         <file>main.obj</file>
         <name>main.obj</name>
      </input_file>
      <input_file id="fl-4">
         <path>.\</path>
         <kind>object</kind>
         <file>network_common.obj</file>
         <name>network_common.obj</name>
      </input_file>
      <input_file id="fl-5">
         <path>.\</path>
         <kind>object</kind>
         <file>pinmux.obj</file>
         <name>pinmux.obj</name>
      </input_file>
      <input_file id="fl-6">
         <path>.\</path>
         <kind>object</kind>
         <file>startup_ccs.obj</file>
         <name>startup_ccs.obj</name>
      </input_file>
      <input_file id="fl-7">
         <path>.\</path>
         <kind>object</kind>
         <file>uart_if.obj</file>
         <name>uart_if.obj</name>
      </input_file>
      <input_file id="fl-c3">
         <path>C:\ti\ccsv7\tools\compiler\ti-cgt-arm_16.9.1.LTS\lib\</path>
         <kind>archive</kind>
         <file>rtsv7M4_T_le_eabi.lib</file>
         <name>boot.obj</name>
      </input_file>
      <input_file id="fl-c4">
         <path>C:\ti\ccsv7\tools\compiler\ti-cgt-arm_16.9.1.LTS\lib\</path>
         <kind>archive</kind>
         <file>rtsv7M4_T_le_eabi.lib</file>
         <name>copy_decompress_lzss.obj</name>
      </input_file>
      <input_file id="fl-c5">
         <path>C:\ti\ccsv7\tools\compiler\ti-cgt-arm_16.9.1.LTS\lib\</path>
         <kind>archive</kind>
         <file>rtsv7M4_T_le_eabi.lib</file>
         <name>copy_decompress_none.obj</name>
      </input_file>
      <input_file id="fl-c6">
         <path>C:\ti\ccsv7\tools\compiler\ti-cgt-arm_16.9.1.LTS\lib\</path>
         <kind>archive</kind>
         <file>rtsv7M4_T_le_eabi.lib</file>
         <name>copy_zero_init.obj</name>
      </input_file>
      <input_file id="fl-c7">
         <path>C:\ti\ccsv7\tools\compiler\ti-cgt-arm_16.9.1.LTS\lib\</path>
         <kind>archive</kind>
         <file>rtsv7M4_T_le_eabi.lib</file>
         <name>exit.obj</name>
      </input_file>
      <input_file id="fl-c8">
         <path>C:\ti\ccsv7\tools\compiler\ti-cgt-arm_16.9.1.LTS\lib\</path>
         <kind>archive</kind>
         <file>rtsv7M4_T_le_eabi.lib</file>
         <name>memcpy_t2.obj</name>
      </input_file>
      <input_file id="fl-c9">
         <path>C:\ti\ccsv7\tools\compiler\ti-cgt-arm_16.9.1.LTS\lib\</path>
         <kind>archive</kind>
         <file>rtsv7M4_T_le_eabi.lib</file>
         <name>memmov.obj</name>
      </input_file>
      <input_file id="fl-ca">
         <path>C:\ti\ccsv7\tools\compiler\ti-cgt-arm_16.9.1.LTS\lib\</path>
         <kind>archive</kind>
         <file>rtsv7M4_T_le_eabi.lib</file>
         <name>memory.obj</name>
      </input_file>
      <input_file id="fl-cb">
         <path>C:\ti\ccsv7\tools\compiler\ti-cgt-arm_16.9.1.LTS\lib\</path>
         <kind>archive</kind>
         <file>rtsv7M4_T_le_eabi.lib</file>
         <name>memset_t2.obj</name>
      </input_file>
      <input_file id="fl-cc">
         <path>C:\ti\ccsv7\tools\compiler\ti-cgt-arm_16.9.1.LTS\lib\</path>
         <kind>archive</kind>
         <file>rtsv7M4_T_le_eabi.lib</file>
         <name>mpu_init.obj</name>
      </input_file>
      <input_file id="fl-cd">
         <path>C:\ti\ccsv7\tools\compiler\ti-cgt-arm_16.9.1.LTS\lib\</path>
         <kind>archive</kind>
         <file>rtsv7M4_T_le_eabi.lib</file>
         <name>pre_init.obj</name>
      </input_file>
      <input_file id="fl-ce">
         <path>C:\ti\ccsv7\tools\compiler\ti-cgt-arm_16.9.1.LTS\lib\</path>
         <kind>archive</kind>
         <file>rtsv7M4_T_le_eabi.lib</file>
         <name>sprintf.obj</name>
      </input_file>
      <input_file id="fl-cf">
         <path>C:\ti\ccsv7\tools\compiler\ti-cgt-arm_16.9.1.LTS\lib\</path>
         <kind>archive</kind>
         <file>rtsv7M4_T_le_eabi.lib</file>
         <name>stkdepth_vars.obj</name>
      </input_file>
      <input_file id="fl-d0">
         <path>C:\ti\ccsv7\tools\compiler\ti-cgt-arm_16.9.1.LTS\lib\</path>
         <kind>archive</kind>
         <file>rtsv7M4_T_le_eabi.lib</file>
         <name>strcpy.obj</name>
      </input_file>
      <input_file id="fl-d1">
         <path>C:\ti\ccsv7\tools\compiler\ti-cgt-arm_16.9.1.LTS\lib\</path>
         <kind>archive</kind>
         <file>rtsv7M4_T_le_eabi.lib</file>
         <name>strlen.obj</name>
      </input_file>
      <input_file id="fl-d2">
         <path>C:\ti\ccsv7\tools\compiler\ti-cgt-arm_16.9.1.LTS\lib\</path>
         <kind>archive</kind>
         <file>rtsv7M4_T_le_eabi.lib</file>
         <name>vsnprintf.obj</name>
      </input_file>
      <input_file id="fl-d3">
         <path>C:\ti\ccsv7\tools\compiler\ti-cgt-arm_16.9.1.LTS\lib\</path>
         <kind>archive</kind>
         <file>rtsv7M4_T_le_eabi.lib</file>
         <name>_lock.obj</name>
      </input_file>
      <input_file id="fl-d4">
         <path>C:\ti\ccsv7\tools\compiler\ti-cgt-arm_16.9.1.LTS\lib\</path>
         <kind>archive</kind>
         <file>rtsv7M4_T_le_eabi.lib</file>
         <name>_printfi.obj</name>
      </input_file>
      <input_file id="fl-d5">
         <path>C:\ti\ccsv7\tools\compiler\ti-cgt-arm_16.9.1.LTS\lib\</path>
         <kind>archive</kind>
         <file>rtsv7M4_T_le_eabi.lib</file>
         <name>args_main.obj</name>
      </input_file>
      <input_file id="fl-d6">
         <path>C:\ti\ccsv7\tools\compiler\ti-cgt-arm_16.9.1.LTS\lib\</path>
         <kind>archive</kind>
         <file>rtsv7M4_T_le_eabi.lib</file>
         <name>atoi.obj</name>
      </input_file>
      <input_file id="fl-d7">
         <path>C:\ti\ccsv7\tools\compiler\ti-cgt-arm_16.9.1.LTS\lib\</path>
         <kind>archive</kind>
         <file>rtsv7M4_T_le_eabi.lib</file>
         <name>autoinit.obj</name>
      </input_file>
      <input_file id="fl-d8">
         <path>C:\ti\ccsv7\tools\compiler\ti-cgt-arm_16.9.1.LTS\lib\</path>
         <kind>archive</kind>
         <file>rtsv7M4_T_le_eabi.lib</file>
         <name>cpy_tbl.obj</name>
      </input_file>
      <input_file id="fl-d9">
         <path>C:\ti\ccsv7\tools\compiler\ti-cgt-arm_16.9.1.LTS\lib\</path>
         <kind>archive</kind>
         <file>rtsv7M4_T_le_eabi.lib</file>
         <name>ctype.obj</name>
      </input_file>
      <input_file id="fl-da">
         <path>C:\ti\ccsv7\tools\compiler\ti-cgt-arm_16.9.1.LTS\lib\</path>
         <kind>archive</kind>
         <file>rtsv7M4_T_le_eabi.lib</file>
         <name>fd_add_t2.obj</name>
      </input_file>
      <input_file id="fl-db">
         <path>C:\ti\ccsv7\tools\compiler\ti-cgt-arm_16.9.1.LTS\lib\</path>
         <kind>archive</kind>
         <file>rtsv7M4_T_le_eabi.lib</file>
         <name>fd_cmp_t2.obj</name>
      </input_file>
      <input_file id="fl-dc">
         <path>C:\ti\ccsv7\tools\compiler\ti-cgt-arm_16.9.1.LTS\lib\</path>
         <kind>archive</kind>
         <file>rtsv7M4_T_le_eabi.lib</file>
         <name>fd_div_t2.obj</name>
      </input_file>
      <input_file id="fl-dd">
         <path>C:\ti\ccsv7\tools\compiler\ti-cgt-arm_16.9.1.LTS\lib\</path>
         <kind>archive</kind>
         <file>rtsv7M4_T_le_eabi.lib</file>
         <name>fd_mul_t2.obj</name>
      </input_file>
      <input_file id="fl-de">
         <path>C:\ti\ccsv7\tools\compiler\ti-cgt-arm_16.9.1.LTS\lib\</path>
         <kind>archive</kind>
         <file>rtsv7M4_T_le_eabi.lib</file>
         <name>fd_toi_t2.obj</name>
      </input_file>
      <input_file id="fl-df">
         <path>C:\ti\ccsv7\tools\compiler\ti-cgt-arm_16.9.1.LTS\lib\</path>
         <kind>archive</kind>
         <file>rtsv7M4_T_le_eabi.lib</file>
         <name>i_tofd_t2.obj</name>
      </input_file>
      <input_file id="fl-e0">
         <path>C:\ti\ccsv7\tools\compiler\ti-cgt-arm_16.9.1.LTS\lib\</path>
         <kind>archive</kind>
         <file>rtsv7M4_T_le_eabi.lib</file>
         <name>ltoa.obj</name>
      </input_file>
      <input_file id="fl-e1">
         <path>C:\ti\ccsv7\tools\compiler\ti-cgt-arm_16.9.1.LTS\lib\</path>
         <kind>archive</kind>
         <file>rtsv7M4_T_le_eabi.lib</file>
         <name>memccpy.obj</name>
      </input_file>
      <input_file id="fl-e2">
         <path>C:\ti\ccsv7\tools\compiler\ti-cgt-arm_16.9.1.LTS\lib\</path>
         <kind>archive</kind>
         <file>rtsv7M4_T_le_eabi.lib</file>
         <name>s_frexp.obj</name>
      </input_file>
      <input_file id="fl-e3">
         <path>C:\ti\ccsv7\tools\compiler\ti-cgt-arm_16.9.1.LTS\lib\</path>
         <kind>archive</kind>
         <file>rtsv7M4_T_le_eabi.lib</file>
         <name>s_scalbn.obj</name>
      </input_file>
      <input_file id="fl-e4">
         <path>C:\ti\ccsv7\tools\compiler\ti-cgt-arm_16.9.1.LTS\lib\</path>
         <kind>archive</kind>
         <file>rtsv7M4_T_le_eabi.lib</file>
         <name>startup.obj</name>
      </input_file>
      <input_file id="fl-e5">
         <path>C:\ti\ccsv7\tools\compiler\ti-cgt-arm_16.9.1.LTS\lib\</path>
         <kind>archive</kind>
         <file>rtsv7M4_T_le_eabi.lib</file>
         <name>strchr.obj</name>
      </input_file>
      <input_file id="fl-e6">
         <path>C:\ti\ccsv7\tools\compiler\ti-cgt-arm_16.9.1.LTS\lib\</path>
         <kind>archive</kind>
         <file>rtsv7M4_T_le_eabi.lib</file>
         <name>ull_div_t2.obj</name>
      </input_file>
      <input_file id="fl-e7">
         <path>C:\ti\ccsv7\tools\compiler\ti-cgt-arm_16.9.1.LTS\lib\</path>
         <kind>archive</kind>
         <file>rtsv7M4_T_le_eabi.lib</file>
         <name>errno.obj</name>
      </input_file>
      <input_file id="fl-e8">
         <path>C:\ti\ccsv7\tools\compiler\ti-cgt-arm_16.9.1.LTS\lib\</path>
         <kind>archive</kind>
         <file>rtsv7M4_T_le_eabi.lib</file>
         <name>s_copysign.obj</name>
      </input_file>
      <input_file id="fl-e9">
         <path>C:\ti\CC3200SDK_1.3.0\cc3200-sdk\driverlib\ccs\Release\</path>
         <kind>archive</kind>
         <file>driverlib.a</file>
         <name>gpio.obj</name>
      </input_file>
      <input_file id="fl-ea">
         <path>C:\ti\CC3200SDK_1.3.0\cc3200-sdk\driverlib\ccs\Release\</path>
         <kind>archive</kind>
         <file>driverlib.a</file>
         <name>interrupt.obj</name>
      </input_file>
      <input_file id="fl-eb">
         <path>C:\ti\CC3200SDK_1.3.0\cc3200-sdk\driverlib\ccs\Release\</path>
         <kind>archive</kind>
         <file>driverlib.a</file>
         <name>pin.obj</name>
      </input_file>
      <input_file id="fl-ec">
         <path>C:\ti\CC3200SDK_1.3.0\cc3200-sdk\driverlib\ccs\Release\</path>
         <kind>archive</kind>
         <file>driverlib.a</file>
         <name>prcm.obj</name>
      </input_file>
      <input_file id="fl-ed">
         <path>C:\ti\CC3200SDK_1.3.0\cc3200-sdk\driverlib\ccs\Release\</path>
         <kind>archive</kind>
         <file>driverlib.a</file>
         <name>uart.obj</name>
      </input_file>
      <input_file id="fl-ee">
         <path>C:\ti\CC3200SDK_1.3.0\cc3200-sdk\driverlib\ccs\Release\</path>
         <kind>archive</kind>
         <file>driverlib.a</file>
         <name>utils.obj</name>
      </input_file>
      <input_file id="fl-ef">
         <path>C:\ti\CC3200SDK_1.3.0\cc3200-sdk\driverlib\ccs\Release\</path>
         <kind>archive</kind>
         <file>driverlib.a</file>
         <name>cpu.obj</name>
      </input_file>
      <input_file id="fl-f0">
         <path>C:\ti\CC3200SDK_1.3.0\cc3200-sdk\driverlib\ccs\Release\</path>
         <kind>archive</kind>
         <file>driverlib.a</file>
         <name>flash.obj</name>
      </input_file>
      <input_file id="fl-f1">
         <path>C:\ti\CC3200SDK_1.3.0\cc3200-sdk\simplelink\ccs\NON_OS\</path>
         <kind>archive</kind>
         <file>simplelink.a</file>
         <name>device.obj</name>
      </input_file>
      <input_file id="fl-f2">
         <path>C:\ti\CC3200SDK_1.3.0\cc3200-sdk\simplelink\ccs\NON_OS\</path>
         <kind>archive</kind>
         <file>simplelink.a</file>
         <name>driver.obj</name>
      </input_file>
      <input_file id="fl-f3">
         <path>C:\ti\CC3200SDK_1.3.0\cc3200-sdk\simplelink\ccs\NON_OS\</path>
         <kind>archive</kind>
         <file>simplelink.a</file>
         <name>netapp.obj</name>
      </input_file>
      <input_file id="fl-f4">
         <path>C:\ti\CC3200SDK_1.3.0\cc3200-sdk\simplelink\ccs\NON_OS\</path>
         <kind>archive</kind>
         <file>simplelink.a</file>
         <name>netcfg.obj</name>
      </input_file>
      <input_file id="fl-f5">
         <path>C:\ti\CC3200SDK_1.3.0\cc3200-sdk\simplelink\ccs\NON_OS\</path>
         <kind>archive</kind>
         <file>simplelink.a</file>
         <name>nonos.obj</name>
      </input_file>
      <input_file id="fl-f6">
         <path>C:\ti\CC3200SDK_1.3.0\cc3200-sdk\simplelink\ccs\NON_OS\</path>
         <kind>archive</kind>
         <file>simplelink.a</file>
         <name>socket.obj</name>
      </input_file>
      <input_file id="fl-f7">
         <path>C:\ti\CC3200SDK_1.3.0\cc3200-sdk\simplelink\ccs\NON_OS\</path>
         <kind>archive</kind>
         <file>simplelink.a</file>
         <name>wlan.obj</name>
      </input_file>
      <input_file id="fl-f8">
         <path>C:\ti\CC3200SDK_1.3.0\cc3200-sdk\simplelink\ccs\NON_OS\</path>
         <kind>archive</kind>
         <file>simplelink.a</file>
         <name>cc_pal.obj</name>
      </input_file>
      <input_file id="fl-f9">
         <path>C:\ti\CC3200SDK_1.3.0\cc3200-sdk\driverlib\ccs\Release\</path>
         <kind>archive</kind>
         <file>driverlib.a</file>
         <name>spi.obj</name>
      </input_file>
      <input_file id="fl-fa">
         <path>C:\ti\CC3200SDK_1.3.0\cc3200-sdk\driverlib\ccs\Release\</path>
         <kind>archive</kind>
         <file>driverlib.a</file>
         <name>timer.obj</name>
      </input_file>
      <input_file id="fl-fb">
         <path>C:\ti\CC3200SDK_1.3.0\cc3200-sdk\driverlib\ccs\Release\</path>
         <kind>archive</kind>
         <file>driverlib.a</file>
         <name>udma.obj</name>
      </input_file>
   </input_file_list>
   <object_component_list>
      <object_component id="oc-f">
         <name>.intvecs</name>
         <load_address>0x20004000</load_address>
         <run_address>0x20004000</run_address>
         <size>0x400</size>
         <input_file_ref idref="fl-6"/>
      </object_component>
      <object_component id="oc-a8">
         <name>.text</name>
         <load_address>0x20004400</load_address>
         <run_address>0x20004400</run_address>
         <size>0x1224</size>
         <input_file_ref idref="fl-3"/>
      </object_component>
      <object_component id="oc-3c6">
         <name>.text</name>
         <load_address>0x20005624</load_address>
         <run_address>0x20005624</run_address>
         <size>0x1122</size>
         <input_file_ref idref="fl-d4"/>
      </object_component>
      <object_component id="oc-62e">
         <name>.text:IntDefaultHandler</name>
         <load_address>0x20006746</load_address>
         <run_address>0x20006746</run_address>
         <size>0x2</size>
         <input_file_ref idref="fl-ea"/>
      </object_component>
      <object_component id="oc-63d">
         <name>.text:_SlDrvMsgRead</name>
         <load_address>0x20006748</load_address>
         <run_address>0x20006748</run_address>
         <size>0x590</size>
         <input_file_ref idref="fl-f2"/>
      </object_component>
      <object_component id="oc-215">
         <name>.text</name>
         <load_address>0x20006cd8</load_address>
         <run_address>0x20006cd8</run_address>
         <size>0x3d0</size>
         <input_file_ref idref="fl-ca"/>
      </object_component>
      <object_component id="oc-152">
         <name>.text</name>
         <load_address>0x200070a8</load_address>
         <run_address>0x200070a8</run_address>
         <size>0x398</size>
         <input_file_ref idref="fl-2"/>
      </object_component>
      <object_component id="oc-d8">
         <name>.text</name>
         <load_address>0x20007440</load_address>
         <run_address>0x20007440</run_address>
         <size>0x280</size>
         <input_file_ref idref="fl-7"/>
      </object_component>
      <object_component id="oc-14c">
         <name>.text:sl_WlanConnect</name>
         <load_address>0x200076c0</load_address>
         <run_address>0x200076c0</run_address>
         <size>0x27c</size>
         <input_file_ref idref="fl-f7"/>
      </object_component>
      <object_component id="oc-6b9">
         <name>.text:_SlDrvRxHdrRead</name>
         <load_address>0x2000793c</load_address>
         <run_address>0x2000793c</run_address>
         <size>0x24c</size>
         <input_file_ref idref="fl-f2"/>
      </object_component>
      <object_component id="oc-56f">
         <name>.text</name>
         <load_address>0x20007b88</load_address>
         <run_address>0x20007b88</run_address>
         <size>0x1f4</size>
         <input_file_ref idref="fl-e6"/>
      </object_component>
      <object_component id="oc-3e2">
         <name>.text:_SlDrvDataReadOp</name>
         <load_address>0x20007d7c</load_address>
         <run_address>0x20007d7c</run_address>
         <size>0x1e4</size>
         <input_file_ref idref="fl-f2"/>
      </object_component>
      <object_component id="oc-26d">
         <name>.text:_SlDrvReleasePoolObj</name>
         <load_address>0x20007f60</load_address>
         <run_address>0x20007f60</run_address>
         <size>0x1d0</size>
         <input_file_ref idref="fl-f2"/>
      </object_component>
      <object_component id="oc-598">
         <name>.text</name>
         <load_address>0x20008130</load_address>
         <run_address>0x20008130</run_address>
         <size>0x1b6</size>
         <input_file_ref idref="fl-da"/>
      </object_component>
      <object_component id="oc-59">
         <name>.text</name>
         <load_address>0x200082e6</load_address>
         <run_address>0x200082e6</run_address>
         <size>0x2</size>
         <input_file_ref idref="fl-cc"/>
      </object_component>
      <object_component id="oc-243">
         <name>.text:_SlDrvDriverCBInit</name>
         <load_address>0x200082e8</load_address>
         <run_address>0x200082e8</run_address>
         <size>0x1b4</size>
         <input_file_ref idref="fl-f2"/>
      </object_component>
      <object_component id="oc-4e5">
         <name>.text:_SlDrvMsgWrite</name>
         <load_address>0x2000849c</load_address>
         <run_address>0x2000849c</run_address>
         <size>0x19c</size>
         <input_file_ref idref="fl-f2"/>
      </object_component>
      <object_component id="oc-376">
         <name>.text:_SlDrvWaitForPoolObj</name>
         <load_address>0x20008638</load_address>
         <run_address>0x20008638</run_address>
         <size>0x190</size>
         <input_file_ref idref="fl-f2"/>
      </object_component>
      <object_component id="oc-189">
         <name>.text:sl_Connect</name>
         <load_address>0x200087c8</load_address>
         <run_address>0x200087c8</run_address>
         <size>0x18c</size>
         <input_file_ref idref="fl-f6"/>
      </object_component>
      <object_component id="oc-146">
         <name>.text:PRCMCC3200MCUInit</name>
         <load_address>0x20008954</load_address>
         <run_address>0x20008954</run_address>
         <size>0x178</size>
         <input_file_ref idref="fl-ec"/>
      </object_component>
      <object_component id="oc-6cb">
         <name>.text:_SlFindAndSetActiveObj</name>
         <load_address>0x20008acc</load_address>
         <run_address>0x20008acc</run_address>
         <size>0x170</size>
         <input_file_ref idref="fl-f2"/>
      </object_component>
      <object_component id="oc-3d4">
         <name>.text:_SlDrvDataWriteOp</name>
         <load_address>0x20008c3c</load_address>
         <run_address>0x20008c3c</run_address>
         <size>0x150</size>
         <input_file_ref idref="fl-f2"/>
      </object_component>
      <object_component id="oc-249">
         <name>.text:spi_Open</name>
         <load_address>0x20008d8c</load_address>
         <run_address>0x20008d8c</run_address>
         <size>0x148</size>
         <input_file_ref idref="fl-f8"/>
      </object_component>
      <object_component id="oc-4eb">
         <name>.text:_SlDrvMsgReadCmdCtx</name>
         <load_address>0x20008ed4</load_address>
         <run_address>0x20008ed4</run_address>
         <size>0x144</size>
         <input_file_ref idref="fl-f2"/>
      </object_component>
      <object_component id="oc-16b">
         <name>.text:sl_NetAppDnsGetHostByName</name>
         <load_address>0x20009018</load_address>
         <run_address>0x20009018</run_address>
         <size>0x144</size>
         <input_file_ref idref="fl-f3"/>
      </object_component>
      <object_component id="oc-57e">
         <name>.text</name>
         <load_address>0x2000915c</load_address>
         <run_address>0x2000915c</run_address>
         <size>0x136</size>
         <input_file_ref idref="fl-dc"/>
      </object_component>
      <object_component id="oc-a0">
         <name>.text</name>
         <load_address>0x20009292</load_address>
         <run_address>0x20009292</run_address>
         <size>0x2</size>
         <input_file_ref idref="fl-e4"/>
      </object_component>
      <object_component id="oc-1a3">
         <name>.text:sl_Send</name>
         <load_address>0x20009294</load_address>
         <run_address>0x20009294</run_address>
         <size>0x134</size>
         <input_file_ref idref="fl-f6"/>
      </object_component>
      <object_component id="oc-2b2">
         <name>.text:_SlDrvDriverCBDeinit</name>
         <load_address>0x200093c8</load_address>
         <run_address>0x200093c8</run_address>
         <size>0x130</size>
         <input_file_ref idref="fl-f2"/>
      </object_component>
      <object_component id="oc-724">
         <name>.text:_SlDrvNetAppEventHandler</name>
         <load_address>0x200094f8</load_address>
         <run_address>0x200094f8</run_address>
         <size>0x104</size>
         <input_file_ref idref="fl-f3"/>
      </object_component>
      <object_component id="oc-579">
         <name>.text</name>
         <load_address>0x200095fc</load_address>
         <run_address>0x200095fc</run_address>
         <size>0xfc</size>
         <input_file_ref idref="fl-dd"/>
      </object_component>
      <object_component id="oc-f7">
         <name>.text:sl_Stop</name>
         <load_address>0x200096f8</load_address>
         <run_address>0x200096f8</run_address>
         <size>0xf0</size>
         <input_file_ref idref="fl-f1"/>
      </object_component>
      <object_component id="oc-6c5">
         <name>.text:spi_Read</name>
         <load_address>0x200097e8</load_address>
         <run_address>0x200097e8</run_address>
         <size>0xf0</size>
         <input_file_ref idref="fl-f8"/>
      </object_component>
      <object_component id="oc-7c4">
         <name>.text:uDMAChannelTransferSet</name>
         <load_address>0x200098d8</load_address>
         <run_address>0x200098d8</run_address>
         <size>0xf0</size>
         <input_file_ref idref="fl-fb"/>
      </object_component>
      <object_component id="oc-e5">
         <name>.text:sl_Start</name>
         <load_address>0x200099c8</load_address>
         <run_address>0x200099c8</run_address>
         <size>0xec</size>
         <input_file_ref idref="fl-f1"/>
      </object_component>
      <object_component id="oc-643">
         <name>.text:_SlAsyncEventGenericHandler</name>
         <load_address>0x20009ab4</load_address>
         <run_address>0x20009ab4</run_address>
         <size>0xe8</size>
         <input_file_ref idref="fl-f2"/>
      </object_component>
      <object_component id="oc-4cc">
         <name>.text:_SlDrvMsgReadSpawnCtx</name>
         <load_address>0x20009b9c</load_address>
         <run_address>0x20009b9c</run_address>
         <size>0xe8</size>
         <input_file_ref idref="fl-f2"/>
      </object_component>
      <object_component id="oc-2ed">
         <name>.text:sl_NetAppMDNSRegisterUnregisterService</name>
         <load_address>0x20009c84</load_address>
         <run_address>0x20009c84</run_address>
         <size>0xe4</size>
         <input_file_ref idref="fl-f3"/>
      </object_component>
      <object_component id="oc-6bf">
         <name>.text:_SlDrvClassifyRxMsg</name>
         <load_address>0x20009d68</load_address>
         <run_address>0x20009d68</run_address>
         <size>0xdc</size>
         <input_file_ref idref="fl-f2"/>
      </object_component>
      <object_component id="oc-5a3">
         <name>.text</name>
         <load_address>0x20009e44</load_address>
         <run_address>0x20009e44</run_address>
         <size>0xd0</size>
         <input_file_ref idref="fl-e3"/>
      </object_component>
      <object_component id="oc-782">
         <name>.text:_sl_HandleAsync_DnsGetHostByService</name>
         <load_address>0x20009f14</load_address>
         <run_address>0x20009f14</run_address>
         <size>0xcc</size>
         <input_file_ref idref="fl-f3"/>
      </object_component>
      <object_component id="oc-fd">
         <name>.text:sl_DevGet</name>
         <load_address>0x20009fe0</load_address>
         <run_address>0x20009fe0</run_address>
         <size>0xcc</size>
         <input_file_ref idref="fl-f1"/>
      </object_component>
      <object_component id="oc-4ac">
         <name>.text:_SlRemoveFromList</name>
         <load_address>0x2000a0ac</load_address>
         <run_address>0x2000a0ac</run_address>
         <size>0xc4</size>
         <input_file_ref idref="fl-f2"/>
      </object_component>
      <object_component id="oc-296">
         <name>.text:_SlDrvCmdOp</name>
         <load_address>0x2000a170</load_address>
         <run_address>0x2000a170</run_address>
         <size>0xc0</size>
         <input_file_ref idref="fl-f2"/>
      </object_component>
      <object_component id="oc-41d">
         <name>.text:_SlNonOsSemGet</name>
         <load_address>0x2000a230</load_address>
         <run_address>0x2000a230</run_address>
         <size>0xb0</size>
         <input_file_ref idref="fl-f5"/>
      </object_component>
      <object_component id="oc-48b">
         <name>.text:IntDisable</name>
         <load_address>0x2000a2e0</load_address>
         <run_address>0x2000a2e0</run_address>
         <size>0xa8</size>
         <input_file_ref idref="fl-ea"/>
      </object_component>
      <object_component id="oc-140">
         <name>.text:IntEnable</name>
         <load_address>0x2000a388</load_address>
         <run_address>0x2000a388</run_address>
         <size>0xa8</size>
         <input_file_ref idref="fl-ea"/>
      </object_component>
      <object_component id="oc-4a5">
         <name>.text:_SlDriverHandleError</name>
         <load_address>0x2000a430</load_address>
         <run_address>0x2000a430</run_address>
         <size>0xa4</size>
         <input_file_ref idref="fl-f2"/>
      </object_component>
      <object_component id="oc-43a">
         <name>.text:SPIConfigSetExpClk</name>
         <load_address>0x2000a4d4</load_address>
         <run_address>0x2000a4d4</run_address>
         <size>0xa0</size>
         <input_file_ref idref="fl-f9"/>
      </object_component>
      <object_component id="oc-1af">
         <name>.text:sl_Recv</name>
         <load_address>0x2000a574</load_address>
         <run_address>0x2000a574</run_address>
         <size>0xa0</size>
         <input_file_ref idref="fl-f6"/>
      </object_component>
      <object_component id="oc-41">
         <name>.text</name>
         <load_address>0x2000a614</load_address>
         <run_address>0x2000a614</run_address>
         <size>0x9c</size>
         <input_file_ref idref="fl-c8"/>
      </object_component>
      <object_component id="oc-774">
         <name>.text:_SlDrvDeviceEventHandler</name>
         <load_address>0x2000a6b0</load_address>
         <run_address>0x2000a6b0</run_address>
         <size>0x9a</size>
         <input_file_ref idref="fl-f1"/>
      </object_component>
      <object_component id="oc-159">
         <name>.text:sl_DevSet</name>
         <load_address>0x2000a74c</load_address>
         <run_address>0x2000a74c</run_address>
         <size>0x98</size>
         <input_file_ref idref="fl-f1"/>
      </object_component>
      <object_component id="oc-115">
         <name>.text:sl_NetCfgSet</name>
         <load_address>0x2000a7e4</load_address>
         <run_address>0x2000a7e4</run_address>
         <size>0x98</size>
         <input_file_ref idref="fl-f4"/>
      </object_component>
      <object_component id="oc-183">
         <name>.text:sl_SetSockOpt</name>
         <load_address>0x2000a87c</load_address>
         <run_address>0x2000a87c</run_address>
         <size>0x98</size>
         <input_file_ref idref="fl-f6"/>
      </object_component>
      <object_component id="oc-11b">
         <name>.text:sl_WlanSet</name>
         <load_address>0x2000a914</load_address>
         <run_address>0x2000a914</run_address>
         <size>0x98</size>
         <input_file_ref idref="fl-f7"/>
      </object_component>
      <object_component id="oc-64c">
         <name>.text:spi_Write</name>
         <load_address>0x2000a9ac</load_address>
         <run_address>0x2000a9ac</run_address>
         <size>0x98</size>
         <input_file_ref idref="fl-f8"/>
      </object_component>
      <object_component id="oc-1eb">
         <name>.text:PRCMPeripheralClockGet</name>
         <load_address>0x2000aa44</load_address>
         <run_address>0x2000aa44</run_address>
         <size>0x94</size>
         <input_file_ref idref="fl-ec"/>
      </object_component>
      <object_component id="oc-77c">
         <name>.text:_sl_HandleAsync_DnsGetHostByName</name>
         <load_address>0x2000aad8</load_address>
         <run_address>0x2000aad8</run_address>
         <size>0x90</size>
         <input_file_ref idref="fl-f3"/>
      </object_component>
      <object_component id="oc-72a">
         <name>.text:_sl_HandleAsync_PingResponse</name>
         <load_address>0x2000ab68</load_address>
         <run_address>0x2000ab68</run_address>
         <size>0x90</size>
         <input_file_ref idref="fl-f3"/>
      </object_component>
      <object_component id="oc-103">
         <name>.text:sl_WlanPolicySet</name>
         <load_address>0x2000abf8</load_address>
         <run_address>0x2000abf8</run_address>
         <size>0x90</size>
         <input_file_ref idref="fl-f7"/>
      </object_component>
      <object_component id="oc-731">
         <name>.text:SetupDMAReceive</name>
         <load_address>0x2000ac88</load_address>
         <run_address>0x2000ac88</run_address>
         <size>0x8c</size>
         <input_file_ref idref="fl-f8"/>
      </object_component>
      <object_component id="oc-6d6">
         <name>.text:SetupDMASend</name>
         <load_address>0x2000ad14</load_address>
         <run_address>0x2000ad14</run_address>
         <size>0x8c</size>
         <input_file_ref idref="fl-f8"/>
      </object_component>
      <object_component id="oc-5f2">
         <name>.text:_SlDrvIsTimeoutExpired</name>
         <load_address>0x2000ada0</load_address>
         <run_address>0x2000ada0</run_address>
         <size>0x8c</size>
         <input_file_ref idref="fl-f2"/>
      </object_component>
      <object_component id="oc-7d5">
         <name>.text:_sl_HandleAsync_InitComplete</name>
         <load_address>0x2000ae2c</load_address>
         <run_address>0x2000ae2c</run_address>
         <size>0x8c</size>
         <input_file_ref idref="fl-f1"/>
      </object_component>
      <object_component id="oc-17d">
         <name>.text:sl_Socket</name>
         <load_address>0x2000aeb8</load_address>
         <run_address>0x2000aeb8</run_address>
         <size>0x8c</size>
         <input_file_ref idref="fl-f6"/>
      </object_component>
      <object_component id="oc-55e">
         <name>.text:PinConfigSet</name>
         <load_address>0x2000af44</load_address>
         <run_address>0x2000af44</run_address>
         <size>0x88</size>
         <input_file_ref idref="fl-eb"/>
      </object_component>
      <object_component id="oc-1fd">
         <name>.text</name>
         <load_address>0x2000afcc</load_address>
         <run_address>0x2000afcc</run_address>
         <size>0x88</size>
         <input_file_ref idref="fl-d2"/>
      </object_component>
      <object_component id="oc-574">
         <name>.text:__aeabi_cdcmple</name>
         <load_address>0x2000b054</load_address>
         <run_address>0x2000b054</run_address>
         <size>0x86</size>
         <input_file_ref idref="fl-db"/>
      </object_component>
      <object_component id="oc-583">
         <name>.text:__aeabi_cdrcmple</name>
         <load_address>0x2000b0da</load_address>
         <run_address>0x2000b0da</run_address>
         <size>0x86</size>
         <input_file_ref idref="fl-db"/>
      </object_component>
      <object_component id="oc-12d">
         <name>.text:sl_WlanRxFilterSet</name>
         <load_address>0x2000b160</load_address>
         <run_address>0x2000b160</run_address>
         <size>0x84</size>
         <input_file_ref idref="fl-f7"/>
      </object_component>
      <object_component id="oc-338">
         <name>.text:GPIOIntTypeSet</name>
         <load_address>0x2000b1e4</load_address>
         <run_address>0x2000b1e4</run_address>
         <size>0x82</size>
         <input_file_ref idref="fl-e9"/>
      </object_component>
      <object_component id="oc-7a4">
         <name>.text:_sl_HandleAsync_Connect</name>
         <load_address>0x2000b268</load_address>
         <run_address>0x2000b268</run_address>
         <size>0x80</size>
         <input_file_ref idref="fl-f6"/>
      </object_component>
      <object_component id="oc-737">
         <name>.text:spi_Read_CPU</name>
         <load_address>0x2000b2e8</load_address>
         <run_address>0x2000b2e8</run_address>
         <size>0x80</size>
         <input_file_ref idref="fl-f8"/>
      </object_component>
      <object_component id="oc-6e8">
         <name>.text:spi_Write_CPU</name>
         <load_address>0x2000b368</load_address>
         <run_address>0x2000b368</run_address>
         <size>0x80</size>
         <input_file_ref idref="fl-f8"/>
      </object_component>
      <object_component id="oc-4d">
         <name>.text</name>
         <load_address>0x2000b3e8</load_address>
         <run_address>0x2000b3e8</run_address>
         <size>0x7a</size>
         <input_file_ref idref="fl-cb"/>
      </object_component>
      <object_component id="oc-2ac">
         <name>.text:spi_Close</name>
         <load_address>0x2000b464</load_address>
         <run_address>0x2000b464</run_address>
         <size>0x78</size>
         <input_file_ref idref="fl-f8"/>
      </object_component>
      <object_component id="oc-1f1">
         <name>.text:UARTConfigSetExpClk</name>
         <load_address>0x2000b4dc</load_address>
         <run_address>0x2000b4dc</run_address>
         <size>0x76</size>
         <input_file_ref idref="fl-ed"/>
      </object_component>
      <object_component id="oc-eb">
         <name>.text:_SlNonOsMainLoopTask</name>
         <load_address>0x2000b554</load_address>
         <run_address>0x2000b554</run_address>
         <size>0x74</size>
         <input_file_ref idref="fl-f5"/>
      </object_component>
      <object_component id="oc-65">
         <name>.text</name>
         <load_address>0x2000b5c8</load_address>
         <run_address>0x2000b5c8</run_address>
         <size>0x70</size>
         <input_file_ref idref="fl-d7"/>
      </object_component>
      <object_component id="oc-7df">
         <name>.text:_SlDrvCmdSend</name>
         <load_address>0x2000b638</load_address>
         <run_address>0x2000b638</run_address>
         <size>0x6c</size>
         <input_file_ref idref="fl-f2"/>
      </object_component>
      <object_component id="oc-78e">
         <name>.text:_sl_NetAppSendTokenValue</name>
         <load_address>0x2000b6a4</load_address>
         <run_address>0x2000b6a4</run_address>
         <size>0x6c</size>
         <input_file_ref idref="fl-f3"/>
      </object_component>
      <object_component id="oc-12">
         <name>.text:decompress:lzss</name>
         <load_address>0x2000b710</load_address>
         <run_address>0x2000b710</run_address>
         <size>0x68</size>
         <input_file_ref idref="fl-c4"/>
      </object_component>
      <object_component id="oc-4c6">
         <name>.text:_SlNonOsSpawn</name>
         <load_address>0x2000b778</load_address>
         <run_address>0x2000b778</run_address>
         <size>0x64</size>
         <input_file_ref idref="fl-f5"/>
      </object_component>
      <object_component id="oc-79e">
         <name>.text:_sl_HandleAsync_Accept</name>
         <load_address>0x2000b7dc</load_address>
         <run_address>0x2000b7dc</run_address>
         <size>0x64</size>
         <input_file_ref idref="fl-f6"/>
      </object_component>
      <object_component id="oc-121">
         <name>.text:sl_NetAppMDNSUnRegisterService</name>
         <load_address>0x2000b840</load_address>
         <run_address>0x2000b840</run_address>
         <size>0x64</size>
         <input_file_ref idref="fl-f3"/>
      </object_component>
      <object_component id="oc-609">
         <name>.text:uDMAChannelAttributeDisable</name>
         <load_address>0x2000b8a4</load_address>
         <run_address>0x2000b8a4</run_address>
         <size>0x64</size>
         <input_file_ref idref="fl-fb"/>
      </object_component>
      <object_component id="oc-7be">
         <name>.text:uDMAChannelAttributeEnable</name>
         <load_address>0x2000b908</load_address>
         <run_address>0x2000b908</run_address>
         <size>0x64</size>
         <input_file_ref idref="fl-fb"/>
      </object_component>
      <object_component id="oc-19d">
         <name>.text</name>
         <load_address>0x2000b96c</load_address>
         <run_address>0x2000b96c</run_address>
         <size>0x60</size>
         <input_file_ref idref="fl-ce"/>
      </object_component>
      <object_component id="oc-1a9">
         <name>.text:sl_Close</name>
         <load_address>0x2000b9cc</load_address>
         <run_address>0x2000b9cc</run_address>
         <size>0x60</size>
         <input_file_ref idref="fl-f6"/>
      </object_component>
      <object_component id="oc-109">
         <name>.text:sl_WlanProfileDel</name>
         <load_address>0x2000ba2c</load_address>
         <run_address>0x2000ba2c</run_address>
         <size>0x60</size>
         <input_file_ref idref="fl-f7"/>
      </object_component>
      <object_component id="oc-f1">
         <name>.text:sl_WlanSetMode</name>
         <load_address>0x2000ba8c</load_address>
         <run_address>0x2000ba8c</run_address>
         <size>0x60</size>
         <input_file_ref idref="fl-f7"/>
      </object_component>
      <object_component id="oc-59d">
         <name>.text</name>
         <load_address>0x2000baec</load_address>
         <run_address>0x2000baec</run_address>
         <size>0x5c</size>
         <input_file_ref idref="fl-e2"/>
      </object_component>
      <object_component id="oc-497">
         <name>.text:IntPendClear</name>
         <load_address>0x2000bb48</load_address>
         <run_address>0x2000bb48</run_address>
         <size>0x58</size>
         <input_file_ref idref="fl-ea"/>
      </object_component>
      <object_component id="oc-321">
         <name>.text:PRCMPeripheralReset</name>
         <load_address>0x2000bba0</load_address>
         <run_address>0x2000bba0</run_address>
         <size>0x58</size>
         <input_file_ref idref="fl-ec"/>
      </object_component>
      <object_component id="oc-18f">
         <name>.text</name>
         <load_address>0x2000bbf8</load_address>
         <run_address>0x2000bbf8</run_address>
         <size>0x58</size>
         <input_file_ref idref="fl-5"/>
      </object_component>
      <object_component id="oc-33e">
         <name>.text:IntPrioritySet</name>
         <load_address>0x2000bc50</load_address>
         <run_address>0x2000bc50</run_address>
         <size>0x54</size>
         <input_file_ref idref="fl-ea"/>
      </object_component>
      <object_component id="oc-27f">
         <name>.text:_SlDrvRxIrqHandler</name>
         <load_address>0x2000bca4</load_address>
         <run_address>0x2000bca4</run_address>
         <size>0x54</size>
         <input_file_ref idref="fl-f2"/>
      </object_component>
      <object_component id="oc-7aa">
         <name>.text:_sl_HandleAsync_Select</name>
         <load_address>0x2000bcf8</load_address>
         <run_address>0x2000bcf8</run_address>
         <size>0x54</size>
         <input_file_ref idref="fl-f6"/>
      </object_component>
      <object_component id="oc-71">
         <name>.text</name>
         <load_address>0x2000bd4c</load_address>
         <run_address>0x2000bd4c</run_address>
         <size>0x54</size>
         <input_file_ref idref="fl-c7"/>
      </object_component>
      <object_component id="oc-58d">
         <name>.text</name>
         <load_address>0x2000bda0</load_address>
         <run_address>0x2000bda0</run_address>
         <size>0x54</size>
         <input_file_ref idref="fl-e0"/>
      </object_component>
      <object_component id="oc-7b0">
         <name>.text:_sl_HandleAsync_Stop</name>
         <load_address>0x2000bdf4</load_address>
         <run_address>0x2000bdf4</run_address>
         <size>0x50</size>
         <input_file_ref idref="fl-f1"/>
      </object_component>
      <object_component id="oc-464">
         <name>.text:SPIIntEnable</name>
         <load_address>0x2000be44</load_address>
         <run_address>0x2000be44</run_address>
         <size>0x4c</size>
         <input_file_ref idref="fl-f9"/>
      </object_component>
      <object_component id="oc-657">
         <name>.text:SPIIntNumberGet</name>
         <load_address>0x2000be90</load_address>
         <run_address>0x2000be90</run_address>
         <size>0x4c</size>
         <input_file_ref idref="fl-f9"/>
      </object_component>
      <object_component id="oc-24f">
         <name>.text:_SlDrvProtectAsyncRespSetting</name>
         <load_address>0x2000bedc</load_address>
         <run_address>0x2000bedc</run_address>
         <size>0x4c</size>
         <input_file_ref idref="fl-f2"/>
      </object_component>
      <object_component id="oc-3a7">
         <name>.text:_sl_BuildAddress</name>
         <load_address>0x2000bf28</load_address>
         <run_address>0x2000bf28</run_address>
         <size>0x4c</size>
         <input_file_ref idref="fl-f6"/>
      </object_component>
      <object_component id="oc-5af">
         <name>.text</name>
         <load_address>0x2000bf74</load_address>
         <run_address>0x2000bf74</run_address>
         <size>0x4c</size>
         <input_file_ref idref="fl-d6"/>
      </object_component>
      <object_component id="oc-9a">
         <name>.text</name>
         <load_address>0x2000bfc0</load_address>
         <run_address>0x2000bfc0</run_address>
         <size>0x4c</size>
         <input_file_ref idref="fl-d8"/>
      </object_component>
      <object_component id="oc-603">
         <name>.text:uDMAChannelAssign</name>
         <load_address>0x2000c00c</load_address>
         <run_address>0x2000c00c</run_address>
         <size>0x4c</size>
         <input_file_ref idref="fl-fb"/>
      </object_component>
      <object_component id="oc-539">
         <name>.text:GPIOGetIntNumber</name>
         <load_address>0x2000c058</load_address>
         <run_address>0x2000c058</run_address>
         <size>0x48</size>
         <input_file_ref idref="fl-e9"/>
      </object_component>
      <object_component id="oc-625">
         <name>.text:SPIIntClear</name>
         <load_address>0x2000c0a0</load_address>
         <run_address>0x2000c0a0</run_address>
         <size>0x48</size>
         <input_file_ref idref="fl-f9"/>
      </object_component>
      <object_component id="oc-2d8">
         <name>.text:_SlDrvBasicCmd</name>
         <load_address>0x2000c0e8</load_address>
         <run_address>0x2000c0e8</run_address>
         <size>0x48</size>
         <input_file_ref idref="fl-f2"/>
      </object_component>
      <object_component id="oc-588">
         <name>.text</name>
         <load_address>0x2000c130</load_address>
         <run_address>0x2000c130</run_address>
         <size>0x48</size>
         <input_file_ref idref="fl-de"/>
      </object_component>
      <object_component id="oc-614">
         <name>.text:SPIDmaMaskGet</name>
         <load_address>0x2000c178</load_address>
         <run_address>0x2000c178</run_address>
         <size>0x44</size>
         <input_file_ref idref="fl-f9"/>
      </object_component>
      <object_component id="oc-754">
         <name>.text:TimerConfigure</name>
         <load_address>0x2000c1bc</load_address>
         <run_address>0x2000c1bc</run_address>
         <size>0x44</size>
         <input_file_ref idref="fl-fa"/>
      </object_component>
      <object_component id="oc-267">
         <name>.text:_SlDrvSyncObjWaitTimeout</name>
         <load_address>0x2000c200</load_address>
         <run_address>0x2000c200</run_address>
         <size>0x44</size>
         <input_file_ref idref="fl-f2"/>
      </object_component>
      <object_component id="oc-744">
         <name>.text:cc_SetupTransfer</name>
         <load_address>0x2000c244</load_address>
         <run_address>0x2000c244</run_address>
         <size>0x44</size>
         <input_file_ref idref="fl-f8"/>
      </object_component>
      <object_component id="oc-177">
         <name>.text:sl_Htonl</name>
         <load_address>0x2000c288</load_address>
         <run_address>0x2000c288</run_address>
         <size>0x42</size>
         <input_file_ref idref="fl-f6"/>
      </object_component>
      <object_component id="oc-564">
         <name>.text:PinModeSet</name>
         <load_address>0x2000c2cc</load_address>
         <run_address>0x2000c2cc</run_address>
         <size>0x40</size>
         <input_file_ref idref="fl-eb"/>
      </object_component>
      <object_component id="oc-3ce">
         <name>.text:_sl_TruncatePayloadByProtocol</name>
         <load_address>0x2000c30c</load_address>
         <run_address>0x2000c30c</run_address>
         <size>0x40</size>
         <input_file_ref idref="fl-f6"/>
      </object_component>
      <object_component id="oc-24">
         <name>.text</name>
         <load_address>0x2000c34c</load_address>
         <run_address>0x2000c34c</run_address>
         <size>0x40</size>
         <input_file_ref idref="fl-c3"/>
      </object_component>
      <object_component id="oc-25b">
         <name>.text:NwpRegisterInterruptHandler</name>
         <load_address>0x2000c38c</load_address>
         <run_address>0x2000c38c</run_address>
         <size>0x3e</size>
         <input_file_ref idref="fl-f8"/>
      </object_component>
      <object_component id="oc-795">
         <name>.text:CopyPingResultsToReport</name>
         <load_address>0x2000c3ca</load_address>
         <run_address>0x2000c3ca</run_address>
         <size>0x3c</size>
         <input_file_ref idref="fl-f3"/>
      </object_component>
      <object_component id="oc-31b">
         <name>.text:PRCMPeripheralClkEnable</name>
         <load_address>0x2000c408</load_address>
         <run_address>0x2000c408</run_address>
         <size>0x3c</size>
         <input_file_ref idref="fl-ec"/>
      </object_component>
      <object_component id="oc-70a">
         <name>.text:simplelink_timerA2_start</name>
         <load_address>0x2000c444</load_address>
         <run_address>0x2000c444</run_address>
         <size>0x3c</size>
         <input_file_ref idref="fl-f8"/>
      </object_component>
      <object_component id="oc-171">
         <name>.text:sl_Htons</name>
         <load_address>0x2000c480</load_address>
         <run_address>0x2000c480</run_address>
         <size>0x3c</size>
         <input_file_ref idref="fl-f6"/>
      </object_component>
      <object_component id="oc-7b8">
         <name>.text:uDMAChannelControlSet</name>
         <load_address>0x2000c4bc</load_address>
         <run_address>0x2000c4bc</run_address>
         <size>0x3c</size>
         <input_file_ref idref="fl-fb"/>
      </object_component>
      <object_component id="oc-255">
         <name>.text:NwpPowerOff</name>
         <load_address>0x2000c4f8</load_address>
         <run_address>0x2000c4f8</run_address>
         <size>0x38</size>
         <input_file_ref idref="fl-f8"/>
      </object_component>
      <object_component id="oc-10f">
         <name>.text:sl_WlanDisconnect</name>
         <load_address>0x2000c530</load_address>
         <run_address>0x2000c530</run_address>
         <size>0x38</size>
         <input_file_ref idref="fl-f7"/>
      </object_component>
      <object_component id="oc-3b7">
         <name>.text:GPIODirModeSet</name>
         <load_address>0x2000c568</load_address>
         <run_address>0x2000c568</run_address>
         <size>0x36</size>
         <input_file_ref idref="fl-e9"/>
      </object_component>
      <object_component id="oc-440">
         <name>.text:PRCMPeripheralStatusGet</name>
         <load_address>0x2000c5a0</load_address>
         <run_address>0x2000c5a0</run_address>
         <size>0x34</size>
         <input_file_ref idref="fl-ec"/>
      </object_component>
      <object_component id="oc-458">
         <name>.text:SPIFIFOLevelSet</name>
         <load_address>0x2000c5d4</load_address>
         <run_address>0x2000c5d4</run_address>
         <size>0x34</size>
         <input_file_ref idref="fl-f9"/>
      </object_component>
      <object_component id="oc-3b1">
         <name>.text:PinTypeGPIO</name>
         <load_address>0x2000c608</load_address>
         <run_address>0x2000c608</run_address>
         <size>0x30</size>
         <input_file_ref idref="fl-eb"/>
      </object_component>
      <object_component id="oc-3f0">
         <name>.text:UARTDisable</name>
         <load_address>0x2000c638</load_address>
         <run_address>0x2000c638</run_address>
         <size>0x30</size>
         <input_file_ref idref="fl-ed"/>
      </object_component>
      <object_component id="oc-593">
         <name>.text</name>
         <load_address>0x2000c668</load_address>
         <run_address>0x2000c668</run_address>
         <size>0x2e</size>
         <input_file_ref idref="fl-df"/>
      </object_component>
      <object_component id="oc-261">
         <name>.text:NwpPowerOn</name>
         <load_address>0x2000c698</load_address>
         <run_address>0x2000c698</run_address>
         <size>0x2c</size>
         <input_file_ref idref="fl-f8"/>
      </object_component>
      <object_component id="oc-309">
         <name>.text:PRCMSysResetCauseGet</name>
         <load_address>0x2000c6c4</load_address>
         <run_address>0x2000c6c4</run_address>
         <size>0x2c</size>
         <input_file_ref idref="fl-ec"/>
      </object_component>
      <object_component id="oc-4d9">
         <name>.text:_SlDrvObjGlobalLockWaitForever</name>
         <load_address>0x2000c6f0</load_address>
         <run_address>0x2000c6f0</run_address>
         <size>0x2c</size>
         <input_file_ref idref="fl-f2"/>
      </object_component>
      <object_component id="oc-37c">
         <name>.text:_SlDrvProtectionObjLockWaitForever</name>
         <load_address>0x2000c71c</load_address>
         <run_address>0x2000c71c</run_address>
         <size>0x2c</size>
         <input_file_ref idref="fl-f2"/>
      </object_component>
      <object_component id="oc-760">
         <name>.text:TimerLoadSet</name>
         <load_address>0x2000c748</load_address>
         <run_address>0x2000c748</run_address>
         <size>0x2a</size>
         <input_file_ref idref="fl-fa"/>
      </object_component>
      <object_component id="oc-75a">
         <name>.text:TimerPrescaleSet</name>
         <load_address>0x2000c772</load_address>
         <run_address>0x2000c772</run_address>
         <size>0x2a</size>
         <input_file_ref idref="fl-fa"/>
      </object_component>
      <object_component id="oc-327">
         <name>.text:PRCMPeripheralClkDisable</name>
         <load_address>0x2000c79c</load_address>
         <run_address>0x2000c79c</run_address>
         <size>0x28</size>
         <input_file_ref idref="fl-ec"/>
      </object_component>
      <object_component id="oc-4df">
         <name>.text:_SlDrvGlobalObjUnLock</name>
         <load_address>0x2000c7c4</load_address>
         <run_address>0x2000c7c4</run_address>
         <size>0x28</size>
         <input_file_ref idref="fl-f2"/>
      </object_component>
      <object_component id="oc-382">
         <name>.text:_SlDrvProtectionObjUnLock</name>
         <load_address>0x2000c7ec</load_address>
         <run_address>0x2000c7ec</run_address>
         <size>0x28</size>
         <input_file_ref idref="fl-f2"/>
      </object_component>
      <object_component id="oc-388">
         <name>.text:_SlDrvSyncObjWaitForever</name>
         <load_address>0x2000c814</load_address>
         <run_address>0x2000c814</run_address>
         <size>0x28</size>
         <input_file_ref idref="fl-f2"/>
      </object_component>
      <object_component id="oc-5cd">
         <name>.text:_SlDrvObjLockWaitForever</name>
         <load_address>0x2000c83c</load_address>
         <run_address>0x2000c83c</run_address>
         <size>0x26</size>
         <input_file_ref idref="fl-f2"/>
      </object_component>
      <object_component id="oc-476">
         <name>.text:DmaSpiSwIntHandler</name>
         <load_address>0x2000c864</load_address>
         <run_address>0x2000c864</run_address>
         <size>0x24</size>
         <input_file_ref idref="fl-f8"/>
      </object_component>
      <object_component id="oc-491">
         <name>.text:IntUnregister</name>
         <load_address>0x2000c888</load_address>
         <run_address>0x2000c888</run_address>
         <size>0x24</size>
         <input_file_ref idref="fl-ea"/>
      </object_component>
      <object_component id="oc-3f6">
         <name>.text:UARTEnable</name>
         <load_address>0x2000c8ac</load_address>
         <run_address>0x2000c8ac</run_address>
         <size>0x24</size>
         <input_file_ref idref="fl-ed"/>
      </object_component>
      <object_component id="oc-20f">
         <name>.text</name>
         <load_address>0x2000c8d0</load_address>
         <run_address>0x2000c8d0</run_address>
         <size>0x24</size>
         <input_file_ref idref="fl-c9"/>
      </object_component>
      <object_component id="oc-434">
         <name>.text:SPIReset</name>
         <load_address>0x2000c8f4</load_address>
         <run_address>0x2000c8f4</run_address>
         <size>0x22</size>
         <input_file_ref idref="fl-f9"/>
      </object_component>
      <object_component id="oc-6e2">
         <name>.text:SPIWordCountSet</name>
         <load_address>0x2000c916</load_address>
         <run_address>0x2000c916</run_address>
         <size>0x22</size>
         <input_file_ref idref="fl-f9"/>
      </object_component>
      <object_component id="oc-356">
         <name>.text:GPIOPinWrite</name>
         <load_address>0x2000c938</load_address>
         <run_address>0x2000c938</run_address>
         <size>0x20</size>
         <input_file_ref idref="fl-e9"/>
      </object_component>
      <object_component id="oc-45e">
         <name>.text:IntRegister</name>
         <load_address>0x2000c958</load_address>
         <run_address>0x2000c958</run_address>
         <size>0x20</size>
         <input_file_ref idref="fl-ea"/>
      </object_component>
      <object_component id="oc-2a6">
         <name>.text:NwpPrePowerOffTimout0</name>
         <load_address>0x2000c978</load_address>
         <run_address>0x2000c978</run_address>
         <size>0x20</size>
         <input_file_ref idref="fl-f8"/>
      </object_component>
      <object_component id="oc-6a7">
         <name>.text:TimerGetCurrentTimestamp</name>
         <load_address>0x2000c998</load_address>
         <run_address>0x2000c998</run_address>
         <size>0x20</size>
         <input_file_ref idref="fl-f8"/>
      </object_component>
      <object_component id="oc-5d3">
         <name>.text:_SlDrvObjUnLock</name>
         <load_address>0x2000c9b8</load_address>
         <run_address>0x2000c9b8</run_address>
         <size>0x20</size>
         <input_file_ref idref="fl-f2"/>
      </object_component>
      <object_component id="oc-4b2">
         <name>.text:_SlDrvSyncObjSignal</name>
         <load_address>0x2000c9d8</load_address>
         <run_address>0x2000c9d8</run_address>
         <size>0x20</size>
         <input_file_ref idref="fl-f2"/>
      </object_component>
      <object_component id="oc-344">
         <name>.text:GPIOIntRegister</name>
         <load_address>0x2000c9f8</load_address>
         <run_address>0x2000c9f8</run_address>
         <size>0x1e</size>
         <input_file_ref idref="fl-e9"/>
      </object_component>
      <object_component id="oc-766">
         <name>.text:TimerEnable</name>
         <load_address>0x2000ca16</load_address>
         <run_address>0x2000ca16</run_address>
         <size>0x1e</size>
         <input_file_ref idref="fl-fa"/>
      </object_component>
      <object_component id="oc-1f7">
         <name>.text:UARTCharPut</name>
         <load_address>0x2000ca34</load_address>
         <run_address>0x2000ca34</run_address>
         <size>0x1e</size>
         <input_file_ref idref="fl-ed"/>
      </object_component>
      <object_component id="oc-446">
         <name>.text:cc_UDMAChannelSelect</name>
         <load_address>0x2000ca52</load_address>
         <run_address>0x2000ca52</run_address>
         <size>0x1e</size>
         <input_file_ref idref="fl-f8"/>
      </object_component>
      <object_component id="oc-710">
         <name>.text:TimerValueGet</name>
         <load_address>0x2000ca70</load_address>
         <run_address>0x2000ca70</run_address>
         <size>0x1c</size>
         <input_file_ref idref="fl-fa"/>
      </object_component>
      <object_component id="oc-209">
         <name>.text:UARTCharGetNonBlocking</name>
         <load_address>0x2000ca8c</load_address>
         <run_address>0x2000ca8c</run_address>
         <size>0x1c</size>
         <input_file_ref idref="fl-ed"/>
      </object_component>
      <object_component id="oc-5ec">
         <name>.text:_SlDrvStartMeasureTimeout</name>
         <load_address>0x2000caa8</load_address>
         <run_address>0x2000caa8</run_address>
         <size>0x1c</size>
         <input_file_ref idref="fl-f2"/>
      </object_component>
      <object_component id="oc-5b5">
         <name>.text</name>
         <load_address>0x2000cac4</load_address>
         <run_address>0x2000cac4</run_address>
         <size>0x1c</size>
         <input_file_ref idref="fl-e1"/>
      </object_component>
      <object_component id="oc-7ca">
         <name>.text:uDMAChannelEnable</name>
         <load_address>0x2000cae0</load_address>
         <run_address>0x2000cae0</run_address>
         <size>0x1c</size>
         <input_file_ref idref="fl-fb"/>
      </object_component>
      <object_component id="oc-350">
         <name>.text:GPIOIntEnable</name>
         <load_address>0x2000cafc</load_address>
         <run_address>0x2000cafc</run_address>
         <size>0x1a</size>
         <input_file_ref idref="fl-e9"/>
      </object_component>
      <object_component id="oc-3bd">
         <name>.text:PinTypeUART</name>
         <load_address>0x2000cb16</load_address>
         <run_address>0x2000cb16</run_address>
         <size>0x1a</size>
         <input_file_ref idref="fl-eb"/>
      </object_component>
      <object_component id="oc-503">
         <name>.text:SPIDmaDisable</name>
         <load_address>0x2000cb30</load_address>
         <run_address>0x2000cb30</run_address>
         <size>0x1a</size>
         <input_file_ref idref="fl-f9"/>
      </object_component>
      <object_component id="oc-452">
         <name>.text:SPIDmaEnable</name>
         <load_address>0x2000cb4a</load_address>
         <run_address>0x2000cb4a</run_address>
         <size>0x1a</size>
         <input_file_ref idref="fl-f9"/>
      </object_component>
      <object_component id="oc-4fd">
         <name>.text:SPIFIFODisable</name>
         <load_address>0x2000cb64</load_address>
         <run_address>0x2000cb64</run_address>
         <size>0x1a</size>
         <input_file_ref idref="fl-f9"/>
      </object_component>
      <object_component id="oc-44c">
         <name>.text:SPIFIFOEnable</name>
         <load_address>0x2000cb7e</load_address>
         <run_address>0x2000cb7e</run_address>
         <size>0x1a</size>
         <input_file_ref idref="fl-f9"/>
      </object_component>
      <object_component id="oc-4f7">
         <name>.text:SPIIntUnregister</name>
         <load_address>0x2000cb98</load_address>
         <run_address>0x2000cb98</run_address>
         <size>0x1a</size>
         <input_file_ref idref="fl-f9"/>
      </object_component>
      <object_component id="oc-362">
         <name>.text:GPIOPinRead</name>
         <load_address>0x2000cbb2</load_address>
         <run_address>0x2000cbb2</run_address>
         <size>0x18</size>
         <input_file_ref idref="fl-e9"/>
      </object_component>
      <object_component id="oc-428">
         <name>.text:SPICSDisable</name>
         <load_address>0x2000cbca</load_address>
         <run_address>0x2000cbca</run_address>
         <size>0x18</size>
         <input_file_ref idref="fl-f9"/>
      </object_component>
      <object_component id="oc-6dc">
         <name>.text:SPICSEnable</name>
         <load_address>0x2000cbe2</load_address>
         <run_address>0x2000cbe2</run_address>
         <size>0x18</size>
         <input_file_ref idref="fl-f9"/>
      </object_component>
      <object_component id="oc-42e">
         <name>.text:SPIDisable</name>
         <load_address>0x2000cbfa</load_address>
         <run_address>0x2000cbfa</run_address>
         <size>0x18</size>
         <input_file_ref idref="fl-f9"/>
      </object_component>
      <object_component id="oc-46a">
         <name>.text:SPIEnable</name>
         <load_address>0x2000cc12</load_address>
         <run_address>0x2000cc12</run_address>
         <size>0x18</size>
         <input_file_ref idref="fl-f9"/>
      </object_component>
      <object_component id="oc-203">
         <name>.text:UARTCharsAvail</name>
         <load_address>0x2000cc2a</load_address>
         <run_address>0x2000cc2a</run_address>
         <size>0x18</size>
         <input_file_ref idref="fl-ed"/>
      </object_component>
      <object_component id="oc-417">
         <name>.text:_SlNonOsSemSet</name>
         <load_address>0x2000cc42</load_address>
         <run_address>0x2000cc42</run_address>
         <size>0x18</size>
         <input_file_ref idref="fl-f5"/>
      </object_component>
      <object_component id="oc-273">
         <name>.text:_sl_GetStartResponseConvert</name>
         <load_address>0x2000cc5c</load_address>
         <run_address>0x2000cc5c</run_address>
         <size>0x18</size>
         <input_file_ref idref="fl-f1"/>
      </object_component>
      <object_component id="oc-6b">
         <name>.text</name>
         <load_address>0x2000cc74</load_address>
         <run_address>0x2000cc74</run_address>
         <size>0x18</size>
         <input_file_ref idref="fl-d5"/>
      </object_component>
      <object_component id="oc-30f">
         <name>.text:PRCMHIBRegRead</name>
         <load_address>0x2000cc8c</load_address>
         <run_address>0x2000cc8c</run_address>
         <size>0x16</size>
         <input_file_ref idref="fl-ec"/>
      </object_component>
      <object_component id="oc-315">
         <name>.text:PRCMHIBRegWrite</name>
         <load_address>0x2000cca2</load_address>
         <run_address>0x2000cca2</run_address>
         <size>0x16</size>
         <input_file_ref idref="fl-ec"/>
      </object_component>
      <object_component id="oc-32e">
         <name>.text:_SlDrvMemZero</name>
         <load_address>0x2000ccb8</load_address>
         <run_address>0x2000ccb8</run_address>
         <size>0x16</size>
         <input_file_ref idref="fl-f2"/>
      </object_component>
      <object_component id="oc-5a9">
         <name>.text</name>
         <load_address>0x2000ccce</load_address>
         <run_address>0x2000ccce</run_address>
         <size>0x16</size>
         <input_file_ref idref="fl-e5"/>
      </object_component>
      <object_component id="oc-2fe">
         <name>.text:CPUcpsie</name>
         <load_address>0x2000cce4</load_address>
         <run_address>0x2000cce4</run_address>
         <size>0x14</size>
         <input_file_ref idref="fl-ef"/>
      </object_component>
      <object_component id="oc-34a">
         <name>.text:GPIOIntClear</name>
         <load_address>0x2000ccf8</load_address>
         <run_address>0x2000ccf8</run_address>
         <size>0x14</size>
         <input_file_ref idref="fl-e9"/>
      </object_component>
      <object_component id="oc-134">
         <name>.text:IntVTableBaseSet</name>
         <load_address>0x2000cd0c</load_address>
         <run_address>0x2000cd0c</run_address>
         <size>0x14</size>
         <input_file_ref idref="fl-ea"/>
      </object_component>
      <object_component id="oc-1d3">
         <name>.text</name>
         <load_address>0x2000cd20</load_address>
         <run_address>0x2000cd20</run_address>
         <size>0x14</size>
         <input_file_ref idref="fl-d3"/>
      </object_component>
      <object_component id="oc-197">
         <name>.text</name>
         <load_address>0x2000cd34</load_address>
         <run_address>0x2000cd34</run_address>
         <size>0x14</size>
         <input_file_ref idref="fl-d0"/>
      </object_component>
      <object_component id="oc-165">
         <name>.text</name>
         <load_address>0x2000cd48</load_address>
         <run_address>0x2000cd48</run_address>
         <size>0x14</size>
         <input_file_ref idref="fl-d1"/>
      </object_component>
      <object_component id="oc-788">
         <name>.text:_SlDrvDispatchHttpServerEvents</name>
         <load_address>0x2000cd5c</load_address>
         <run_address>0x2000cd5c</run_address>
         <size>0x10</size>
         <input_file_ref idref="fl-f2"/>
      </object_component>
      <object_component id="oc-2c1">
         <name>.text:_SlDrvResetCmdExt</name>
         <load_address>0x2000cd6c</load_address>
         <run_address>0x2000cd6c</run_address>
         <size>0xe</size>
         <input_file_ref idref="fl-f2"/>
      </object_component>
      <object_component id="oc-18">
         <name>.text:decompress:none</name>
         <load_address>0x2000cd7a</load_address>
         <run_address>0x2000cd7a</run_address>
         <size>0xe</size>
         <input_file_ref idref="fl-c5"/>
      </object_component>
      <object_component id="oc-2d">
         <name>.text</name>
         <load_address>0x2000cd88</load_address>
         <run_address>0x2000cd88</run_address>
         <size>0xe</size>
         <input_file_ref idref="fl-6"/>
      </object_component>
      <object_component id="oc-484">
         <name>.text:NwpMaskInterrupt</name>
         <load_address>0x2000cd98</load_address>
         <run_address>0x2000cd98</run_address>
         <size>0xc</size>
         <input_file_ref idref="fl-f8"/>
      </object_component>
      <object_component id="oc-49e">
         <name>.text:NwpUnMaskInterrupt</name>
         <load_address>0x2000cda4</load_address>
         <run_address>0x2000cda4</run_address>
         <size>0xc</size>
         <input_file_ref idref="fl-f8"/>
      </object_component>
      <object_component id="oc-1e">
         <name>.text:decompress:ZI</name>
         <load_address>0x2000cdb0</load_address>
         <run_address>0x2000cdb0</run_address>
         <size>0xc</size>
         <input_file_ref idref="fl-c6"/>
      </object_component>
      <object_component id="oc-13a">
         <name>.text:IntMasterEnable</name>
         <load_address>0x2000cdbc</load_address>
         <run_address>0x2000cdbc</run_address>
         <size>0xa</size>
         <input_file_ref idref="fl-ea"/>
      </object_component>
      <object_component id="oc-688">
         <name>.text</name>
         <load_address>0x2000cdc6</load_address>
         <run_address>0x2000cdc6</run_address>
         <size>0x8</size>
         <input_file_ref idref="fl-e8"/>
      </object_component>
      <object_component id="oc-158">
         <name>.text:UtilsDelay</name>
         <load_address>0x2000cdce</load_address>
         <run_address>0x2000cdce</run_address>
         <size>0x6</size>
         <input_file_ref idref="fl-ee"/>
      </object_component>
      <object_component id="oc-5f">
         <name>.text</name>
         <load_address>0x2000cdd4</load_address>
         <run_address>0x2000cdd4</run_address>
         <size>0x4</size>
         <input_file_ref idref="fl-cd"/>
      </object_component>
      <object_component id="oc-695">
         <name>.const:.string:_ctypes_</name>
         <load_address>0x2000cdd8</load_address>
         <run_address>0x2000cdd8</run_address>
         <size>0x101</size>
         <input_file_ref idref="fl-d9"/>
      </object_component>
      <object_component id="oc-672">
         <name>.const:g_ulPinToPadMap</name>
         <load_address>0x2000cedc</load_address>
         <run_address>0x2000cedc</run_address>
         <size>0x100</size>
         <input_file_ref idref="fl-eb"/>
      </object_component>
      <object_component id="oc-535">
         <name>.const:g_pulRegs</name>
         <load_address>0x2000cfdc</load_address>
         <run_address>0x2000cfdc</run_address>
         <size>0xd4</size>
         <input_file_ref idref="fl-ea"/>
      </object_component>
      <object_component id="oc-52a">
         <name>.const:PRCM_PeriphRegsList</name>
         <load_address>0x2000d0b0</load_address>
         <run_address>0x2000d0b0</run_address>
         <size>0xa8</size>
         <input_file_ref idref="fl-ec"/>
      </object_component>
      <object_component id="oc-305">
         <name>.const</name>
         <load_address>0x2000d158</load_address>
         <run_address>0x2000d158</run_address>
         <size>0x80</size>
         <input_file_ref idref="fl-ea"/>
      </object_component>
      <object_component id="oc-6d2">
         <name>.const:OpcodeTranslateTable</name>
         <load_address>0x2000d1d8</load_address>
         <run_address>0x2000d1d8</run_address>
         <size>0x3c</size>
         <input_file_ref idref="fl-f2"/>
      </object_component>
      <object_component id="oc-73e">
         <name>.const:_SlActionLookupTable</name>
         <load_address>0x2000d214</load_address>
         <run_address>0x2000d214</run_address>
         <size>0x38</size>
         <input_file_ref idref="fl-f2"/>
      </object_component>
      <object_component id="oc-127">
         <name>.const:$P$T1$2</name>
         <load_address>0x2000d24c</load_address>
         <run_address>0x2000d24c</run_address>
         <size>0x2c</size>
         <input_file_ref idref="fl-3"/>
      </object_component>
      <object_component id="oc-22a">
         <name>.const:.string</name>
         <load_address>0x2000d278</load_address>
         <run_address>0x2000d278</run_address>
         <size>0x2a</size>
         <input_file_ref idref="fl-3"/>
      </object_component>
      <object_component id="oc-6f1">
         <name>.const:g_ppulSPIIntMap</name>
         <load_address>0x2000d2a4</load_address>
         <run_address>0x2000d2a4</run_address>
         <size>0x24</size>
         <input_file_ref idref="fl-f9"/>
      </object_component>
      <object_component id="oc-133">
         <name>.const:.string:$P$T0$1</name>
         <load_address>0x2000d2c8</load_address>
         <run_address>0x2000d2c8</run_address>
         <size>0x22</size>
         <input_file_ref idref="fl-3"/>
      </object_component>
      <object_component id="oc-721">
         <name>.const:RxMsgClassLUT</name>
         <load_address>0x2000d2ec</load_address>
         <run_address>0x2000d2ec</run_address>
         <size>0x20</size>
         <input_file_ref idref="fl-f2"/>
      </object_component>
      <object_component id="oc-6b3">
         <name>.const</name>
         <load_address>0x2000d30c</load_address>
         <run_address>0x2000d30c</run_address>
         <size>0x18</size>
         <input_file_ref idref="fl-f9"/>
      </object_component>
      <object_component id="oc-195">
         <name>.const:.string:$P$T6$7</name>
         <load_address>0x2000d324</load_address>
         <run_address>0x2000d324</run_address>
         <size>0x15</size>
         <input_file_ref idref="fl-3"/>
      </object_component>
      <object_component id="oc-71a">
         <name>.const:$P$T0$1</name>
         <load_address>0x2000d33c</load_address>
         <run_address>0x2000d33c</run_address>
         <size>0x14</size>
         <input_file_ref idref="fl-f2"/>
      </object_component>
      <object_component id="oc-5f8">
         <name>.const:$P$T0$1</name>
         <load_address>0x2000d350</load_address>
         <run_address>0x2000d350</run_address>
         <size>0x14</size>
         <input_file_ref idref="fl-f5"/>
      </object_component>
      <object_component id="oc-12a">
         <name>.const:$P$T2$3</name>
         <load_address>0x2000d364</load_address>
         <run_address>0x2000d364</run_address>
         <size>0x14</size>
         <input_file_ref idref="fl-3"/>
      </object_component>
      <object_component id="oc-5c9">
         <name>.const:.string:_SlPayloadByProtocolLUT</name>
         <load_address>0x2000d378</load_address>
         <run_address>0x2000d378</run_address>
         <size>0x10</size>
         <input_file_ref idref="fl-f6"/>
      </object_component>
      <object_component id="oc-15f">
         <name>.const:$P$T4$5</name>
         <load_address>0x2000d388</load_address>
         <run_address>0x2000d388</run_address>
         <size>0xc</size>
         <input_file_ref idref="fl-3"/>
      </object_component>
      <object_component id="oc-162">
         <name>.const:.string:$P$T3$4</name>
         <load_address>0x2000d394</load_address>
         <run_address>0x2000d394</run_address>
         <size>0xc</size>
         <input_file_ref idref="fl-3"/>
      </object_component>
      <object_component id="oc-164">
         <name>.const:.string:$P$T5$6</name>
         <load_address>0x2000d3a0</load_address>
         <run_address>0x2000d3a0</run_address>
         <size>0x9</size>
         <input_file_ref idref="fl-3"/>
      </object_component>
      <object_component id="oc-4b9">
         <name>.const:StartResponseLUT</name>
         <load_address>0x2000d3a9</load_address>
         <run_address>0x2000d3a9</run_address>
         <size>0x8</size>
         <input_file_ref idref="fl-f1"/>
      </object_component>
      <object_component id="oc-71d">
         <name>.const:g_H2NCnysPattern</name>
         <load_address>0x2000d3b4</load_address>
         <run_address>0x2000d3b4</run_address>
         <size>0x8</size>
         <input_file_ref idref="fl-f2"/>
      </object_component>
      <object_component id="oc-652">
         <name>.const:g_H2NSyncPattern</name>
         <load_address>0x2000d3bc</load_address>
         <run_address>0x2000d3bc</run_address>
         <size>0x8</size>
         <input_file_ref idref="fl-f2"/>
      </object_component>
      <object_component id="oc-196">
         <name>.const:.string:$P$T7$8</name>
         <load_address>0x2000d3c4</load_address>
         <run_address>0x2000d3c4</run_address>
         <size>0x5</size>
         <input_file_ref idref="fl-3"/>
      </object_component>
      <object_component id="oc-334">
         <name>.const:$P$T0$1</name>
         <load_address>0x2000d3ca</load_address>
         <run_address>0x2000d3ca</run_address>
         <size>0x4</size>
         <input_file_ref idref="fl-f7"/>
      </object_component>
      <object_component id="oc-3ad">
         <name>.const:$P$T2$3</name>
         <load_address>0x2000d3ce</load_address>
         <run_address>0x2000d3ce</run_address>
         <size>0x4</size>
         <input_file_ref idref="fl-f6"/>
      </object_component>
      <object_component id="oc-2c7">
         <name>.const:_SlDeviceGetCmdCtrl</name>
         <load_address>0x2000d3d2</load_address>
         <run_address>0x2000d3d2</run_address>
         <size>0x4</size>
         <input_file_ref idref="fl-f1"/>
      </object_component>
      <object_component id="oc-36e">
         <name>.const:_SlDeviceSetCmdCtrl</name>
         <load_address>0x2000d3d6</load_address>
         <run_address>0x2000d3d6</run_address>
         <size>0x4</size>
         <input_file_ref idref="fl-f1"/>
      </object_component>
      <object_component id="oc-38e">
         <name>.const:_SlGetHostByNameCtrl</name>
         <load_address>0x2000d3da</load_address>
         <run_address>0x2000d3da</run_address>
         <size>0x4</size>
         <input_file_ref idref="fl-f3"/>
      </object_component>
      <object_component id="oc-7e5">
         <name>.const:_SlNetAppSendTokenValueCmdCtrl</name>
         <load_address>0x2000d3de</load_address>
         <run_address>0x2000d3de</run_address>
         <size>0x4</size>
         <input_file_ref idref="fl-f3"/>
      </object_component>
      <object_component id="oc-2df">
         <name>.const:_SlNetCfgSetCmdCtrl</name>
         <load_address>0x2000d3e2</load_address>
         <run_address>0x2000d3e2</run_address>
         <size>0x4</size>
         <input_file_ref idref="fl-f4"/>
      </object_component>
      <object_component id="oc-2d0">
         <name>.const:_SlPolicySetCmdCtrl</name>
         <load_address>0x2000d3e6</load_address>
         <run_address>0x2000d3e6</run_address>
         <size>0x4</size>
         <input_file_ref idref="fl-f7"/>
      </object_component>
      <object_component id="oc-2d4">
         <name>.const:_SlProfileDelCmdCtrl</name>
         <load_address>0x2000d3ea</load_address>
         <run_address>0x2000d3ea</run_address>
         <size>0x4</size>
         <input_file_ref idref="fl-f7"/>
      </object_component>
      <object_component id="oc-3e8">
         <name>.const:_SlRecvCmdCtrl</name>
         <load_address>0x2000d3ee</load_address>
         <run_address>0x2000d3ee</run_address>
         <size>0x4</size>
         <input_file_ref idref="fl-f6"/>
      </object_component>
      <object_component id="oc-51b">
         <name>.const:_SlRegisterServiceCtrl</name>
         <load_address>0x2000d3f2</load_address>
         <run_address>0x2000d3f2</run_address>
         <size>0x4</size>
         <input_file_ref idref="fl-f3"/>
      </object_component>
      <object_component id="oc-2f9">
         <name>.const:_SlRxFilterSetCmdCtrl</name>
         <load_address>0x2000d3f6</load_address>
         <run_address>0x2000d3f6</run_address>
         <size>0x4</size>
         <input_file_ref idref="fl-f7"/>
      </object_component>
      <object_component id="oc-3da">
         <name>.const:_SlSendCmdCtrl</name>
         <load_address>0x2000d3fa</load_address>
         <run_address>0x2000d3fa</run_address>
         <size>0x4</size>
         <input_file_ref idref="fl-f6"/>
      </object_component>
      <object_component id="oc-3a3">
[...]
      <symbol id="sm-8ae">
         <name>UtilsDelay</name>
         <value>0x2000cdcf</value>
         <object_component_ref idref="oc-158"/>
      </symbol>
      <symbol id="sm-8b8">
         <name>CPUcpsie</name>
         <value>0x2000cce5</value>
         <object_component_ref idref="oc-2fe"/>
      </symbol>
      <symbol id="sm-96f">
         <name>_sl_HandleAsync_InitComplete</name>
         <value>0x2000ae2d</value>
         <object_component_ref idref="oc-7d5"/>
      </symbol>
      <symbol id="sm-970">
         <name>_SlDrvDeviceEventHandler</name>
         <value>0x2000a6b1</value>
         <object_component_ref idref="oc-774"/>
      </symbol>
      <symbol id="sm-971">
         <name>_sl_HandleAsync_Stop</name>
         <value>0x2000bdf5</value>
         <object_component_ref idref="oc-7b0"/>
      </symbol>
      <symbol id="sm-972">
         <name>sl_DevSet</name>
         <value>0x2000a74d</value>
         <object_component_ref idref="oc-159"/>
      </symbol>
      <symbol id="sm-973">
         <name>sl_Stop</name>
         <value>0x200096f9</value>
         <object_component_ref idref="oc-f7"/>
      </symbol>
      <symbol id="sm-974">
         <name>sl_Start</name>
         <value>0x200099c9</value>
         <object_component_ref idref="oc-e5"/>
      </symbol>
      <symbol id="sm-975">
         <name>sl_DevGet</name>
         <value>0x20009fe1</value>
         <object_component_ref idref="oc-fd"/>
      </symbol>
      <symbol id="sm-c24">
         <name>RxIrqCnt</name>
         <value>0x2001f214</value>
      </symbol>
      <symbol id="sm-c25">
         <name>g_bDeviceRestartIsRequired</name>
         <value>0x2001f215</value>
      </symbol>
      <symbol id="sm-c26">
         <name>_SlDrvProtectionObjUnLock</name>
         <value>0x2000c7ed</value>
         <object_component_ref idref="oc-382"/>
      </symbol>
      <symbol id="sm-c27">
         <name>_SlDrvBasicCmd</name>
         <value>0x2000c0e9</value>
         <object_component_ref idref="oc-2d8"/>
      </symbol>
      <symbol id="sm-c28">
         <name>_SlDrvObjUnLock</name>
         <value>0x2000c9b9</value>
         <object_component_ref idref="oc-5d3"/>
      </symbol>
      <symbol id="sm-c29">
         <name>_SlDrvObjLockWaitForever</name>
         <value>0x2000c83d</value>
         <object_component_ref idref="oc-5cd"/>
      </symbol>
      <symbol id="sm-c2a">
         <name>_SlDrvMsgReadSpawnCtx</name>
         <value>0x20009b9d</value>
         <object_component_ref idref="oc-4cc"/>
      </symbol>
      <symbol id="sm-c2b">
         <name>_SlDrvDispatchHttpServerEvents</name>
         <value>0x2000cd5d</value>
         <object_component_ref idref="oc-788"/>
      </symbol>
      <symbol id="sm-c2c">
         <name>_SlDriverHandleError</name>
         <value>0x2000a431</value>
         <object_component_ref idref="oc-4a5"/>
      </symbol>
      <symbol id="sm-c2d">
         <name>_SlDrvDriverCBDeinit</name>
         <value>0x200093c9</value>
         <object_component_ref idref="oc-2b2"/>
      </symbol>
      <symbol id="sm-c2e">
         <name>_SlDrvStartMeasureTimeout</name>
         <value>0x2000caa9</value>
         <object_component_ref idref="oc-5ec"/>
      </symbol>
      <symbol id="sm-c2f">
         <name>_SlDrvResetCmdExt</name>
         <value>0x2000cd6d</value>
         <object_component_ref idref="oc-2c1"/>
      </symbol>
      <symbol id="sm-c30">
         <name>_SlDrvIsTimeoutExpired</name>
         <value>0x2000ada1</value>
         <object_component_ref idref="oc-5f2"/>
      </symbol>
      <symbol id="sm-c31">
         <name>_SlDrvProtectAsyncRespSetting</name>
         <value>0x2000bedd</value>
         <object_component_ref idref="oc-24f"/>
      </symbol>
      <symbol id="sm-c32">
         <name>_SlDrvReleasePoolObj</name>
         <value>0x20007f61</value>
         <object_component_ref idref="oc-26d"/>
      </symbol>
      <symbol id="sm-c33">
         <name>OpcodeTranslateTable</name>
         <value>0x2000d1d8</value>
         <object_component_ref idref="oc-6d2"/>
      </symbol>
      <symbol id="sm-c34">
         <name>pPingCallBackFunc</name>
         <value>0x2001f284</value>
         <object_component_ref idref="oc-27c"/>
      </symbol>
      <symbol id="sm-c35">
         <name>_SlDrvDriverCBInit</name>
         <value>0x200082e9</value>
         <object_component_ref idref="oc-243"/>
      </symbol>
      <symbol id="sm-c36">
         <name>g_pCB</name>
         <value>0x2001f280</value>
         <object_component_ref idref="oc-27c"/>
      </symbol>
      <symbol id="sm-c37">
         <name>_SlDrvProtectionObjLockWaitForever</name>
         <value>0x2000c71d</value>
         <object_component_ref idref="oc-37c"/>
      </symbol>
      <symbol id="sm-c38">
         <name>_SlDrvCmdOp</name>
         <value>0x2000a171</value>
         <object_component_ref idref="oc-296"/>
      </symbol>
      <symbol id="sm-c39">
         <name>_SlDrvSyncObjWaitTimeout</name>
         <value>0x2000c201</value>
         <object_component_ref idref="oc-267"/>
      </symbol>
      <symbol id="sm-c3a">
         <name>_SlDrvGlobalObjUnLock</name>
         <value>0x2000c7c5</value>
         <object_component_ref idref="oc-4df"/>
      </symbol>
      <symbol id="sm-c3b">
         <name>_SlDrvMemZero</name>
         <value>0x2000ccb9</value>
         <object_component_ref idref="oc-32e"/>
      </symbol>
      <symbol id="sm-c3c">
         <name>_SlDrvWaitForPoolObj</name>
         <value>0x20008639</value>
         <object_component_ref idref="oc-376"/>
      </symbol>
      <symbol id="sm-c3d">
         <name>_SlDrvSyncObjSignal</name>
         <value>0x2000c9d9</value>
         <object_component_ref idref="oc-4b2"/>
      </symbol>
      <symbol id="sm-c3e">
         <name>_SlDrvDataReadOp</name>
         <value>0x20007d7d</value>
         <object_component_ref idref="oc-3e2"/>
      </symbol>
      <symbol id="sm-c3f">
         <name>_SlDrvDataWriteOp</name>
         <value>0x20008c3d</value>
         <object_component_ref idref="oc-3d4"/>
      </symbol>
      <symbol id="sm-c40">
         <name>_SlDrvRxIrqHandler</name>
         <value>0x2000bca5</value>
         <object_component_ref idref="oc-27f"/>
      </symbol>
      <symbol id="sm-c41">
         <name>_SlDrvSyncObjWaitForever</name>
         <value>0x2000c815</value>
         <object_component_ref idref="oc-388"/>
      </symbol>
      <symbol id="sm-c42">
         <name>g_SlDeviceStatus</name>
         <value>0x2001f27c</value>
         <object_component_ref idref="oc-27c"/>
      </symbol>
      <symbol id="sm-c43">
         <name>_SlDrvCmdSend</name>
         <value>0x2000b639</value>
         <object_component_ref idref="oc-7df"/>
      </symbol>
      <symbol id="sm-c44">
         <name>_SlActionLookupTable</name>
         <value>0x2000d214</value>
         <object_component_ref idref="oc-73e"/>
      </symbol>
      <symbol id="sm-cec">
         <name>sl_NetAppMDNSUnRegisterService</name>
         <value>0x2000b841</value>
         <object_component_ref idref="oc-121"/>
      </symbol>
      <symbol id="sm-ced">
         <name>_SlNetAppSendTokenValueCmdCtrl</name>
         <value>0x2000d3de</value>
         <object_component_ref idref="oc-7e5"/>
      </symbol>
      <symbol id="sm-cee">
         <name>sl_NetAppDnsGetHostByName</name>
         <value>0x20009019</value>
         <object_component_ref idref="oc-16b"/>
      </symbol>
      <symbol id="sm-cef">
         <name>_sl_HandleAsync_DnsGetHostByName</name>
         <value>0x2000aad9</value>
         <object_component_ref idref="oc-77c"/>
      </symbol>
      <symbol id="sm-cf0">
         <name>_sl_HandleAsync_PingResponse</name>
         <value>0x2000ab69</value>
         <object_component_ref idref="oc-72a"/>
      </symbol>
      <symbol id="sm-cf1">
         <name>_SlDrvNetAppEventHandler</name>
         <value>0x200094f9</value>
         <object_component_ref idref="oc-724"/>
      </symbol>
      <symbol id="sm-cf2">
         <name>_sl_HandleAsync_DnsGetHostByService</name>
         <value>0x20009f15</value>
         <object_component_ref idref="oc-782"/>
      </symbol>
      <symbol id="sm-cf3">
         <name>_sl_NetAppSendTokenValue</name>
         <value>0x2000b6a5</value>
         <object_component_ref idref="oc-78e"/>
      </symbol>
      <symbol id="sm-cf4">
         <name>sl_NetAppMDNSRegisterUnregisterService</name>
         <value>0x20009c85</value>
         <object_component_ref idref="oc-2ed"/>
      </symbol>
      <symbol id="sm-d16">
         <name>sl_NetCfgSet</name>
         <value>0x2000a7e5</value>
         <object_component_ref idref="oc-115"/>
      </symbol>
      <symbol id="sm-d5e">
         <name>_SlNonOsSemSet</name>
         <value>0x2000cc43</value>
         <object_component_ref idref="oc-417"/>
      </symbol>
      <symbol id="sm-d5f">
         <name>_SlNonOsSpawn</name>
         <value>0x2000b779</value>
         <object_component_ref idref="oc-4c6"/>
      </symbol>
      <symbol id="sm-d60">
         <name>_SlNonOsSemGet</name>
         <value>0x2000a231</value>
         <object_component_ref idref="oc-41d"/>
      </symbol>
      <symbol id="sm-d61">
         <name>_SlNonOsMainLoopTask</name>
         <value>0x2000b555</value>
         <object_component_ref idref="oc-eb"/>
      </symbol>
      <symbol id="sm-d62">
         <name>g__SlNonOsCB</name>
         <value>0x2001f21c</value>
         <object_component_ref idref="oc-291"/>
      </symbol>
      <symbol id="sm-e63">
         <name>sl_Recv</name>
         <value>0x2000a575</value>
         <object_component_ref idref="oc-1af"/>
      </symbol>
      <symbol id="sm-e64">
         <name>sl_Send</name>
         <value>0x20009295</value>
         <object_component_ref idref="oc-1a3"/>
      </symbol>
      <symbol id="sm-e65">
         <name>_sl_HandleAsync_Connect</name>
         <value>0x2000b269</value>
         <object_component_ref idref="oc-7a4"/>
      </symbol>
      <symbol id="sm-e66">
         <name>sl_Htonl</name>
         <value>0x2000c289</value>
         <object_component_ref idref="oc-177"/>
      </symbol>
      <symbol id="sm-e67">
         <name>sl_Htons</name>
         <value>0x2000c481</value>
         <object_component_ref idref="oc-171"/>
      </symbol>
      <symbol id="sm-e68">
         <name>sl_Connect</name>
         <value>0x200087c9</value>
         <object_component_ref idref="oc-189"/>
      </symbol>
      <symbol id="sm-e69">
         <name>sl_Socket</name>
         <value>0x2000aeb9</value>
         <object_component_ref idref="oc-17d"/>
      </symbol>
      <symbol id="sm-e6a">
         <name>_sl_HandleAsync_Select</name>
         <value>0x2000bcf9</value>
         <object_component_ref idref="oc-7aa"/>
      </symbol>
      <symbol id="sm-e6b">
         <name>sl_Close</name>
         <value>0x2000b9cd</value>
         <object_component_ref idref="oc-1a9"/>
      </symbol>
      <symbol id="sm-e6c">
         <name>_sl_HandleAsync_Accept</name>
         <value>0x2000b7dd</value>
         <object_component_ref idref="oc-79e"/>
      </symbol>
      <symbol id="sm-e6d">
         <name>sl_SetSockOpt</name>
         <value>0x2000a87d</value>
         <object_component_ref idref="oc-183"/>
      </symbol>
      <symbol id="sm-f27">
         <name>sl_WlanDisconnect</name>
         <value>0x2000c531</value>
         <object_component_ref idref="oc-10f"/>
      </symbol>
      <symbol id="sm-f28">
         <name>sl_WlanPolicySet</name>
         <value>0x2000abf9</value>
         <object_component_ref idref="oc-103"/>
      </symbol>
      <symbol id="sm-f29">
         <name>sl_WlanProfileDel</name>
         <value>0x2000ba2d</value>
         <object_component_ref idref="oc-109"/>
      </symbol>
      <symbol id="sm-f2a">
         <name>sl_WlanRxFilterSet</name>
         <value>0x2000b161</value>
         <object_component_ref idref="oc-12d"/>
      </symbol>
      <symbol id="sm-f2b">
         <name>sl_WlanConnect</name>
         <value>0x200076c1</value>
         <object_component_ref idref="oc-14c"/>
      </symbol>
      <symbol id="sm-f2c">
         <name>sl_WlanSet</name>
         <value>0x2000a915</value>
         <object_component_ref idref="oc-11b"/>
      </symbol>
      <symbol id="sm-f2d">
         <name>sl_WlanSetMode</name>
         <value>0x2000ba8d</value>
         <object_component_ref idref="oc-f1"/>
      </symbol>
      <symbol id="sm-104d">
         <name>g_ucDinDout</name>
         <value>0x2001f168</value>
      </symbol>
      <symbol id="sm-104e">
         <name>g_cDummy</name>
         <value>0x2001f216</value>
      </symbol>
      <symbol id="sm-104f">
         <name>NwpMaskInterrupt</name>
         <value>0x2000cd99</value>
         <object_component_ref idref="oc-484"/>
      </symbol>
      <symbol id="sm-1050">
         <name>NwpPrePowerOffTimout0</name>
         <value>0x2000c979</value>
         <object_component_ref idref="oc-2a6"/>
      </symbol>
      <symbol id="sm-1051">
         <name>NwpRegisterInterruptHandler</name>
         <value>0x2000c38d</value>
         <object_component_ref idref="oc-25b"/>
      </symbol>
      <symbol id="sm-1052">
         <name>g_pHostIntHdl</name>
         <value>0x2001f2b4</value>
         <object_component_ref idref="oc-470"/>
      </symbol>
      <symbol id="sm-1053">
         <name>simplelink_timerA2_start</name>
         <value>0x2000c445</value>
         <object_component_ref idref="oc-70a"/>
      </symbol>
      <symbol id="sm-1054">
         <name>NwpUnMaskInterrupt</name>
         <value>0x2000cda5</value>
         <object_component_ref idref="oc-49e"/>
      </symbol>
      <symbol id="sm-1055">
         <name>NwpPowerOff</name>
         <value>0x2000c4f9</value>
         <object_component_ref idref="oc-255"/>
      </symbol>
      <symbol id="sm-1056">
         <name>TimerGetCurrentTimestamp</name>
         <value>0x2000c999</value>
         <object_component_ref idref="oc-6a7"/>
      </symbol>
      <symbol id="sm-1057">
         <name>spi_Read</name>
         <value>0x200097e9</value>
         <object_component_ref idref="oc-6c5"/>
      </symbol>
      <symbol id="sm-1058">
         <name>DmaSpiSwIntHandler</name>
         <value>0x2000c865</value>
         <object_component_ref idref="oc-476"/>
      </symbol>
      <symbol id="sm-1059">
         <name>NwpPowerOn</name>
         <value>0x2000c699</value>
         <object_component_ref idref="oc-261"/>
      </symbol>
      <symbol id="sm-105a">
         <name>spi_Close</name>
         <value>0x2000b465</value>
         <object_component_ref idref="oc-2ac"/>
      </symbol>
      <symbol id="sm-105b">
         <name>spi_Write</name>
         <value>0x2000a9ad</value>
         <object_component_ref idref="oc-64c"/>
      </symbol>
      <symbol id="sm-105c">
         <name>spi_Open</name>
         <value>0x20008d8d</value>
         <object_component_ref idref="oc-249"/>
      </symbol>
      <symbol id="sm-105d">
         <name>g_ucDMAEnabled</name>
         <value>0x2001f2b8</value>
         <object_component_ref idref="oc-470"/>
      </symbol>
      <symbol id="sm-105e">
         <name>g_SpiFd</name>
         <value>0x2001f2b0</value>
         <object_component_ref idref="oc-470"/>
      </symbol>
      <symbol id="sm-1119">
         <name>SPIFIFODisable</name>
         <value>0x2000cb65</value>
         <object_component_ref idref="oc-4fd"/>
      </symbol>
      <symbol id="sm-111a">
         <name>SPICSEnable</name>
         <value>0x2000cbe3</value>
         <object_component_ref idref="oc-6dc"/>
      </symbol>
      <symbol id="sm-111b">
         <name>SPIDisable</name>
         <value>0x2000cbfb</value>
         <object_component_ref idref="oc-42e"/>
      </symbol>
      <symbol id="sm-111c">
         <name>SPIFIFOEnable</name>
         <value>0x2000cb7f</value>
         <object_component_ref idref="oc-44c"/>
      </symbol>
      <symbol id="sm-111d">
         <name>SPIWordCountSet</name>
         <value>0x2000c917</value>
         <object_component_ref idref="oc-6e2"/>
      </symbol>
      <symbol id="sm-111e">
         <name>SPIEnable</name>
         <value>0x2000cc13</value>
         <object_component_ref idref="oc-46a"/>
      </symbol>
      <symbol id="sm-111f">
         <name>SPIDmaEnable</name>
         <value>0x2000cb4b</value>
         <object_component_ref idref="oc-452"/>
      </symbol>
      <symbol id="sm-1120">
         <name>SPIConfigSetExpClk</name>
         <value>0x2000a4d5</value>
         <object_component_ref idref="oc-43a"/>
      </symbol>
      <symbol id="sm-1121">
         <name>SPIIntUnregister</name>
         <value>0x2000cb99</value>
         <object_component_ref idref="oc-4f7"/>
      </symbol>
      <symbol id="sm-1122">
         <name>SPIFIFOLevelSet</name>
         <value>0x2000c5d5</value>
         <object_component_ref idref="oc-458"/>
      </symbol>
      <symbol id="sm-1123">
         <name>SPIDmaDisable</name>
         <value>0x2000cb31</value>
         <object_component_ref idref="oc-503"/>
      </symbol>
      <symbol id="sm-1124">
         <name>SPIReset</name>
         <value>0x2000c8f5</value>
         <object_component_ref idref="oc-434"/>
      </symbol>
      <symbol id="sm-1125">
         <name>SPIIntEnable</name>
         <value>0x2000be45</value>
         <object_component_ref idref="oc-464"/>
      </symbol>
      <symbol id="sm-1126">
         <name>SPIIntClear</name>
         <value>0x2000c0a1</value>
         <object_component_ref idref="oc-625"/>
      </symbol>
      <symbol id="sm-1127">
         <name>SPICSDisable</name>
         <value>0x2000cbcb</value>
         <object_component_ref idref="oc-428"/>
      </symbol>
      <symbol id="sm-115a">
         <name>TimerLoadSet</name>
         <value>0x2000c749</value>
         <object_component_ref idref="oc-760"/>
      </symbol>
      <symbol id="sm-115b">
         <name>TimerEnable</name>
         <value>0x2000ca17</value>
         <object_component_ref idref="oc-766"/>
      </symbol>
      <symbol id="sm-115c">
         <name>TimerValueGet</name>
         <value>0x2000ca71</value>
         <object_component_ref idref="oc-710"/>
      </symbol>
      <symbol id="sm-115d">
         <name>TimerPrescaleSet</name>
         <value>0x2000c773</value>
         <object_component_ref idref="oc-75a"/>
      </symbol>
      <symbol id="sm-115e">
         <name>TimerConfigure</name>
         <value>0x2000c1bd</value>
         <object_component_ref idref="oc-754"/>
      </symbol>
      <symbol id="sm-11b5">
         <name>uDMAChannelControlSet</name>
         <value>0x2000c4bd</value>
         <object_component_ref idref="oc-7b8"/>
      </symbol>
      <symbol id="sm-11b6">
         <name>uDMAChannelAttributeEnable</name>
         <value>0x2000b909</value>
         <object_component_ref idref="oc-7be"/>
      </symbol>
      <symbol id="sm-11b7">
         <name>uDMAChannelTransferSet</name>
         <value>0x200098d9</value>
         <object_component_ref idref="oc-7c4"/>
      </symbol>
      <symbol id="sm-11b8">
         <name>uDMAChannelAssign</name>
         <value>0x2000c00d</value>
         <object_component_ref idref="oc-603"/>
      </symbol>
      <symbol id="sm-11b9">
         <name>uDMAChannelAttributeDisable</name>
         <value>0x2000b8a5</value>
         <object_component_ref idref="oc-609"/>
      </symbol>
      <symbol id="sm-11ba">
         <name>uDMAChannelEnable</name>
         <value>0x2000cae1</value>
         <object_component_ref idref="oc-7ca"/>
      </symbol>
      <symbol id="sm-11bb">
         <name>__TI_static_base__</name>
         <value>0x2000d418</value>
      </symbol>
      <symbol id="sm-11be">
         <name>SHT$$INIT_ARRAY$$Limit</name>
         <value>0x0</value>
      </symbol>
      <symbol id="sm-11bf">
         <name>SHT$$INIT_ARRAY$$Base</name>
         <value>0x0</value>
      </symbol>
   </symbol_table>
   <title>Link successful</title>
</link_info>
